Vercel CLI 59.10.0 (Node.js 22.22.1)
Deploying homecheff-motion
Uploading [--------------------] (0.0B/43.5MB)
Uploading [=====---------------] (10.9MB/43.5MB)
Uploading [==========----------] (21.8MB/43.5MB)
Uploading [===============-----] (32.7MB/43.5MB)
Uploading [====================] (43.5MB/43.5MB)
  Inspect         https://vercel.com/sergio-s-projects-f7b64ee1/homecheff-motion/EUGKD7KGBGHEPd2k8xNd4xH4f9Ah
  Production      https://homecheff-motion-p7a8q7wvv-sergio-s-projects-f7b64ee1.vercel.app
Building…
Building…
Running build in Washington, D.C., USA (East) – iad1
Build machine configuration: 4 cores, 8 GB
Retrieving list of deployment files...
Downloading 8670 deployment files...
Restored build cache from previous deployment (H2BEnvsopakhgwzBVbjzFqXuhAVD)
Running "vercel build"
Vercel CLI 59.3.0
Installing dependencies...
> frameflow-ai@0.1.0 postinstall
> prisma generate
Environment variables loaded from .env
Prisma schema loaded from prisma/schema.prisma
✔ Generated Prisma Client (v6.18.0) to ./node_modules/@prisma/client in 608ms
Start by importing your Prisma Client (See: https://pris.ly/d/importing-client)
Tip: Interested in query caching in just a few lines of code? Try Accelerate today! https://pris.ly/tip-3-accelerate
up to date in 4s
177 packages are looking for funding
run `npm fund` for details
npm warn allow-scripts 8 packages have install scripts not yet covered by allowScripts:
npm warn allow-scripts   @prisma/client@6.18.0 (postinstall: node scripts/postinstall.js)
npm warn allow-scripts   @prisma/engines@6.18.0 (postinstall: node scripts/postinstall.js)
npm warn allow-scripts   esbuild@0.28.2 (postinstall: node install.js)
npm warn allow-scripts   ffmpeg-static@5.3.0 (install: node install.js)
npm warn allow-scripts   onnxruntime-node@1.26.0 (postinstall: node ./script/install)
npm warn allow-scripts   prisma@6.18.0 (preinstall: node scripts/preinstall-entry.js)
npm warn allow-scripts   sharp@0.34.5 (install: node install/check.js || npm run build)
npm warn allow-scripts   unrs-resolver@1.11.1 (postinstall: napi-postinstall unrs-resolver 1.11.1 check)
npm warn allow-scripts
npm warn allow-scripts Run `npm approve-scripts --allow-scripts-pending` to review, or `npm approve-scripts <pkg>` to allow.
Detected Next.js version: 16.2.4
Running "npm run build"
> frameflow-ai@0.1.0 build
> npm run check:no-ffmpeg-static-in-app && next build
> frameflow-ai@0.1.0 check:no-ffmpeg-static-in-app
> npx tsx scripts/check-no-ffmpeg-static-in-app.ts
[check:no-ffmpeg-static-in-app] ok
Applying modifyConfig from Vercel
▲ Next.js 16.2.4 (Turbopack)
- Environments: .env
⚠ The "middleware" file convention is deprecated. Please use "proxy" instead. Learn more: https://nextjs.org/docs/messages/middleware-to-proxy
Creating an optimized production build ...
Turbopack build encountered 6 warnings:
./src/server/animation-export/local-vision/vision-model-paths.ts:28:10
The file pattern (<dynamic> '/' <dynamic> | '/ROOT/models/mediapipe/' <dynamic> | <dynamic> | '/ROOT/models/mediapipe' <dynamic>) matches 11317 files in [project]/
26 |
27 | export function resolveMediaPipeModelPath(filename: MediaPipeModelFile): string {
> 28 |   return path.join(resolveMediaPipeModelDir(), filename);
|          ^^^^^^^^^^^^^^^^^^^^^^^^^^^^^^^^^^^^^^^^^^^^^^^
29 | }
30 |
31 | export function resolveMediaPipeWasmDir(): string {
Overly broad patterns can lead to build performance issues and over bundling.
Import traces:
#1 [Instrumentation]:
./src/server/animation-export/local-vision/vision-model-paths.ts
./src/server/animation-export/local-vision/vision-setup-validation.ts
./instrumentation.ts
#2 [App Route]:
./src/server/animation-export/local-vision/vision-model-paths.ts
./src/server/instant-premium/merge-instant-project.ts
./src/server/instant-premium/start-instant-video-repair.ts
./src/app/api/instant-premium/projects/[id]/repair-final-video/route.ts
#3 [App Route]:
./src/server/animation-export/local-vision/vision-model-paths.ts
./src/server/animation-export/local-vision/vision-setup-validation.ts
./src/server/admin/vision-health-dashboard.ts
./src/app/api/admin/video/vision-health/route.ts
./src/server/animation-export/local-vision/object-detector-model-paths.ts:118:12
The file pattern (<dynamic> '/' <dynamic> | '/ROOT/models/object-detector/' <dynamic> | <dynamic> | '/ROOT/models/object-detector' <dynamic>) matches 11313 files in [project]/
116 |   const metadata = await readObjectDetectorMetadata();
117 |   if (metadata?.modelFile) {
> 118 |     return path.join(resolveObjectDetectorModelDir(), metadata.modelFile);
|            ^^^^^^^^^^^^^^^^^^^^^^^^^^^^^^^^^^^^^^^^^^^^^^^^^^^^^^^^^^^^^^
119 |   }
120 |
121 |   const kind = resolveObjectDetectorKind();
Overly broad patterns can lead to build performance issues and over bundling.
Import traces:
#1 [App Route]:
./src/server/animation-export/local-vision/object-detector-model-paths.ts
./src/app/api/admin/video/overlay-engine-status/route.ts
#2 [Instrumentation]:
./src/server/animation-export/local-vision/object-detector-model-paths.ts
./src/server/animation-export/local-vision/vision-setup-validation.ts
./instrumentation.ts
#3 [App Route]:
./src/server/animation-export/local-vision/object-detector-model-paths.ts
./src/server/instant-premium/merge-instant-project.ts
./src/server/instant-premium/start-instant-video-repair.ts
./src/app/api/instant-premium/projects/[id]/repair-final-video/route.ts
./src/server/animation-export/local-vision/object-detector-model-paths.ts:124:10
The file pattern (<dynamic> '/' <dynamic> | '/ROOT/models/object-detector/' <dynamic> | <dynamic> | '/ROOT/models/object-detector' <dynamic>) matches 11313 files in [project]/
122 |   const defaultFile =
123 |     kind === "mobilenet-ssd" ? MOBILENET_SSD_MODEL_FILENAME : RTDETR_MODEL_FILENAME;
> 124 |   return path.join(resolveObjectDetectorModelDir(), defaultFile);
|          ^^^^^^^^^^^^^^^^^^^^^^^^^^^^^^^^^^^^^^^^^^^^^^^^^^^^^^^
125 | }
126 |
127 | export function resolveObjectDetectorModelPathSync(
Overly broad patterns can lead to build performance issues and over bundling.
Import traces:
#1 [App Route]:
./src/server/animation-export/local-vision/object-detector-model-paths.ts
./src/app/api/admin/video/overlay-engine-status/route.ts
#2 [Instrumentation]:
./src/server/animation-export/local-vision/object-detector-model-paths.ts
./src/server/animation-export/local-vision/vision-setup-validation.ts
./instrumentation.ts
#3 [App Route]:
./src/server/animation-export/local-vision/object-detector-model-paths.ts
./src/server/instant-premium/merge-instant-project.ts
./src/server/instant-premium/start-instant-video-repair.ts
./src/app/api/instant-premium/projects/[id]/repair-final-video/route.ts
./src/server/animation-export/local-vision/object-detector-model-paths.ts:136:12
The file pattern (<dynamic> '/' <dynamic> | '/ROOT/models/object-detector/' <dynamic> | <dynamic> | '/ROOT/models/object-detector' <dynamic>) matches 11313 files in [project]/
134 |
135 |   if (metadata?.modelFile) {
> 136 |     return path.join(resolveObjectDetectorModelDir(), metadata.modelFile);
|            ^^^^^^^^^^^^^^^^^^^^^^^^^^^^^^^^^^^^^^^^^^^^^^^^^^^^^^^^^^^^^^
137 |   }
138 |
139 |   const kind = resolveObjectDetectorKind();
Overly broad patterns can lead to build performance issues and over bundling.
Import traces:
#1 [App Route]:
./src/server/animation-export/local-vision/object-detector-model-paths.ts
./src/app/api/admin/video/overlay-engine-status/route.ts
#2 [Instrumentation]:
./src/server/animation-export/local-vision/object-detector-model-paths.ts
./src/server/animation-export/local-vision/vision-setup-validation.ts
./instrumentation.ts
#3 [App Route]:
./src/server/animation-export/local-vision/object-detector-model-paths.ts
./src/server/instant-premium/merge-instant-project.ts
./src/server/instant-premium/start-instant-video-repair.ts
./src/app/api/instant-premium/projects/[id]/repair-final-video/route.ts
./src/server/animation-export/local-vision/object-detector-model-paths.ts:142:10
The file pattern (<dynamic> '/' <dynamic> | '/ROOT/models/object-detector/' <dynamic> | <dynamic> | '/ROOT/models/object-detector' <dynamic>) matches 11313 files in [project]/
140 |   const defaultFile =
141 |     kind === "mobilenet-ssd" ? MOBILENET_SSD_MODEL_FILENAME : RTDETR_MODEL_FILENAME;
> 142 |   return path.join(resolveObjectDetectorModelDir(), defaultFile);
|          ^^^^^^^^^^^^^^^^^^^^^^^^^^^^^^^^^^^^^^^^^^^^^^^^^^^^^^^
143 | }
144 |
145 | export function getObjectDetectorDownloadSpec(
Overly broad patterns can lead to build performance issues and over bundling.
Import traces:
#1 [App Route]:
./src/server/animation-export/local-vision/object-detector-model-paths.ts
./src/app/api/admin/video/overlay-engine-status/route.ts
#2 [Instrumentation]:
./src/server/animation-export/local-vision/object-detector-model-paths.ts
./src/server/animation-export/local-vision/vision-setup-validation.ts
./instrumentation.ts
#3 [App Route]:
./src/server/animation-export/local-vision/object-detector-model-paths.ts
./src/server/instant-premium/merge-instant-project.ts
./src/server/instant-premium/start-instant-video-repair.ts
./src/app/api/instant-premium/projects/[id]/repair-final-video/route.ts
./next.config.ts
Encountered unexpected file in NFT list
A file was traced that indicates that the whole project was traced unintentionally. Somewhere in the import trace below, there are:
- filesystem operations (like path.join, path.resolve or fs.readFile), or
- very dynamic requires (like require('./' + foo)).
To resolve this, you can
- remove them if possible, or
- only use them in development, or
- make sure they are statically scoped to some subfolder: path.join(process.cwd(), 'data', bar), or
- add ignore comments: path.join(/*turbopackIgnore: true*/ process.cwd(), bar)
Import trace:
App Route:
./next.config.ts
./src/lib/free-music/resolve-asset.ts
./src/app/api/studio/free-music/asset/[trackId]/route.ts
✓ Compiled successfully in 46s
Running TypeScript ...
Finished TypeScript in 65s ...
Collecting page data using 3 workers ...
Generating static pages using 3 workers (0/519) ...
Generating static pages using 3 workers (129/519)
Generating static pages using 3 workers (259/519)
Generating static pages using 3 workers (389/519)
✓ Generating static pages using 3 workers (519/519) in 3.8s
Finalizing page optimization ...
Running onBuildComplete from Vercel
Detected .env file, it is strongly recommended to use Vercel's env handling instead
Route (app)
┌ ƒ /
├ ○ /_not-found
├ ○ /about
├ ƒ /account
├ ƒ /account/billing
├ ƒ /account/claim/confirm
├ ƒ /account/credits
├ ƒ /account/settings
├ ƒ /account/usage
├ ƒ /account/wallet
├ ƒ /admin
├ ƒ /admin/ai-lab/replicate
├ ƒ /admin/billing
├ ƒ /admin/billing/analytics
├ ƒ /admin/billing/auto-topup
├ ƒ /admin/billing/campaigns
├ ƒ /admin/billing/credit-packs
├ ƒ /admin/billing/generation-jobs
├ ƒ /admin/billing/pricing
├ ƒ /admin/billing/promo-codes
├ ƒ /admin/billing/promotions
├ ƒ /admin/billing/reconciliation
├ ƒ /admin/billing/stripe
├ ƒ /admin/billing/subscriptions
├ ƒ /admin/examples
├ ƒ /admin/invites
├ ƒ /admin/render-analytics
├ ƒ /admin/render-analytics/export
├ ƒ /admin/studio-finance
├ ƒ /admin/users
├ ○ /alternatives
├ ● /alternatives/[slug]
│ ├ /alternatives/photoshop
│ ├ /alternatives/canva
│ ├ /alternatives/capcut
│ └ [+32 more paths]
├ ○ /animate
├ ƒ /animate/[id]
├ ○ /animate/instant
├ ○ /animate/instant/import
├ ○ /animate/instant/progress
├ ○ /animate/instant/success
├ ƒ /api/account/claim-central
├ ƒ /api/admin/ai-lab/replicate/run
├ ƒ /api/admin/ai-lab/replicate/status
├ ƒ /api/admin/billing
├ ƒ /api/admin/billing/analytics
├ ƒ /api/admin/billing/auto-topup
├ ƒ /api/admin/billing/campaigns
├ ƒ /api/admin/billing/credit-packs
├ ƒ /api/admin/billing/generation-jobs
├ ƒ /api/admin/billing/pricing
├ ƒ /api/admin/billing/pricing/[actionType]
├ ƒ /api/admin/billing/pricing/sync-defaults
├ ƒ /api/admin/billing/promo-codes
├ ƒ /api/admin/billing/promotions
├ ƒ /api/admin/billing/reconciliation
├ ƒ /api/admin/billing/stripe
├ ƒ /api/admin/billing/subscriptions
├ ƒ /api/admin/billing/users
├ ƒ /api/admin/billing/users/[userId]
├ ƒ /api/admin/editor/character-consistency-audit
├ ƒ /api/admin/editor/fusion-intelligence-audit
├ ƒ /api/admin/editor/vision-metrics
├ ƒ /api/admin/free-music/registry
├ ƒ /api/admin/instant-premium/brand-qa-analytics
├ ƒ /api/admin/instant-premium/brand-qa-diagnostics
├ ƒ /api/admin/instant-premium/motion-lock-metrics
├ ƒ /api/admin/instant-premium/projects/[id]/assembly-diagnostics
├ ƒ /api/admin/instant-premium/projects/[id]/playback-debug
├ ƒ /api/admin/instant-premium/projects/[id]/segments
├ ƒ /api/admin/invites
├ ƒ /api/admin/invites/[id]/revoke
├ ƒ /api/admin/render-analytics
├ ƒ /api/admin/render-analytics/export
├ ƒ /api/admin/runtime/video-tools
├ ƒ /api/admin/showcase-items
├ ƒ /api/admin/showcase-items/[id]
├ ƒ /api/admin/showcase-items/upload
├ ƒ /api/admin/studio-finance
├ ƒ /api/admin/studio/library-consistency/audit
├ ƒ /api/admin/studio/library-consistency/repair
├ ƒ /api/admin/studio/voice-library-audit
├ ƒ /api/admin/users
├ ƒ /api/admin/users/[id]
├ ƒ /api/admin/video/credits
├ ƒ /api/admin/video/ocr-health
├ ƒ /api/admin/video/overlay-engine-status
├ ƒ /api/admin/video/storage-audit
├ ƒ /api/admin/video/storage-cleanup-dry-run
├ ƒ /api/admin/video/vision-health
├ ƒ /api/animations/projects
├ ƒ /api/animations/projects/[id]
├ ƒ /api/animations/projects/[id]/cancel
├ ƒ /api/animations/projects/[id]/download
├ ƒ /api/animations/projects/[id]/export/callback
├ ƒ /api/animations/projects/[id]/export/cancel
├ ƒ /api/animations/projects/[id]/export/poll
├ ƒ /api/animations/projects/[id]/export/retry
├ ƒ /api/animations/projects/[id]/export/start
├ ƒ /api/animations/projects/[id]/jobs/poll
├ ƒ /api/animations/projects/[id]/jobs/start
├ ƒ /api/animations/projects/[id]/refresh-provider-status
├ ƒ /api/animations/projects/[id]/repair-status
├ ƒ /api/animations/projects/[id]/retry
├ ƒ /api/animations/projects/[id]/status
├ ƒ /api/animations/projects/[id]/storage-audit
├ ƒ /api/animations/projects/[id]/version-note
├ ƒ /api/animations/projects/sync-active
├ ƒ /api/animations/usage
├ ƒ /api/assistant/execute/plan
├ ƒ /api/assistant/execute/step
├ ƒ /api/assistant/interpret
├ ƒ /api/auth/login
├ ƒ /api/auth/logout
├ ƒ /api/auth/session
├ ƒ /api/auth/signup
├ ƒ /api/billing/catalog
├ ƒ /api/billing/pricing-catalog
├ ƒ /api/editor/detect
├ ƒ /api/editor/edit/remove
├ ƒ /api/editor/edit/replace
├ ƒ /api/editor/export/motion-ready
├ ƒ /api/editor/export/print
├ ƒ /api/editor/export/production
├ ƒ /api/editor/export/quick-motion
├ ƒ /api/editor/fusion/render
├ ƒ /api/editor/instruction/variant
├ ƒ /api/editor/instruction/variant/bulk
├ ƒ /api/editor/projects
├ ƒ /api/editor/projects/[id]
├ ƒ /api/editor/projects/[id]/fork
├ ƒ /api/editor/save
├ ƒ /api/editor/segment
├ ƒ /api/editor/segment/click
├ ƒ /api/editor/segment/click/start
├ ƒ /api/editor/segment/click/status
├ ƒ /api/editor/segment/prompt
├ ƒ /api/editor/segment/status
├ ƒ /api/editor/vision/parts
├ ƒ /api/editor/vision/premium-credits
├ ƒ /api/editor/vision/style-dna
├ ƒ /api/health/video
├ ƒ /api/instant-premium/checkout
├ ƒ /api/instant-premium/complete
├ ƒ /api/instant-premium/create-and-generate
├ ƒ /api/instant-premium/images/[imageId]/detect-text
├ ƒ /api/instant-premium/mode
├ ƒ /api/instant-premium/preflight
├ ƒ /api/instant-premium/preview-text-mask
├ ƒ /api/instant-premium/projects/[id]/audio-export
├ ƒ /api/instant-premium/projects/[id]/copy-as-draft
├ ƒ /api/instant-premium/projects/[id]/full-rerender
├ ƒ /api/instant-premium/projects/[id]/full-rerender-draft
├ ƒ /api/instant-premium/projects/[id]/language-exports
├ ƒ /api/instant-premium/projects/[id]/merge/retry
├ ƒ /api/instant-premium/projects/[id]/rebuild-final-video
├ ƒ /api/instant-premium/projects/[id]/recover
├ ƒ /api/instant-premium/projects/[id]/refresh-studio-intelligence
├ ƒ /api/instant-premium/projects/[id]/render-versions
├ ƒ /api/instant-premium/projects/[id]/render-versions/[versionId]/restore
├ ƒ /api/instant-premium/projects/[id]/repair-final-video
├ ƒ /api/instant-premium/projects/[id]/retry-overlay
├ ƒ /api/instant-premium/projects/[id]/segments/[order]/retry
├ ƒ /api/instant-premium/projects/[id]/segments/start
├ ƒ /api/instant-premium/projects/[id]/status
├ ƒ /api/instant-premium/projects/[id]/studio-intelligence-stale
├ ƒ /api/instant-premium/projects/[id]/studio-sync-preview
├ ƒ /api/instant-premium/projects/[id]/sync-from-studio
├ ƒ /api/instant-premium/validate-render
├ ƒ /api/me/account
├ ƒ /api/me/billing/portal
├ ƒ /api/me/billing/promo/validate
├ ƒ /api/me/hc-wallet
├ ƒ /api/me/onboarding
├ ƒ /api/me/studio-account
├ ƒ /api/me/studio-credits/auto-topup
├ ƒ /api/me/studio-credits/checkout
├ ƒ /api/me/studio-credits/preview
├ ƒ /api/me/studio-insights
├ ƒ /api/me/usage
├ ƒ /api/meta/build
├ ƒ /api/photo-video/export-handoff
├ ƒ /api/photo-video/export-upload
├ ƒ /api/photo-video/item-handoff
├ ƒ /api/projects/hc/[id]
├ ƒ /api/projects/hc/[id]/validate
├ ƒ /api/projects/hc/export
├ ƒ /api/projects/hc/import
├ ƒ /api/publish/export
├ ƒ /api/showcase-items
├ ƒ /api/stripe/webhook
├ ƒ /api/studio/asset-derivation/accept
├ ƒ /api/studio/asset-derivation/analyze
├ ƒ /api/studio/asset-derivation/sources
├ ƒ /api/studio/asset-library/download
├ ƒ /api/studio/asset-library/preferences
├ ƒ /api/studio/asset-library/uploads
├ ƒ /api/studio/asset-references/generate
├ ƒ /api/studio/asset-references/history
├ ƒ /api/studio/asset-usage
├ ƒ /api/studio/assets/hub-counts
├ ƒ /api/studio/assets/remove
├ ƒ /api/studio/assets/usage
├ ƒ /api/studio/audio-library
├ ƒ /api/studio/audio-library/generate-music
├ ƒ /api/studio/audio-library/generate-sfx
├ ƒ /api/studio/audio-library/upload
├ ƒ /api/studio/characters
├ ƒ /api/studio/characters/[id]
├ ƒ /api/studio/characters/[id]/voice-clone
├ ƒ /api/studio/characters/[id]/voice-history
├ ƒ /api/studio/characters/[id]/voice-preview
├ ƒ /api/studio/characters/[id]/voice-reference
├ ƒ /api/studio/characters/analyze-reference-images
├ ƒ /api/studio/characters/voice-preview-draft
├ ƒ /api/studio/creative-projects
├ ƒ /api/studio/creative-projects/[projectId]
├ ƒ /api/studio/free-music/asset/[trackId]
├ ƒ /api/studio/free-music/catalog
├ ƒ /api/studio/generation-jobs
├ ƒ /api/studio/generation-jobs/[jobId]
├ ƒ /api/studio/generation-jobs/[jobId]/cancel
├ ƒ /api/studio/generation-jobs/[jobId]/recover
├ ƒ /api/studio/library-consistency/query
├ ƒ /api/studio/library-consistency/recent
├ ƒ /api/studio/library-consistency/register
├ ƒ /api/studio/library/assets
├ ƒ /api/studio/library/assets/[assetId]
├ ƒ /api/studio/library/assets/[assetId]/delete
├ ƒ /api/studio/library/assets/[assetId]/usage
├ ƒ /api/studio/library/assets/[assetId]/versions
├ ƒ /api/studio/library/brand-kits
├ ƒ /api/studio/library/collections
├ ƒ /api/studio/library/favorites
├ ƒ /api/studio/library/prompt-presets
├ ƒ /api/studio/library/relations
├ ƒ /api/studio/library/search
├ ƒ /api/studio/library/sync
├ ƒ /api/studio/locations
├ ƒ /api/studio/locations/[id]
├ ƒ /api/studio/orchestrator/analyze-audio
├ ƒ /api/studio/orchestrator/bootstrap
├ ƒ /api/studio/orchestrator/execute
├ ƒ /api/studio/orchestrator/plan
├ ƒ /api/studio/orchestrator/render-batch
├ ƒ /api/studio/orchestrator/reserve
├ ƒ /api/studio/orchestrator/run
├ ƒ /api/studio/orchestrator/settle
├ ƒ /api/studio/orchestrator/upload-asset
├ ƒ /api/studio/preset-materialize
├ ƒ /api/studio/production/provider-status
├ ƒ /api/studio/project-memory
├ ƒ /api/studio/projects
├ ƒ /api/studio/props
├ ƒ /api/studio/props/[id]
├ ƒ /api/studio/source-context
├ ƒ /api/studio/storyboards
├ ƒ /api/studio/storyboards/[id]
├ ƒ /api/studio/storyboards/[id]/analyze-character-consistency
├ ƒ /api/studio/storyboards/[id]/analyze-consistency
├ ƒ /api/studio/storyboards/[id]/analyze-vision
├ ƒ /api/studio/storyboards/[id]/audio-assets
├ ƒ /api/studio/storyboards/[id]/audio-upload
├ ƒ /api/studio/storyboards/[id]/bulk-improve-scenes
├ ƒ /api/studio/storyboards/[id]/generate-corrections
├ ƒ /api/studio/storyboards/[id]/generate-scene-images
├ ƒ /api/studio/storyboards/[id]/handoff
├ ƒ /api/studio/storyboards/[id]/jobs
├ ƒ /api/studio/storyboards/[id]/jobs/[jobId]
├ ƒ /api/studio/storyboards/[id]/jobs/[jobId]/cancel
├ ƒ /api/studio/storyboards/[id]/motion-projects
├ ƒ /api/studio/storyboards/[id]/relationships
├ ƒ /api/studio/storyboards/[id]/review-improvements
├ ƒ /api/studio/storyboards/[id]/scenes
├ ƒ /api/studio/storyboards/[id]/scenes/[sceneId]
├ ƒ /api/studio/storyboards/[id]/scenes/[sceneId]/corrections-preview
├ ƒ /api/studio/storyboards/[id]/scenes/[sceneId]/duplicate
├ ƒ /api/studio/storyboards/[id]/scenes/[sceneId]/images
├ ƒ /api/studio/storyboards/[id]/scenes/[sceneId]/images/[imageId]
├ ƒ /api/studio/storyboards/[id]/scenes/[sceneId]/images/[imageId]/analyze-consistency
├ ƒ /api/studio/storyboards/[id]/scenes/[sceneId]/images/[imageId]/analyze-vision
├ ƒ /api/studio/storyboards/[id]/scenes/[sceneId]/images/[imageId]/regenerate-with-corrections
├ ƒ /api/studio/storyboards/[id]/scenes/[sceneId]/images/[imageId]/select
├ ƒ /api/studio/storyboards/[id]/scenes/[sceneId]/improve-image
├ ƒ /api/studio/storyboards/[id]/scenes/reorder
├ ƒ /api/studio/storyboards/[id]/subtitles
├ ƒ /api/studio/storyboards/[id]/subtitles/transcribe
├ ƒ /api/studio/storyboards/[id]/voice
├ ƒ /api/studio/storyboards/[id]/workspace-state
├ ƒ /api/studio/user-voice-library
├ ƒ /api/studio/voice-clones
├ ƒ /api/studio/voice-clones/[cloneId]
├ ƒ /api/studio/voice-library
├ ƒ /api/studio/worlds
├ ƒ /api/studio/worlds/[id]
├ ƒ /api/test-blob
├ ƒ /api/uploads/images
├ ƒ /apple-touch-icon.png
├ ƒ /auth/sso/callback
├ ƒ /auth/sso/error
├ ƒ /auth/sso/silent
├ ƒ /auth/sso/start
├ ○ /cookies
├ ○ /create
├ ○ /discover
├ ƒ /discover/items/[id]/video
├ ○ /editor
├ ○ /editor/examples
├ ○ /editor/fuse
├ ○ /editor/start
├ ○ /editor/transform
├ ○ /faq
├ ○ /guides
├ ● /guides/[slug]
│ ├ /guides/breng-je-tekeningen-tot-leven
│ ├ /guides/van-schets-naar-animatie
│ ├ /guides/van-verhaal-naar-video
│ └ [+138 more paths]
├ ○ /help
├ ƒ /help/[slug]
├ ○ /hoe-het-werkt
├ ○ /hoe-werkt-studio
├ ○ /industries
├ ● /industries/[slug]
│ ├ /industries/food
│ ├ /industries/fashion
│ ├ /industries/beauty
│ └ [+17 more paths]
├ ○ /library
├ ○ /library/start
├ ○ /locations
├ ● /locations/[slug]
│ ├ /locations/rotterdam
│ ├ /locations/amsterdam
│ ├ /locations/den-haag
│ └ [+17 more paths]
├ ƒ /login
├ ○ /maak
├ ƒ /mijn-verbruik
├ ○ /motion
├ ○ /motion/examples
├ ƒ /motion/start
├ ○ /pricing
├ ○ /privacy
├ ○ /projects
├ ○ /projects/packages
├ ○ /publish
├ ○ /publish/examples
├ ○ /publish/start
├ ○ /robots.txt
├ ƒ /signup
├ ○ /sitemap.xml
├ ○ /studio
├ ○ /studio/account
├ ○ /studio/advanced
├ ○ /studio/assets
├ ƒ /studio/assets/[group]/[subsection]
├ ƒ /studio/assets/browse
├ ○ /studio/characters
├ ƒ /studio/characters/[id]
├ ƒ /studio/characters/[id]/edit
├ ○ /studio/characters/from-reference
├ ○ /studio/characters/motion-ready
├ ○ /studio/characters/new
├ ○ /studio/characters/prepare
├ ○ /studio/examples
├ ○ /studio/experience
├ ƒ /studio/from/homecheff/[type]/[id]
├ ƒ /studio/from/homecheff/[type]/[id]/quick-video
├ ○ /studio/locations
├ ƒ /studio/locations/[id]
├ ƒ /studio/locations/[id]/edit
├ ○ /studio/locations/new
├ ○ /studio/my-studio
├ ƒ /studio/photo-video
├ ƒ /studio/photo-video/from-item
├ ○ /studio/production
├ ○ /studio/props
├ ƒ /studio/props/[id]
├ ƒ /studio/props/[id]/edit
├ ○ /studio/props/new
├ ○ /studio/providers
├ ○ /studio/start
├ ○ /studio/storyboards
├ ƒ /studio/storyboards/[id]
├ ƒ /studio/storyboards/[id]/classic
├ ƒ /studio/storyboards/[id]/edit
├ ƒ /studio/storyboards/[id]/movie-builder
├ ƒ /studio/storyboards/[id]/production
├ ○ /studio/storyboards/new
├ ○ /studio/workspace
├ ○ /studio/worlds
├ ƒ /studio/worlds/[id]
├ ƒ /studio/worlds/[id]/edit
├ ○ /studio/worlds/new
├ ○ /terms
├ ○ /usage
├ ○ /usage/start
├ ○ /use-cases
├ ● /use-cases/[slug]
│ ├ /use-cases/for-schools
│ ├ /use-cases/for-universities
│ ├ /use-cases/for-museums
│ └ [+17 more paths]
├ ○ /videos
├ ƒ /videos/[id]
├ ƒ /videos/[id]/edit-version
├ ƒ /videos/[id]/versions
├ ○ /welcome
├ ○ /workflows
└ ● /workflows/[slug]
├ /workflows/artist
├ /workflows/filmmaker
├ /workflows/writer
└ [+39 more paths]
ƒ Proxy (Middleware)
○  (Static)   prerendered as static content
●  (SSG)      prerendered as static HTML (uses generateStaticParams)
ƒ  (Dynamic)  server-rendered on demand
Build Completed in /vercel/output [2m]
Deploying outputs...
{
  "status": "error",
  "reason": "deploy_failed",
  "message": "",
  "next": [
    {
      "command": "vercel deploy",
      "when": "retry deploy"
    }
  ]
}
Error: Unexpected error. Please try again later. ()
