WAITING_FOR_PORTRAIT current {
  w: 800,
  h: 301,
  mmLandscape: true,
  so: 'landscape-primary',
  orient: 'landscape'
}
landscape 800x301 landscape-primary
landscape 800x301 landscape-primary
landscape 800x301 landscape-primary
landscape 800x301 landscape-primary
landscape 800x301 landscape-primary
landscape 800x301 landscape-primary
landscape 800x301 landscape-primary
landscape 800x301 landscape-primary
landscape 800x301 landscape-primary
landscape 800x301 landscape-primary
landscape 800x301 landscape-primary
landscape 800x301 landscape-primary
landscape 800x301 landscape-primary
landscape 800x301 landscape-primary
landscape 800x301 landscape-primary
landscape 800x301 landscape-primary
landscape 800x301 landscape-primary
landscape 800x301 landscape-primary
landscape 800x301 landscape-primary
landscape 800x301 landscape-primary
landscape 800x301 landscape-primary
landscape 800x301 landscape-primary
landscape 800x301 landscape-primary
landscape 800x301 landscape-primary
landscape 800x301 landscape-primary
landscape 800x301 landscape-primary
landscape 800x301 landscape-primary
landscape 800x301 landscape-primary
landscape 800x301 landscape-primary
landscape 800x301 landscape-primary
landscape 800x301 landscape-primary
landscape 800x301 landscape-primary
landscape 800x301 landscape-primary
landscape 800x301 landscape-primary
landscape 800x301 landscape-primary
landscape 800x301 landscape-primary
landscape 800x301 landscape-primary
landscape 800x301 landscape-primary
landscape 800x301 landscape-primary
landscape 800x301 landscape-primary
landscape 800x301 landscape-primary
landscape 800x301 landscape-primary
landscape 800x301 landscape-primary
landscape 800x301 landscape-primary
landscape 800x301 landscape-primary
landscape 800x301 landscape-primary
landscape 800x301 landscape-primary
landscape 800x301 landscape-primary
landscape 800x301 landscape-primary
landscape 800x301 landscape-primary
landscape 800x301 landscape-primary
landscape 800x301 landscape-primary
landscape 800x301 landscape-primary
landscape 800x301 landscape-primary
landscape 800x301 landscape-primary
landscape 800x301 landscape-primary
landscape 800x301 landscape-primary
landscape 800x301 landscape-primary
landscape 800x301 landscape-primary
landscape 800x301 landscape-primary
{
  "classification": "FAILED",
  "recoveryPass": false,
  "failed": [
    "orientation_recovery"
  ],
  "port": {
    "w": 800,
    "h": 301,
    "mmLandscape": true,
    "so": "landscape-primary",
    "orient": "landscape"
  },
  "afrondenOk": true,
  "scrollOk": true
}
