current=portrait 414×750 vv=414×750 mmL=false mmP=true so=portrait-primary

*** Rotate PHYSICAL iPhone back to PORTRAIT now. Waiting up to 3 min… ***

  portrait 414×750 vv=414×750 mmL=false mmP=true so=portrait-primary
{
  "classification": "CERTIFIED",
  "failed": [],
  "recoveryPass": true,
  "port": {
    "innerWidth": 414,
    "innerHeight": 750,
    "visualViewportWidth": 414,
    "visualViewportHeight": 750,
    "matchMediaLandscape": false,
    "matchMediaPortrait": true,
    "screenOrientationType": "portrait-primary",
    "viewportOrientation": "portrait",
    "orient": "portrait",
    "safariOrientationDiscrepancy": false,
    "safariDiscrepancyNote": null,
    "portraitEvidencePass": true,
    "landscapeEvidencePass": false
  }
}
