node:internal/process/promises:394
    triggerUncaughtException(err, true /* fromPromise */);
    ^

browserType.connectOverCDP: Timeout 120000ms exceeded.
    at main (/Users/sergioarrias/HomeCheffProjects/homecheff video ai/scripts/_px4a7-iphone-physical-resume-cert.ts:63:32)
    at <anonymous> (/Users/sergioarrias/HomeCheffProjects/homecheff video ai/scripts/_px4a7-iphone-physical-resume-cert.ts:175:6)
    at Object.<anonymous> (/Users/sergioarrias/HomeCheffProjects/homecheff video ai/scripts/_px4a7-iphone-physical-resume-cert.ts:175:11)
    at Object.transformer (/Users/sergioarrias/HomeCheffProjects/homecheff video ai/node_modules/tsx/dist/register-C557imBs.cjs:9:3619) {
  log: [],
  name: 'TimeoutError'
}

Node.js v22.22.1
/Users/sergioarrias/HomeCheffProjects/homecheff video ai/node_modules/playwright-core/lib/coreBundle.js:463
    throw new Error(message || "Assertion error");
          ^

Error: {"result":{},"id":2}
    at assert (/Users/sergioarrias/HomeCheffProjects/homecheff video ai/node_modules/playwright-core/lib/coreBundle.js:463:11)
    at WVSession.dispatchMessage (/Users/sergioarrias/HomeCheffProjects/homecheff video ai/node_modules/playwright-core/lib/coreBundle.js:48059:11)
    at _WVPage._onDispatchMessageFromTarget (/Users/sergioarrias/HomeCheffProjects/homecheff video ai/node_modules/playwright-core/lib/coreBundle.js:49368:25)
    at WVSession.emit (node:events:519:28)
    at /Users/sergioarrias/HomeCheffProjects/homecheff video ai/node_modules/playwright-core/lib/coreBundle.js:48061:45

Node.js v22.22.1
