Connecting → iPhone Safari http://127.0.0.1:9222

╔══════════════════════════════════════════════════════════╗
║  RUN 1: Select ONE video on the iPhone now (+ Video picker)  ║
║  Waiting up to 240s — no further confirmation needed ║
╚══════════════════════════════════════════════════════════╝


╔══════════════════════════════════════════════════════════╗
║  RUN 2: Select ONE video on the iPhone now (+ Video picker)  ║
║  Waiting up to 240s — no further confirmation needed ║
╚══════════════════════════════════════════════════════════╝


╔══════════════════════════════════════════════════════════╗
║  RUN 3: Select ONE video on the iPhone now (+ Video picker)  ║
║  Waiting up to 240s — no further confirmation needed ║
╚══════════════════════════════════════════════════════════╝

{
  "startedAt": "2026-08-19T23:16:40.425Z",
  "releaseHead": "b9eaf7df",
  "dpl": "dpl_EXXndFYMCDw2siVojLKUiQ72hicR",
  "cdp": "http://127.0.0.1:9222",
  "initialUrl": "https://studio.homecheff.eu/studio/photo-video",
  "userAgent": "Mozilla/5.0 (iPhone; CPU iPhone OS 18_7 like Mac OS X) AppleWebKit/605.1.15 (KHTML, like Gecko) Version/26.3 Mobile/15E148 Safari/604.1",
  "videoImportRuns": [
    {
      "run": 1,
      "pickerOpened": true,
      "pass": false,
      "pickerOpenedAtMs": 77,
      "classification": "NATIVE_IOS_PICKER_LIMITATION"
    },
    {
      "run": 2,
      "pickerOpened": true,
      "pass": false,
      "pickerOpenedAtMs": 121,
      "classification": "NATIVE_IOS_PICKER_LIMITATION"
    },
    {
      "run": 3,
      "pickerOpened": true,
      "pass": false,
      "pickerOpenedAtMs": 108,
      "classification": "NATIVE_IOS_PICKER_LIMITATION"
    }
  ],
  "videoImportReliability": "0/3",
  "status": "FAIL",
  "error": "All 3 native video import runs failed — cannot continue editor gates",
  "gates": [
    {
      "gate": "Quick Video open",
      "pass": true,
      "evidence": "https://studio.homecheff.eu/studio/photo-video"
    },
    {
      "gate": "Photo import",
      "pass": true
    },
    {
      "gate": "Native video import run 1",
      "pass": false,
      "evidence": "{\"run\":1,\"pickerOpened\":true,\"pass\":false,\"pickerOpenedAtMs\":77,\"classification\":\"NATIVE_IOS_PICKER_LIMITATION\"}",
      "classification": "NATIVE_IOS_PICKER_LIMITATION"
    },
    {
      "gate": "Native video import run 2",
      "pass": false,
      "evidence": "{\"run\":2,\"pickerOpened\":true,\"pass\":false,\"pickerOpenedAtMs\":121,\"classification\":\"NATIVE_IOS_PICKER_LIMITATION\"}",
      "classification": "NATIVE_IOS_PICKER_LIMITATION"
    },
    {
      "gate": "Native video import run 3",
      "pass": false,
      "evidence": "{\"run\":3,\"pickerOpened\":true,\"pass\":false,\"pickerOpenedAtMs\":108,\"classification\":\"NATIVE_IOS_PICKER_LIMITATION\"}",
      "classification": "NATIVE_IOS_PICKER_LIMITATION"
    }
  ],
  "sliceVerdict": "STUDIO_SLICE_1B_CERTIFICATION_BLOCKED",
  "pxVerdict": "PX.4A.7_RECERT_BLOCKED",
  "finishedAt": "2026-08-19T23:28:46.113Z"
}
