Connecting Playwright → iPhone Safari via http://127.0.0.1:9222
{
  "startedAt": "2026-08-19T15:23:35.137Z",
  "cdp": "http://127.0.0.1:9222",
  "device": {
    "name": "Sergio's iPhone",
    "model": "iPhone12,1 (iPhone 11)",
    "ios": "26.3.1"
  },
  "initialUrl": "https://homecheff.eu/sell/new",
  "userAgent": "Mozilla/5.0 (iPhone; CPU iPhone OS 18_7 like Mac OS X) AppleWebKit/605.1.15 (KHTML, like Gecko) Version/26.3 Mobile/15E148 Safari/604.1",
  "sellerAuth": {
    "status": 200,
    "user": "r.sergioarrias@gmail.com"
  },
  "status": "FAIL",
  "verdict": "IPHONE_PX4A7_FAIL",
  "error": "timeout: listing form",
  "failInspector": {
    "toolbar": false,
    "trim": false,
    "audio": false,
    "fit": false,
    "movementPhoto": false,
    "toolbarClip": false,
    "toolbarText": false,
    "overflow": 0,
    "canvas": 0,
    "ua": "Mozilla/5.0 (iPhone; CPU iPhone OS 18_7 like Mac OS X) AppleWebKit/605.1.15 (KHTML, like Gecko) Version/26.3 Mobile/15E148 Safari/604.1"
  },
  "finishedAt": "2026-08-19T15:24:35.938Z"
}
Connecting Playwright → iPhone Safari via http://127.0.0.1:9222
  ok: listing form already visible
{
  "startedAt": "2026-08-19T15:26:26.072Z",
  "cdp": "http://127.0.0.1:9222",
  "device": {
    "name": "Sergio's iPhone",
    "model": "iPhone12,1 (iPhone 11)",
    "ios": "26.3.1"
  },
  "initialUrl": "https://homecheff.eu/sell/new",
  "userAgent": "Mozilla/5.0 (iPhone; CPU iPhone OS 18_7 like Mac OS X) AppleWebKit/605.1.15 (KHTML, like Gecko) Version/26.3 Mobile/15E148 Safari/604.1",
  "sellerAuth": {
    "status": 200,
    "user": "r.sergioarrias@gmail.com"
  },
  "status": "FAIL",
  "verdict": "IPHONE_PX4A7_FAIL",
  "error": "locator.check: Clicking the checkbox did not change its state\nCall log:\n  - waiting for getByLabel(/allergeneninformatie gecontroleerd/i)\n    - locator resolved to <input class=\"mt-1\" type=\"checkbox\"/>\n  - attempting click action\n    - waiting for element to be visible, enabled and stable\n    - element is visible, enabled and stable\n    - scrolling into view if needed\n    - done scrolling\n    - performing click action\n    - click action done\n    - waiting for scheduled navigations to finish\n    - navigations have finished\n",
  "failInspector": {
    "toolbar": false,
    "trim": false,
    "audio": false,
    "fit": false,
    "movementPhoto": false,
    "toolbarClip": false,
    "toolbarText": false,
    "overflow": 0,
    "canvas": 0,
    "ua": "Mozilla/5.0 (iPhone; CPU iPhone OS 18_7 like Mac OS X) AppleWebKit/605.1.15 (KHTML, like Gecko) Version/26.3 Mobile/15E148 Safari/604.1"
  },
  "finishedAt": "2026-08-19T15:26:28.298Z"
}
Connecting Playwright → iPhone Safari via http://127.0.0.1:9222
  ok: listing form already visible
{
  "startedAt": "2026-08-19T15:26:45.788Z",
  "cdp": "http://127.0.0.1:9222",
  "device": {
    "name": "Sergio's iPhone",
    "model": "iPhone12,1 (iPhone 11)",
    "ios": "26.3.1"
  },
  "initialUrl": "https://homecheff.eu/sell/new",
  "userAgent": "Mozilla/5.0 (iPhone; CPU iPhone OS 18_7 like Mac OS X) AppleWebKit/605.1.15 (KHTML, like Gecko) Version/26.3 Mobile/15E148 Safari/604.1",
  "sellerAuth": {
    "status": 200,
    "user": "r.sergioarrias@gmail.com"
  },
  "listingPhotos": 4,
  "status": "FAIL",
  "verdict": "IPHONE_PX4A7_FAIL",
  "error": "timeout: contextual studio",
  "failInspector": {
    "toolbar": false,
    "trim": false,
    "audio": false,
    "fit": false,
    "movementPhoto": false,
    "toolbarClip": false,
    "toolbarText": false,
    "overflow": 0,
    "canvas": 0,
    "ua": "Mozilla/5.0 (iPhone; CPU iPhone OS 18_7 like Mac OS X) AppleWebKit/605.1.15 (KHTML, like Gecko) Version/26.3 Mobile/15E148 Safari/604.1"
  },
  "finishedAt": "2026-08-19T15:28:18.788Z"
}
