  ok: strip=1
  ok: strip=2
  ok: strip=3
  ok: strip=4
  ok: strip=5
  ok: strip=6
  ok: strip=7
  ok: export enabled
  ok: listing CTA
  ok: 4 listing photos
  ok: from-item composer
  ok: strip=5
  ok: listing return
  ok: listing video
{
  "startedAt": "2026-08-19T10:46:46.315Z",
  "mergeSha": "3be9654b6ddc7b024cdaffda35e6daaa3dd07445",
  "deploymentId": "5980026965",
  "auth": {
    "meStatus": 200
  },
  "canvasCount": 1,
  "addTiles": {
    "photo": 1,
    "video": 1
  },
  "mixed": {
    "videoIdxs": [
      2,
      4
    ],
    "photoInspector": {
      "movement": 1,
      "trim": 0
    },
    "videoInspector": {
      "movement": 0,
      "trim": 1,
      "audio": 1
    }
  },
  "standaloneExport": {
    "wallMs": 33947,
    "path": "/Users/sergioarrias/HomeCheffProjects/homecheff video ai/docs/audits/px4a7-prod-cert/standalone-mixed.mp4",
    "bytes": 5552774,
    "ftyp": true,
    "duration": 30.08,
    "videoCodec": "h264",
    "audioCodec": "aac",
    "width": 404,
    "height": 720,
    "frames": [
      {
        "t": 0.5,
        "r": 252,
        "g": 0,
        "b": 0,
        "hash": "d5d72dc060bb36a4",
        "path": "/Users/sergioarrias/HomeCheffProjects/homecheff video ai/docs/audits/px4a7-prod-cert/frames/t-0_5-3419cc.png"
      },
      {
        "t": 4,
        "r": 189,
        "g": 30,
        "b": 0,
        "hash": "2276241bb47a54ad",
        "path": "/Users/sergioarrias/HomeCheffProjects/homecheff video ai/docs/audits/px4a7-prod-cert/frames/t-4-0748d6.png"
      },
      {
        "t": 8,
        "r": 1,
        "g": 73,
        "b": 108,
        "hash": "22dfa2aed08aff6c",
        "path": "/Users/sergioarrias/HomeCheffProjects/homecheff video ai/docs/audits/px4a7-prod-cert/frames/t-8-be9b8a.png"
      },
      {
        "t": 12,
        "r": 2,
        "g": 15,
        "b": 219,
        "hash": "4549877826f7d46a",
        "path": "/Users/sergioarrias/HomeCheffProjects/homecheff video ai/docs/audits/px4a7-prod-cert/frames/t-12-cb2fd5.png"
      },
      {
        "t": 20,
        "r": 2,
        "g": 15,
        "b": 219,
        "hash": "5f3526ee332a20d2",
        "path": "/Users/sergioarrias/HomeCheffProjects/homecheff video ai/docs/audits/px4a7-prod-cert/frames/t-20-afdf67.png"
      },
      {
        "t": 25,
        "r": 252,
        "g": 164,
        "b": 0,
        "hash": "a64bb43f48e214fe",
        "path": "/Users/sergioarrias/HomeCheffProjects/homecheff video ai/docs/audits/px4a7-prod-cert/frames/t-25-433479.png"
      },
      {
        "t": 28,
        "r": 124,
        "g": 0,
        "b": 125,
        "hash": "28627be0439f81d5",
        "path": "/Users/sergioarrias/HomeCheffProjects/homecheff video ai/docs/audits/px4a7-prod-cert/frames/t-28-18ddf1.png"
      }
    ],
    "movingPairs": [
      {
        "a": 0.5,
        "b": 4,
        "differ": true
      },
      {
        "a": 4,
        "b": 8,
        "differ": true
      },
      {
        "a": 8,
        "b": 12,
        "differ": true
      },
      {
        "a": 12,
        "b": 20,
        "differ": true
      },
      {
        "a": 20,
        "b": 25,
        "differ": true
      },
      {
        "a": 25,
        "b": 28,
        "differ": true
      }
    ],
    "framesDiffer": true
  },
  "signatureExport": {
    "wallMs": 28600,
    "path": "/Users/sergioarrias/HomeCheffProjects/homecheff video ai/docs/audits/px4a7-prod-cert/standalone-shards.mp4",
    "bytes": 5525993,
    "ftyp": true,
    "duration": 30.08,
    "videoCodec": "h264",
    "audioCodec": "aac",
    "width": 404,
    "height": 720,
    "frames": [
      {
        "t": 2,
        "r": 252,
        "g": 0,
        "b": 0,
        "hash": "dd6bc9c16fb11747",
        "path": "/Users/sergioarrias/HomeCheffProjects/homecheff video ai/docs/audits/px4a7-prod-cert/frames/t-2-1fb056.png"
      },
      {
        "t": 6,
        "r": 0,
        "g": 126,
        "b": 0,
        "hash": "b2422cad21b6329f",
        "path": "/Users/sergioarrias/HomeCheffProjects/homecheff video ai/docs/audits/px4a7-prod-cert/frames/t-6-67a6a6.png"
      },
      {
        "t": 10,
        "r": 2,
        "g": 15,
        "b": 219,
        "hash": "dc6d72f61d4ffe4e",
        "path": "/Users/sergioarrias/HomeCheffProjects/homecheff video ai/docs/audits/px4a7-prod-cert/frames/t-10-cbb30f.png"
      }
    ],
    "movingPairs": [
      {
        "a": 2,
        "b": 6,
        "differ": true
      },
      {
        "a": 6,
        "b": 10,
        "differ": true
      }
    ],
    "framesDiffer": true
  },
  "refresh": {
    "beforeRefresh": {
      "digits": 2,
      "text": "MIXED VIDEO TEST"
    },
    "afterRefresh": {
      "digits": 2,
      "strip": 7
    },
    "restored": true
  },
  "afterRemoveCount": 7,
  "mobile390": {
    "overflow": 0,
    "addPhoto": true,
    "addVideo": true,
    "canvas": 1
  },
  "homecheffDraft": {
    "title": "PX.4A.7 mixed — niet publiceren 1787136551533",
    "photoCount": 4,
    "videoUrl": "https://it3xt8um5uqzpebe.public.blob.vercel-storage.com/uploads/b6bf6ad7-2dea-4e54-90b7-decee2d7bf3d-homecheff-video-bozdPV9HNzYbYlukROAmKDUaR6CFmU.mp4",
    "videoCount": 1
  },
  "homecheff": {
    "attachWallMs": 19819,
    "titlePreserved": true,
    "photosKept": true,
    "oneVideo": true,
    "unpublished": true
  },
  "homecheffMp4": {
    "bytes": 1710094,
    "ftyp": true,
    "duration": 15.082667,
    "videoCodec": "h264",
    "audioCodec": "aac",
    "width": 1080,
    "height": 608,
    "frames": [
      {
        "t": 1,
        "r": 252,
        "g": 0,
        "b": 0,
        "hash": "b75d54f4d08061d3",
        "path": "/Users/sergioarrias/HomeCheffProjects/homecheff video ai/docs/audits/px4a7-prod-cert/frames/t-1-05ac8b.png"
      },
      {
        "t": 4,
        "r": 0,
        "g": 126,
        "b": 0,
        "hash": "d1a6022534fffd6c",
        "path": "/Users/sergioarrias/HomeCheffProjects/homecheff video ai/docs/audits/px4a7-prod-cert/frames/t-4-2a743b.png"
      },
      {
        "t": 8,
        "r": 252,
        "g": 164,
        "b": 0,
        "hash": "74bbd9ba520d2709",
        "path": "/Users/sergioarrias/HomeCheffProjects/homecheff video ai/docs/audits/px4a7-prod-cert/frames/t-8-d49308.png"
      },
      {
        "t": 12,
        "r": 44,
        "g": 52,
        "b": 185,
        "hash": "2abf3bfc08e1d94a",
        "path": "/Users/sergioarrias/HomeCheffProjects/homecheff video ai/docs/audits/px4a7-prod-cert/frames/t-12-912192.png"
      }
    ],
    "movingPairs": [
      {
        "a": 1,
        "b": 4,
        "differ": true
      },
      {
        "a": 4,
        "b": 8,
        "differ": true
      },
      {
        "a": 8,
        "b": 12,
        "differ": true
      }
    ],
    "framesDiffer": true
  },
  "network": {
    "providerHits": [],
    "creditHits": [
      "GET https://studio.homecheff.eu/api/billing/pricing-catalog",
      "GET https://studio.homecheff.eu/api/billing/pricing-catalog"
    ],
    "renderHits": [],
    "handoffPosts": [
      "https://studio.homecheff.eu/api/photo-video/export-upload",
      "https://studio.homecheff.eu/api/photo-video/export-handoff"
    ]
  },
  "blockers": [
    "credit hits"
  ],
  "status": "INCOMPLETE",
  "finishedAt": "2026-08-19T10:49:49.061Z"
}
