cookieInject [
  'homecheff.eu:homecheff-language',
  '.homecheff.eu:next-auth.session-token',
  'studio.homecheff.eu:studio_session'
]
auth {
  hc: true,
  studio: true,
  ua: 'Mozilla/5.0 (Macintosh; Intel Mac OS X 10_15_7) AppleWebKit/605.1.15 (KHTML, like Gecko) Version/26.3 Safari/605.1.15'
}
=== Safari HomeCheff 15s music ===
=== Safari cancel during export ===
Safari HC failed, continuing standalone { status: 'FAIL', reason: 'Wait timed out after 180113ms' }
=== Safari standalone 15s no music ===
{
  "seconds": 15,
  "music": false,
  "status": "PASS",
  "wallMs": 3231,
  "inspect": {
    "bytes": 135371,
    "mb": 0.13,
    "ftyp": true,
    "duration": 15,
    "drift": 0,
    "videoCodec": "h264",
    "profile": "High",
    "width": 404,
    "height": 720,
    "audioCodec": null,
    "file": "/Users/sergioarrias/HomeCheffProjects/homecheff video ai/docs/audits/px4a5-human-cert/media/safari-studio-15-none.mp4"
  }
}
=== Safari standalone 15s music ===
{
  "seconds": 15,
  "music": true,
  "status": "PASS",
  "wallMs": 2308,
  "inspect": {
    "bytes": 184889,
    "mb": 0.18,
    "ftyp": true,
    "duration": 15.077333,
    "drift": 0.077,
    "videoCodec": "h264",
    "profile": "High",
    "width": 404,
    "height": 720,
    "audioCodec": "aac",
    "file": "/Users/sergioarrias/HomeCheffProjects/homecheff video ai/docs/audits/px4a5-human-cert/media/safari-studio-15-music.mp4"
  }
}
=== Safari standalone 45s ===
Wrote /Users/sergioarrias/HomeCheffProjects/homecheff video ai/docs/audits/px4a5-human-cert/safari-production.json
StaleElementReferenceError: A node reference could not be resolved: Node with identifier 'node-878806E9-1C40-4A02-9686-976D07F58409' was not found
    at Object.throwDecodedError (/Users/sergioarrias/HomeCheffProjects/homecheff video ai/node_modules/selenium-webdriver/lib/error.js:523:15)
    at parseHttpResponse (/Users/sergioarrias/HomeCheffProjects/homecheff video ai/node_modules/selenium-webdriver/lib/http.js:527:13)
    at Executor.execute (/Users/sergioarrias/HomeCheffProjects/homecheff video ai/node_modules/selenium-webdriver/lib/http.js:459:28)
    at process.processTicksAndRejections (node:internal/process/task_queues:103:5)
    at async Driver.execute (/Users/sergioarrias/HomeCheffProjects/homecheff video ai/node_modules/selenium-webdriver/lib/webdriver.js:745:17)
    at async clickText (/Users/sergioarrias/HomeCheffProjects/homecheff video ai/scripts/px4a5-safari-production-cert.ts:96:16)
    at async dismissOverlays (/Users/sergioarrias/HomeCheffProjects/homecheff video ai/scripts/px4a5-safari-production-cert.ts:203:3)
    at async standaloneDownload (/Users/sergioarrias/HomeCheffProjects/homecheff video ai/scripts/px4a5-safari-production-cert.ts:305:3)
    at async main (/Users/sergioarrias/HomeCheffProjects/homecheff video ai/scripts/px4a5-safari-production-cert.ts:500:23) {
  remoteStacktrace: ''
}
