prisma:error Error in PostgreSQL connection: Error { kind: Closed, cause: None }
0 GET_ERROR apiRequestContext.get: Timeout 180000ms exceeded.
Call log:
  - → GET https://studio.homecheff.eu/api/instant-premium/projects/cmt5hnj1s0003jh09hns3vu4v/status
    - user-agent: Mozilla/5.0 (Macintosh; Intel Mac OS X 10_15_7) AppleWebKit/537.36 (KHTML, like Gecko) HeadlessChrome/151.0.0.0 Safari/537.36
    - accept: */*
    - accept-encoding: gzip,deflate,br
    - cookie: next-auth.session-token=eyJhbGciOiJkaXIiLCJlbmMiOiJBMjU2R0NNIn0.._kKnyoDQZRK8etZx.rM3HusPYp4gXQjieasvKqWyx6j3HU-Tlg2qwCwiQm6fXWzmaGqgGd1nG-fN8qbxyxHjZ71r9cWEfpW4h0GqVlQGzz6UxjN9POBaDwE2Pv42Q7p2Fs-koKO4n6R0qFAIUdnz3clsk5oHcEutzGAl9RPtjchXTL7ZKGFN3jYwQ7u9WlhWEvSoFFrBGsErG_66nBplfVCMSLnWqIPHQjNrILok9H0UnHZaGtEUqbJsvuInT5Bnj96FnmITf4puQ6V8Rv-2tMzwxari6ZHcz-ibzXs50EjEY7R8EQ1FDYu2RmsZxBthI8r3htr4MtGfsMUlB-B9EaxYu0lvNzo2JUXS0nc7_st7LMdIJQRmx-p3gbKGERBnVGBSe0IKQ1rLKI6c4C6lp1GXI_TAZVREaOO1TTq2fYjjZXnOcwktwDjn7zvnxQ9Ii6dsZNmLQPYyKwJL9nofFRFv8Vmn3e2EORBtMzXDUcy1685lYsIBJeSiR_mXg30vYpD907UE.buTkb-S1rrTh_wU3WWmDdA; studio_session=eyJ1c2VySWQiOiJjbXFqOWI0cnQwMDAwbGIwNG90c2l1MzJlIiwibm9uY2UiOiI1MGRhYzc3MGUyOTNiNWY3In0.b7306449df55a57947c3726a6fe0facdc9c904fdc9990d595809309c6724c0b5

1 GET_ERROR apiRequestContext.get: Timeout 180000ms exceeded.
Call log:
  - → GET https://studio.homecheff.eu/api/instant-premium/projects/cmt5hnj1s0003jh09hns3vu4v/status
    - user-agent: Mozilla/5.0 (Macintosh; Intel Mac OS X 10_15_7) AppleWebKit/537.36 (KHTML, like Gecko) HeadlessChrome/151.0.0.0 Safari/537.36
    - accept: */*
    - accept-encoding: gzip,deflate,br
    - cookie: next-auth.session-token=eyJhbGciOiJkaXIiLCJlbmMiOiJBMjU2R0NNIn0.._kKnyoDQZRK8etZx.rM3HusPYp4gXQjieasvKqWyx6j3HU-Tlg2qwCwiQm6fXWzmaGqgGd1nG-fN8qbxyxHjZ71r9cWEfpW4h0GqVlQGzz6UxjN9POBaDwE2Pv42Q7p2Fs-koKO4n6R0qFAIUdnz3clsk5oHcEutzGAl9RPtjchXTL7ZKGFN3jYwQ7u9WlhWEvSoFFrBGsErG_66nBplfVCMSLnWqIPHQjNrILok9H0UnHZaGtEUqbJsvuInT5Bnj96FnmITf4puQ6V8Rv-2tMzwxari6ZHcz-ibzXs50EjEY7R8EQ1FDYu2RmsZxBthI8r3htr4MtGfsMUlB-B9EaxYu0lvNzo2JUXS0nc7_st7LMdIJQRmx-p3gbKGERBnVGBSe0IKQ1rLKI6c4C6lp1GXI_TAZVREaOO1TTq2fYjjZXnOcwktwDjn7zvnxQ9Ii6dsZNmLQPYyKwJL9nofFRFv8Vmn3e2EORBtMzXDUcy1685lYsIBJeSiR_mXg30vYpD907UE.buTkb-S1rrTh_wU3WWmDdA; studio_session=eyJ1c2VySWQiOiJjbXFqOWI0cnQwMDAwbGIwNG90c2l1MzJlIiwibm9uY2UiOiI1MGRhYzc3MGUyOTNiNWY3In0.b7306449df55a57947c3726a6fe0facdc9c904fdc9990d595809309c6724c0b5

2 GET_ERROR apiRequestContext.get: Timeout 180000ms exceeded.
Call log:
  - → GET https://studio.homecheff.eu/api/instant-premium/projects/cmt5hnj1s0003jh09hns3vu4v/status
    - user-agent: Mozilla/5.0 (Macintosh; Intel Mac OS X 10_15_7) AppleWebKit/537.36 (KHTML, like Gecko) HeadlessChrome/151.0.0.0 Safari/537.36
    - accept: */*
    - accept-encoding: gzip,deflate,br
    - cookie: next-auth.session-token=eyJhbGciOiJkaXIiLCJlbmMiOiJBMjU2R0NNIn0.._kKnyoDQZRK8etZx.rM3HusPYp4gXQjieasvKqWyx6j3HU-Tlg2qwCwiQm6fXWzmaGqgGd1nG-fN8qbxyxHjZ71r9cWEfpW4h0GqVlQGzz6UxjN9POBaDwE2Pv42Q7p2Fs-koKO4n6R0qFAIUdnz3clsk5oHcEutzGAl9RPtjchXTL7ZKGFN3jYwQ7u9WlhWEvSoFFrBGsErG_66nBplfVCMSLnWqIPHQjNrILok9H0UnHZaGtEUqbJsvuInT5Bnj96FnmITf4puQ6V8Rv-2tMzwxari6ZHcz-ibzXs50EjEY7R8EQ1FDYu2RmsZxBthI8r3htr4MtGfsMUlB-B9EaxYu0lvNzo2JUXS0nc7_st7LMdIJQRmx-p3gbKGERBnVGBSe0IKQ1rLKI6c4C6lp1GXI_TAZVREaOO1TTq2fYjjZXnOcwktwDjn7zvnxQ9Ii6dsZNmLQPYyKwJL9nofFRFv8Vmn3e2EORBtMzXDUcy1685lYsIBJeSiR_mXg30vYpD907UE.buTkb-S1rrTh_wU3WWmDdA; studio_session=eyJ1c2VySWQiOiJjbXFqOWI0cnQwMDAwbGIwNG90c2l1MzJlIiwibm9uY2UiOiI1MGRhYzc3MGUyOTNiNWY3In0.b7306449df55a57947c3726a6fe0facdc9c904fdc9990d595809309c6724c0b5

3 finalizing merging_clips 70 noVideo queued repair
4 finalizing merging_clips 70 noVideo running repair
5 finalizing merging_clips 70 noVideo running rebuild
6 GET_ERROR apiRequestContext.get: read ETIMEDOUT
Call log:
  - → GET https://studio.homecheff.eu/api/instant-premium/projects/cmt5hnj1s0003jh09hns3vu4v/status
    - user-agent: Mozilla/5.0 (Macintosh; Intel Mac OS X 10_15_7) AppleWebKit/537.36 (KHTML, like Gecko) HeadlessChrome/151.0.0.0 Safari/537.36
    - accept: */*
    - accept-encoding: gzip,deflate,br
    - cookie: next-auth.session-token=eyJhbGciOiJkaXIiLCJlbmMiOiJBMjU2R0NNIn0.._kKnyoDQZRK8etZx.rM3HusPYp4gXQjieasvKqWyx6j3HU-Tlg2qwCwiQm6fXWzmaGqgGd1nG-fN8qbxyxHjZ71r9cWEfpW4h0GqVlQGzz6UxjN9POBaDwE2Pv42Q7p2Fs-koKO4n6R0qFAIUdnz3clsk5oHcEutzGAl9RPtjchXTL7ZKGFN3jYwQ7u9WlhWEvSoFFrBGsErG_66nBplfVCMSLnWqIPHQjNrILok9H0UnHZaGtEUqbJsvuInT5Bnj96FnmITf4puQ6V8Rv-2tMzwxari6ZHcz-ibzXs50EjEY7R8EQ1FDYu2RmsZxBthI8r3htr4MtGfsMUlB-B9EaxYu0lvNzo2JUXS0nc7_st7LMdIJQRmx-p3gbKGERBnVGBSe0IKQ1rLKI6c4C6lp1GXI_TAZVREaOO1TTq2fYjjZXnOcwktwDjn7zvnxQ9Ii6dsZNmLQPYyKwJL9nofFRFv8Vmn3e2EORBtMzXDUcy1685lYsIBJeSiR_mXg30vYpD907UE.buTkb-S1rrTh_wU3WWmDdA; studio_session=eyJ1c2VySWQiOiJjbXFqOWI0cnQwMDAwbGIwNG90c2l1MzJlIiwibm9uY2UiOiI1MGRhYzc3MGUyOTNiNWY3In0.b7306449df55a57947c3726a6fe0facdc9c904fdc9990d595809309c6724c0b5

7 GET_ERROR apiRequestContext.get: Timeout 180000ms exceeded.
Call log:
  - → GET https://studio.homecheff.eu/api/instant-premium/projects/cmt5hnj1s0003jh09hns3vu4v/status
    - user-agent: Mozilla/5.0 (Macintosh; Intel Mac OS X 10_15_7) AppleWebKit/537.36 (KHTML, like Gecko) HeadlessChrome/151.0.0.0 Safari/537.36
    - accept: */*
    - accept-encoding: gzip,deflate,br
    - cookie: next-auth.session-token=eyJhbGciOiJkaXIiLCJlbmMiOiJBMjU2R0NNIn0.._kKnyoDQZRK8etZx.rM3HusPYp4gXQjieasvKqWyx6j3HU-Tlg2qwCwiQm6fXWzmaGqgGd1nG-fN8qbxyxHjZ71r9cWEfpW4h0GqVlQGzz6UxjN9POBaDwE2Pv42Q7p2Fs-koKO4n6R0qFAIUdnz3clsk5oHcEutzGAl9RPtjchXTL7ZKGFN3jYwQ7u9WlhWEvSoFFrBGsErG_66nBplfVCMSLnWqIPHQjNrILok9H0UnHZaGtEUqbJsvuInT5Bnj96FnmITf4puQ6V8Rv-2tMzwxari6ZHcz-ibzXs50EjEY7R8EQ1FDYu2RmsZxBthI8r3htr4MtGfsMUlB-B9EaxYu0lvNzo2JUXS0nc7_st7LMdIJQRmx-p3gbKGERBnVGBSe0IKQ1rLKI6c4C6lp1GXI_TAZVREaOO1TTq2fYjjZXnOcwktwDjn7zvnxQ9Ii6dsZNmLQPYyKwJL9nofFRFv8Vmn3e2EORBtMzXDUcy1685lYsIBJeSiR_mXg30vYpD907UE.buTkb-S1rrTh_wU3WWmDdA; studio_session=eyJ1c2VySWQiOiJjbXFqOWI0cnQwMDAwbGIwNG90c2l1MzJlIiwibm9uY2UiOiI1MGRhYzc3MGUyOTNiNWY3In0.b7306449df55a57947c3726a6fe0facdc9c904fdc9990d595809309c6724c0b5

8 GET_ERROR apiRequestContext.get: Timeout 180000ms exceeded.
Call log:
  - → GET https://studio.homecheff.eu/api/instant-premium/projects/cmt5hnj1s0003jh09hns3vu4v/status
    - user-agent: Mozilla/5.0 (Macintosh; Intel Mac OS X 10_15_7) AppleWebKit/537.36 (KHTML, like Gecko) HeadlessChrome/151.0.0.0 Safari/537.36
    - accept: */*
    - accept-encoding: gzip,deflate,br
    - cookie: next-auth.session-token=eyJhbGciOiJkaXIiLCJlbmMiOiJBMjU2R0NNIn0.._kKnyoDQZRK8etZx.rM3HusPYp4gXQjieasvKqWyx6j3HU-Tlg2qwCwiQm6fXWzmaGqgGd1nG-fN8qbxyxHjZ71r9cWEfpW4h0GqVlQGzz6UxjN9POBaDwE2Pv42Q7p2Fs-koKO4n6R0qFAIUdnz3clsk5oHcEutzGAl9RPtjchXTL7ZKGFN3jYwQ7u9WlhWEvSoFFrBGsErG_66nBplfVCMSLnWqIPHQjNrILok9H0UnHZaGtEUqbJsvuInT5Bnj96FnmITf4puQ6V8Rv-2tMzwxari6ZHcz-ibzXs50EjEY7R8EQ1FDYu2RmsZxBthI8r3htr4MtGfsMUlB-B9EaxYu0lvNzo2JUXS0nc7_st7LMdIJQRmx-p3gbKGERBnVGBSe0IKQ1rLKI6c4C6lp1GXI_TAZVREaOO1TTq2fYjjZXnOcwktwDjn7zvnxQ9Ii6dsZNmLQPYyKwJL9nofFRFv8Vmn3e2EORBtMzXDUcy1685lYsIBJeSiR_mXg30vYpD907UE.buTkb-S1rrTh_wU3WWmDdA; studio_session=eyJ1c2VySWQiOiJjbXFqOWI0cnQwMDAwbGIwNG90c2l1MzJlIiwibm9uY2UiOiI1MGRhYzc3MGUyOTNiNWY3In0.b7306449df55a57947c3726a6fe0facdc9c904fdc9990d595809309c6724c0b5

9 GET_ERROR apiRequestContext.get: Timeout 180000ms exceeded.
Call log:
  - → GET https://studio.homecheff.eu/api/instant-premium/projects/cmt5hnj1s0003jh09hns3vu4v/status
    - user-agent: Mozilla/5.0 (Macintosh; Intel Mac OS X 10_15_7) AppleWebKit/537.36 (KHTML, like Gecko) HeadlessChrome/151.0.0.0 Safari/537.36
    - accept: */*
    - accept-encoding: gzip,deflate,br
    - cookie: next-auth.session-token=eyJhbGciOiJkaXIiLCJlbmMiOiJBMjU2R0NNIn0.._kKnyoDQZRK8etZx.rM3HusPYp4gXQjieasvKqWyx6j3HU-Tlg2qwCwiQm6fXWzmaGqgGd1nG-fN8qbxyxHjZ71r9cWEfpW4h0GqVlQGzz6UxjN9POBaDwE2Pv42Q7p2Fs-koKO4n6R0qFAIUdnz3clsk5oHcEutzGAl9RPtjchXTL7ZKGFN3jYwQ7u9WlhWEvSoFFrBGsErG_66nBplfVCMSLnWqIPHQjNrILok9H0UnHZaGtEUqbJsvuInT5Bnj96FnmITf4puQ6V8Rv-2tMzwxari6ZHcz-ibzXs50EjEY7R8EQ1FDYu2RmsZxBthI8r3htr4MtGfsMUlB-B9EaxYu0lvNzo2JUXS0nc7_st7LMdIJQRmx-p3gbKGERBnVGBSe0IKQ1rLKI6c4C6lp1GXI_TAZVREaOO1TTq2fYjjZXnOcwktwDjn7zvnxQ9Ii6dsZNmLQPYyKwJL9nofFRFv8Vmn3e2EORBtMzXDUcy1685lYsIBJeSiR_mXg30vYpD907UE.buTkb-S1rrTh_wU3WWmDdA; studio_session=eyJ1c2VySWQiOiJjbXFqOWI0cnQwMDAwbGIwNG90c2l1MzJlIiwibm9uY2UiOiI1MGRhYzc3MGUyOTNiNWY3In0.b7306449df55a57947c3726a6fe0facdc9c904fdc9990d595809309c6724c0b5

10 GET_ERROR apiRequestContext.get: Timeout 180000ms exceeded.
Call log:
  - → GET https://studio.homecheff.eu/api/instant-premium/projects/cmt5hnj1s0003jh09hns3vu4v/status
    - user-agent: Mozilla/5.0 (Macintosh; Intel Mac OS X 10_15_7) AppleWebKit/537.36 (KHTML, like Gecko) HeadlessChrome/151.0.0.0 Safari/537.36
    - accept: */*
    - accept-encoding: gzip,deflate,br
    - cookie: next-auth.session-token=eyJhbGciOiJkaXIiLCJlbmMiOiJBMjU2R0NNIn0.._kKnyoDQZRK8etZx.rM3HusPYp4gXQjieasvKqWyx6j3HU-Tlg2qwCwiQm6fXWzmaGqgGd1nG-fN8qbxyxHjZ71r9cWEfpW4h0GqVlQGzz6UxjN9POBaDwE2Pv42Q7p2Fs-koKO4n6R0qFAIUdnz3clsk5oHcEutzGAl9RPtjchXTL7ZKGFN3jYwQ7u9WlhWEvSoFFrBGsErG_66nBplfVCMSLnWqIPHQjNrILok9H0UnHZaGtEUqbJsvuInT5Bnj96FnmITf4puQ6V8Rv-2tMzwxari6ZHcz-ibzXs50EjEY7R8EQ1FDYu2RmsZxBthI8r3htr4MtGfsMUlB-B9EaxYu0lvNzo2JUXS0nc7_st7LMdIJQRmx-p3gbKGERBnVGBSe0IKQ1rLKI6c4C6lp1GXI_TAZVREaOO1TTq2fYjjZXnOcwktwDjn7zvnxQ9Ii6dsZNmLQPYyKwJL9nofFRFv8Vmn3e2EORBtMzXDUcy1685lYsIBJeSiR_mXg30vYpD907UE.buTkb-S1rrTh_wU3WWmDdA; studio_session=eyJ1c2VySWQiOiJjbXFqOWI0cnQwMDAwbGIwNG90c2l1MzJlIiwibm9uY2UiOiI1MGRhYzc3MGUyOTNiNWY3In0.b7306449df55a57947c3726a6fe0facdc9c904fdc9990d595809309c6724c0b5

11 GET_ERROR apiRequestContext.get: Timeout 180000ms exceeded.
Call log:
  - → GET https://studio.homecheff.eu/api/instant-premium/projects/cmt5hnj1s0003jh09hns3vu4v/status
    - user-agent: Mozilla/5.0 (Macintosh; Intel Mac OS X 10_15_7) AppleWebKit/537.36 (KHTML, like Gecko) HeadlessChrome/151.0.0.0 Safari/537.36
    - accept: */*
    - accept-encoding: gzip,deflate,br
    - cookie: next-auth.session-token=eyJhbGciOiJkaXIiLCJlbmMiOiJBMjU2R0NNIn0.._kKnyoDQZRK8etZx.rM3HusPYp4gXQjieasvKqWyx6j3HU-Tlg2qwCwiQm6fXWzmaGqgGd1nG-fN8qbxyxHjZ71r9cWEfpW4h0GqVlQGzz6UxjN9POBaDwE2Pv42Q7p2Fs-koKO4n6R0qFAIUdnz3clsk5oHcEutzGAl9RPtjchXTL7ZKGFN3jYwQ7u9WlhWEvSoFFrBGsErG_66nBplfVCMSLnWqIPHQjNrILok9H0UnHZaGtEUqbJsvuInT5Bnj96FnmITf4puQ6V8Rv-2tMzwxari6ZHcz-ibzXs50EjEY7R8EQ1FDYu2RmsZxBthI8r3htr4MtGfsMUlB-B9EaxYu0lvNzo2JUXS0nc7_st7LMdIJQRmx-p3gbKGERBnVGBSe0IKQ1rLKI6c4C6lp1GXI_TAZVREaOO1TTq2fYjjZXnOcwktwDjn7zvnxQ9Ii6dsZNmLQPYyKwJL9nofFRFv8Vmn3e2EORBtMzXDUcy1685lYsIBJeSiR_mXg30vYpD907UE.buTkb-S1rrTh_wU3WWmDdA; studio_session=eyJ1c2VySWQiOiJjbXFqOWI0cnQwMDAwbGIwNG90c2l1MzJlIiwibm9uY2UiOiI1MGRhYzc3MGUyOTNiNWY3In0.b7306449df55a57947c3726a6fe0facdc9c904fdc9990d595809309c6724c0b5

12 GET_ERROR apiRequestContext.get: Timeout 180000ms exceeded.
Call log:
  - → GET https://studio.homecheff.eu/api/instant-premium/projects/cmt5hnj1s0003jh09hns3vu4v/status
    - user-agent: Mozilla/5.0 (Macintosh; Intel Mac OS X 10_15_7) AppleWebKit/537.36 (KHTML, like Gecko) HeadlessChrome/151.0.0.0 Safari/537.36
    - accept: */*
    - accept-encoding: gzip,deflate,br
    - cookie: next-auth.session-token=eyJhbGciOiJkaXIiLCJlbmMiOiJBMjU2R0NNIn0.._kKnyoDQZRK8etZx.rM3HusPYp4gXQjieasvKqWyx6j3HU-Tlg2qwCwiQm6fXWzmaGqgGd1nG-fN8qbxyxHjZ71r9cWEfpW4h0GqVlQGzz6UxjN9POBaDwE2Pv42Q7p2Fs-koKO4n6R0qFAIUdnz3clsk5oHcEutzGAl9RPtjchXTL7ZKGFN3jYwQ7u9WlhWEvSoFFrBGsErG_66nBplfVCMSLnWqIPHQjNrILok9H0UnHZaGtEUqbJsvuInT5Bnj96FnmITf4puQ6V8Rv-2tMzwxari6ZHcz-ibzXs50EjEY7R8EQ1FDYu2RmsZxBthI8r3htr4MtGfsMUlB-B9EaxYu0lvNzo2JUXS0nc7_st7LMdIJQRmx-p3gbKGERBnVGBSe0IKQ1rLKI6c4C6lp1GXI_TAZVREaOO1TTq2fYjjZXnOcwktwDjn7zvnxQ9Ii6dsZNmLQPYyKwJL9nofFRFv8Vmn3e2EORBtMzXDUcy1685lYsIBJeSiR_mXg30vYpD907UE.buTkb-S1rrTh_wU3WWmDdA; studio_session=eyJ1c2VySWQiOiJjbXFqOWI0cnQwMDAwbGIwNG90c2l1MzJlIiwibm9uY2UiOiI1MGRhYzc3MGUyOTNiNWY3In0.b7306449df55a57947c3726a6fe0facdc9c904fdc9990d595809309c6724c0b5

13 GET_ERROR apiRequestContext.get: Timeout 180000ms exceeded.
Call log:
  - → GET https://studio.homecheff.eu/api/instant-premium/projects/cmt5hnj1s0003jh09hns3vu4v/status
    - user-agent: Mozilla/5.0 (Macintosh; Intel Mac OS X 10_15_7) AppleWebKit/537.36 (KHTML, like Gecko) HeadlessChrome/151.0.0.0 Safari/537.36
    - accept: */*
    - accept-encoding: gzip,deflate,br
    - cookie: next-auth.session-token=eyJhbGciOiJkaXIiLCJlbmMiOiJBMjU2R0NNIn0.._kKnyoDQZRK8etZx.rM3HusPYp4gXQjieasvKqWyx6j3HU-Tlg2qwCwiQm6fXWzmaGqgGd1nG-fN8qbxyxHjZ71r9cWEfpW4h0GqVlQGzz6UxjN9POBaDwE2Pv42Q7p2Fs-koKO4n6R0qFAIUdnz3clsk5oHcEutzGAl9RPtjchXTL7ZKGFN3jYwQ7u9WlhWEvSoFFrBGsErG_66nBplfVCMSLnWqIPHQjNrILok9H0UnHZaGtEUqbJsvuInT5Bnj96FnmITf4puQ6V8Rv-2tMzwxari6ZHcz-ibzXs50EjEY7R8EQ1FDYu2RmsZxBthI8r3htr4MtGfsMUlB-B9EaxYu0lvNzo2JUXS0nc7_st7LMdIJQRmx-p3gbKGERBnVGBSe0IKQ1rLKI6c4C6lp1GXI_TAZVREaOO1TTq2fYjjZXnOcwktwDjn7zvnxQ9Ii6dsZNmLQPYyKwJL9nofFRFv8Vmn3e2EORBtMzXDUcy1685lYsIBJeSiR_mXg30vYpD907UE.buTkb-S1rrTh_wU3WWmDdA; studio_session=eyJ1c2VySWQiOiJjbXFqOWI0cnQwMDAwbGIwNG90c2l1MzJlIiwibm9uY2UiOiI1MGRhYzc3MGUyOTNiNWY3In0.b7306449df55a57947c3726a6fe0facdc9c904fdc9990d595809309c6724c0b5

14 GET_ERROR apiRequestContext.get: Timeout 180000ms exceeded.
Call log:
  - → GET https://studio.homecheff.eu/api/instant-premium/projects/cmt5hnj1s0003jh09hns3vu4v/status
    - user-agent: Mozilla/5.0 (Macintosh; Intel Mac OS X 10_15_7) AppleWebKit/537.36 (KHTML, like Gecko) HeadlessChrome/151.0.0.0 Safari/537.36
    - accept: */*
    - accept-encoding: gzip,deflate,br
    - cookie: next-auth.session-token=eyJhbGciOiJkaXIiLCJlbmMiOiJBMjU2R0NNIn0.._kKnyoDQZRK8etZx.rM3HusPYp4gXQjieasvKqWyx6j3HU-Tlg2qwCwiQm6fXWzmaGqgGd1nG-fN8qbxyxHjZ71r9cWEfpW4h0GqVlQGzz6UxjN9POBaDwE2Pv42Q7p2Fs-koKO4n6R0qFAIUdnz3clsk5oHcEutzGAl9RPtjchXTL7ZKGFN3jYwQ7u9WlhWEvSoFFrBGsErG_66nBplfVCMSLnWqIPHQjNrILok9H0UnHZaGtEUqbJsvuInT5Bnj96FnmITf4puQ6V8Rv-2tMzwxari6ZHcz-ibzXs50EjEY7R8EQ1FDYu2RmsZxBthI8r3htr4MtGfsMUlB-B9EaxYu0lvNzo2JUXS0nc7_st7LMdIJQRmx-p3gbKGERBnVGBSe0IKQ1rLKI6c4C6lp1GXI_TAZVREaOO1TTq2fYjjZXnOcwktwDjn7zvnxQ9Ii6dsZNmLQPYyKwJL9nofFRFv8Vmn3e2EORBtMzXDUcy1685lYsIBJeSiR_mXg30vYpD907UE.buTkb-S1rrTh_wU3WWmDdA; studio_session=eyJ1c2VySWQiOiJjbXFqOWI0cnQwMDAwbGIwNG90c2l1MzJlIiwibm9uY2UiOiI1MGRhYzc3MGUyOTNiNWY3In0.b7306449df55a57947c3726a6fe0facdc9c904fdc9990d595809309c6724c0b5

15 GET_ERROR apiRequestContext.get: Timeout 180000ms exceeded.
Call log:
  - → GET https://studio.homecheff.eu/api/instant-premium/projects/cmt5hnj1s0003jh09hns3vu4v/status
    - user-agent: Mozilla/5.0 (Macintosh; Intel Mac OS X 10_15_7) AppleWebKit/537.36 (KHTML, like Gecko) HeadlessChrome/151.0.0.0 Safari/537.36
    - accept: */*
    - accept-encoding: gzip,deflate,br
    - cookie: next-auth.session-token=eyJhbGciOiJkaXIiLCJlbmMiOiJBMjU2R0NNIn0.._kKnyoDQZRK8etZx.rM3HusPYp4gXQjieasvKqWyx6j3HU-Tlg2qwCwiQm6fXWzmaGqgGd1nG-fN8qbxyxHjZ71r9cWEfpW4h0GqVlQGzz6UxjN9POBaDwE2Pv42Q7p2Fs-koKO4n6R0qFAIUdnz3clsk5oHcEutzGAl9RPtjchXTL7ZKGFN3jYwQ7u9WlhWEvSoFFrBGsErG_66nBplfVCMSLnWqIPHQjNrILok9H0UnHZaGtEUqbJsvuInT5Bnj96FnmITf4puQ6V8Rv-2tMzwxari6ZHcz-ibzXs50EjEY7R8EQ1FDYu2RmsZxBthI8r3htr4MtGfsMUlB-B9EaxYu0lvNzo2JUXS0nc7_st7LMdIJQRmx-p3gbKGERBnVGBSe0IKQ1rLKI6c4C6lp1GXI_TAZVREaOO1TTq2fYjjZXnOcwktwDjn7zvnxQ9Ii6dsZNmLQPYyKwJL9nofFRFv8Vmn3e2EORBtMzXDUcy1685lYsIBJeSiR_mXg30vYpD907UE.buTkb-S1rrTh_wU3WWmDdA; studio_session=eyJ1c2VySWQiOiJjbXFqOWI0cnQwMDAwbGIwNG90c2l1MzJlIiwibm9uY2UiOiI1MGRhYzc3MGUyOTNiNWY3In0.b7306449df55a57947c3726a6fe0facdc9c904fdc9990d595809309c6724c0b5

16 GET_ERROR apiRequestContext.get: Timeout 180000ms exceeded.
Call log:
  - → GET https://studio.homecheff.eu/api/instant-premium/projects/cmt5hnj1s0003jh09hns3vu4v/status
    - user-agent: Mozilla/5.0 (Macintosh; Intel Mac OS X 10_15_7) AppleWebKit/537.36 (KHTML, like Gecko) HeadlessChrome/151.0.0.0 Safari/537.36
    - accept: */*
    - accept-encoding: gzip,deflate,br
    - cookie: next-auth.session-token=eyJhbGciOiJkaXIiLCJlbmMiOiJBMjU2R0NNIn0.._kKnyoDQZRK8etZx.rM3HusPYp4gXQjieasvKqWyx6j3HU-Tlg2qwCwiQm6fXWzmaGqgGd1nG-fN8qbxyxHjZ71r9cWEfpW4h0GqVlQGzz6UxjN9POBaDwE2Pv42Q7p2Fs-koKO4n6R0qFAIUdnz3clsk5oHcEutzGAl9RPtjchXTL7ZKGFN3jYwQ7u9WlhWEvSoFFrBGsErG_66nBplfVCMSLnWqIPHQjNrILok9H0UnHZaGtEUqbJsvuInT5Bnj96FnmITf4puQ6V8Rv-2tMzwxari6ZHcz-ibzXs50EjEY7R8EQ1FDYu2RmsZxBthI8r3htr4MtGfsMUlB-B9EaxYu0lvNzo2JUXS0nc7_st7LMdIJQRmx-p3gbKGERBnVGBSe0IKQ1rLKI6c4C6lp1GXI_TAZVREaOO1TTq2fYjjZXnOcwktwDjn7zvnxQ9Ii6dsZNmLQPYyKwJL9nofFRFv8Vmn3e2EORBtMzXDUcy1685lYsIBJeSiR_mXg30vYpD907UE.buTkb-S1rrTh_wU3WWmDdA; studio_session=eyJ1c2VySWQiOiJjbXFqOWI0cnQwMDAwbGIwNG90c2l1MzJlIiwibm9uY2UiOiI1MGRhYzc3MGUyOTNiNWY3In0.b7306449df55a57947c3726a6fe0facdc9c904fdc9990d595809309c6724c0b5

17 GET_ERROR apiRequestContext.get: Timeout 180000ms exceeded.
Call log:
  - → GET https://studio.homecheff.eu/api/instant-premium/projects/cmt5hnj1s0003jh09hns3vu4v/status
    - user-agent: Mozilla/5.0 (Macintosh; Intel Mac OS X 10_15_7) AppleWebKit/537.36 (KHTML, like Gecko) HeadlessChrome/151.0.0.0 Safari/537.36
    - accept: */*
    - accept-encoding: gzip,deflate,br
    - cookie: next-auth.session-token=eyJhbGciOiJkaXIiLCJlbmMiOiJBMjU2R0NNIn0.._kKnyoDQZRK8etZx.rM3HusPYp4gXQjieasvKqWyx6j3HU-Tlg2qwCwiQm6fXWzmaGqgGd1nG-fN8qbxyxHjZ71r9cWEfpW4h0GqVlQGzz6UxjN9POBaDwE2Pv42Q7p2Fs-koKO4n6R0qFAIUdnz3clsk5oHcEutzGAl9RPtjchXTL7ZKGFN3jYwQ7u9WlhWEvSoFFrBGsErG_66nBplfVCMSLnWqIPHQjNrILok9H0UnHZaGtEUqbJsvuInT5Bnj96FnmITf4puQ6V8Rv-2tMzwxari6ZHcz-ibzXs50EjEY7R8EQ1FDYu2RmsZxBthI8r3htr4MtGfsMUlB-B9EaxYu0lvNzo2JUXS0nc7_st7LMdIJQRmx-p3gbKGERBnVGBSe0IKQ1rLKI6c4C6lp1GXI_TAZVREaOO1TTq2fYjjZXnOcwktwDjn7zvnxQ9Ii6dsZNmLQPYyKwJL9nofFRFv8Vmn3e2EORBtMzXDUcy1685lYsIBJeSiR_mXg30vYpD907UE.buTkb-S1rrTh_wU3WWmDdA; studio_session=eyJ1c2VySWQiOiJjbXFqOWI0cnQwMDAwbGIwNG90c2l1MzJlIiwibm9uY2UiOiI1MGRhYzc3MGUyOTNiNWY3In0.b7306449df55a57947c3726a6fe0facdc9c904fdc9990d595809309c6724c0b5

18 GET_ERROR apiRequestContext.get: Timeout 180000ms exceeded.
Call log:
  - → GET https://studio.homecheff.eu/api/instant-premium/projects/cmt5hnj1s0003jh09hns3vu4v/status
    - user-agent: Mozilla/5.0 (Macintosh; Intel Mac OS X 10_15_7) AppleWebKit/537.36 (KHTML, like Gecko) HeadlessChrome/151.0.0.0 Safari/537.36
    - accept: */*
    - accept-encoding: gzip,deflate,br
    - cookie: next-auth.session-token=eyJhbGciOiJkaXIiLCJlbmMiOiJBMjU2R0NNIn0.._kKnyoDQZRK8etZx.rM3HusPYp4gXQjieasvKqWyx6j3HU-Tlg2qwCwiQm6fXWzmaGqgGd1nG-fN8qbxyxHjZ71r9cWEfpW4h0GqVlQGzz6UxjN9POBaDwE2Pv42Q7p2Fs-koKO4n6R0qFAIUdnz3clsk5oHcEutzGAl9RPtjchXTL7ZKGFN3jYwQ7u9WlhWEvSoFFrBGsErG_66nBplfVCMSLnWqIPHQjNrILok9H0UnHZaGtEUqbJsvuInT5Bnj96FnmITf4puQ6V8Rv-2tMzwxari6ZHcz-ibzXs50EjEY7R8EQ1FDYu2RmsZxBthI8r3htr4MtGfsMUlB-B9EaxYu0lvNzo2JUXS0nc7_st7LMdIJQRmx-p3gbKGERBnVGBSe0IKQ1rLKI6c4C6lp1GXI_TAZVREaOO1TTq2fYjjZXnOcwktwDjn7zvnxQ9Ii6dsZNmLQPYyKwJL9nofFRFv8Vmn3e2EORBtMzXDUcy1685lYsIBJeSiR_mXg30vYpD907UE.buTkb-S1rrTh_wU3WWmDdA; studio_session=eyJ1c2VySWQiOiJjbXFqOWI0cnQwMDAwbGIwNG90c2l1MzJlIiwibm9uY2UiOiI1MGRhYzc3MGUyOTNiNWY3In0.b7306449df55a57947c3726a6fe0facdc9c904fdc9990d595809309c6724c0b5

19 GET_ERROR apiRequestContext.get: Timeout 180000ms exceeded.
Call log:
  - → GET https://studio.homecheff.eu/api/instant-premium/projects/cmt5hnj1s0003jh09hns3vu4v/status
    - user-agent: Mozilla/5.0 (Macintosh; Intel Mac OS X 10_15_7) AppleWebKit/537.36 (KHTML, like Gecko) HeadlessChrome/151.0.0.0 Safari/537.36
    - accept: */*
    - accept-encoding: gzip,deflate,br
    - cookie: next-auth.session-token=eyJhbGciOiJkaXIiLCJlbmMiOiJBMjU2R0NNIn0.._kKnyoDQZRK8etZx.rM3HusPYp4gXQjieasvKqWyx6j3HU-Tlg2qwCwiQm6fXWzmaGqgGd1nG-fN8qbxyxHjZ71r9cWEfpW4h0GqVlQGzz6UxjN9POBaDwE2Pv42Q7p2Fs-koKO4n6R0qFAIUdnz3clsk5oHcEutzGAl9RPtjchXTL7ZKGFN3jYwQ7u9WlhWEvSoFFrBGsErG_66nBplfVCMSLnWqIPHQjNrILok9H0UnHZaGtEUqbJsvuInT5Bnj96FnmITf4puQ6V8Rv-2tMzwxari6ZHcz-ibzXs50EjEY7R8EQ1FDYu2RmsZxBthI8r3htr4MtGfsMUlB-B9EaxYu0lvNzo2JUXS0nc7_st7LMdIJQRmx-p3gbKGERBnVGBSe0IKQ1rLKI6c4C6lp1GXI_TAZVREaOO1TTq2fYjjZXnOcwktwDjn7zvnxQ9Ii6dsZNmLQPYyKwJL9nofFRFv8Vmn3e2EORBtMzXDUcy1685lYsIBJeSiR_mXg30vYpD907UE.buTkb-S1rrTh_wU3WWmDdA; studio_session=eyJ1c2VySWQiOiJjbXFqOWI0cnQwMDAwbGIwNG90c2l1MzJlIiwibm9uY2UiOiI1MGRhYzc3MGUyOTNiNWY3In0.b7306449df55a57947c3726a6fe0facdc9c904fdc9990d595809309c6724c0b5

20 GET_ERROR apiRequestContext.get: Timeout 180000ms exceeded.
Call log:
  - → GET https://studio.homecheff.eu/api/instant-premium/projects/cmt5hnj1s0003jh09hns3vu4v/status
    - user-agent: Mozilla/5.0 (Macintosh; Intel Mac OS X 10_15_7) AppleWebKit/537.36 (KHTML, like Gecko) HeadlessChrome/151.0.0.0 Safari/537.36
    - accept: */*
    - accept-encoding: gzip,deflate,br
    - cookie: next-auth.session-token=eyJhbGciOiJkaXIiLCJlbmMiOiJBMjU2R0NNIn0.._kKnyoDQZRK8etZx.rM3HusPYp4gXQjieasvKqWyx6j3HU-Tlg2qwCwiQm6fXWzmaGqgGd1nG-fN8qbxyxHjZ71r9cWEfpW4h0GqVlQGzz6UxjN9POBaDwE2Pv42Q7p2Fs-koKO4n6R0qFAIUdnz3clsk5oHcEutzGAl9RPtjchXTL7ZKGFN3jYwQ7u9WlhWEvSoFFrBGsErG_66nBplfVCMSLnWqIPHQjNrILok9H0UnHZaGtEUqbJsvuInT5Bnj96FnmITf4puQ6V8Rv-2tMzwxari6ZHcz-ibzXs50EjEY7R8EQ1FDYu2RmsZxBthI8r3htr4MtGfsMUlB-B9EaxYu0lvNzo2JUXS0nc7_st7LMdIJQRmx-p3gbKGERBnVGBSe0IKQ1rLKI6c4C6lp1GXI_TAZVREaOO1TTq2fYjjZXnOcwktwDjn7zvnxQ9Ii6dsZNmLQPYyKwJL9nofFRFv8Vmn3e2EORBtMzXDUcy1685lYsIBJeSiR_mXg30vYpD907UE.buTkb-S1rrTh_wU3WWmDdA; studio_session=eyJ1c2VySWQiOiJjbXFqOWI0cnQwMDAwbGIwNG90c2l1MzJlIiwibm9uY2UiOiI1MGRhYzc3MGUyOTNiNWY3In0.b7306449df55a57947c3726a6fe0facdc9c904fdc9990d595809309c6724c0b5

21 GET_ERROR apiRequestContext.get: Timeout 180000ms exceeded.
Call log:
  - → GET https://studio.homecheff.eu/api/instant-premium/projects/cmt5hnj1s0003jh09hns3vu4v/status
    - user-agent: Mozilla/5.0 (Macintosh; Intel Mac OS X 10_15_7) AppleWebKit/537.36 (KHTML, like Gecko) HeadlessChrome/151.0.0.0 Safari/537.36
    - accept: */*
    - accept-encoding: gzip,deflate,br
    - cookie: next-auth.session-token=eyJhbGciOiJkaXIiLCJlbmMiOiJBMjU2R0NNIn0.._kKnyoDQZRK8etZx.rM3HusPYp4gXQjieasvKqWyx6j3HU-Tlg2qwCwiQm6fXWzmaGqgGd1nG-fN8qbxyxHjZ71r9cWEfpW4h0GqVlQGzz6UxjN9POBaDwE2Pv42Q7p2Fs-koKO4n6R0qFAIUdnz3clsk5oHcEutzGAl9RPtjchXTL7ZKGFN3jYwQ7u9WlhWEvSoFFrBGsErG_66nBplfVCMSLnWqIPHQjNrILok9H0UnHZaGtEUqbJsvuInT5Bnj96FnmITf4puQ6V8Rv-2tMzwxari6ZHcz-ibzXs50EjEY7R8EQ1FDYu2RmsZxBthI8r3htr4MtGfsMUlB-B9EaxYu0lvNzo2JUXS0nc7_st7LMdIJQRmx-p3gbKGERBnVGBSe0IKQ1rLKI6c4C6lp1GXI_TAZVREaOO1TTq2fYjjZXnOcwktwDjn7zvnxQ9Ii6dsZNmLQPYyKwJL9nofFRFv8Vmn3e2EORBtMzXDUcy1685lYsIBJeSiR_mXg30vYpD907UE.buTkb-S1rrTh_wU3WWmDdA; studio_session=eyJ1c2VySWQiOiJjbXFqOWI0cnQwMDAwbGIwNG90c2l1MzJlIiwibm9uY2UiOiI1MGRhYzc3MGUyOTNiNWY3In0.b7306449df55a57947c3726a6fe0facdc9c904fdc9990d595809309c6724c0b5

22 GET_ERROR apiRequestContext.get: Timeout 180000ms exceeded.
Call log:
  - → GET https://studio.homecheff.eu/api/instant-premium/projects/cmt5hnj1s0003jh09hns3vu4v/status
    - user-agent: Mozilla/5.0 (Macintosh; Intel Mac OS X 10_15_7) AppleWebKit/537.36 (KHTML, like Gecko) HeadlessChrome/151.0.0.0 Safari/537.36
    - accept: */*
    - accept-encoding: gzip,deflate,br
    - cookie: next-auth.session-token=eyJhbGciOiJkaXIiLCJlbmMiOiJBMjU2R0NNIn0.._kKnyoDQZRK8etZx.rM3HusPYp4gXQjieasvKqWyx6j3HU-Tlg2qwCwiQm6fXWzmaGqgGd1nG-fN8qbxyxHjZ71r9cWEfpW4h0GqVlQGzz6UxjN9POBaDwE2Pv42Q7p2Fs-koKO4n6R0qFAIUdnz3clsk5oHcEutzGAl9RPtjchXTL7ZKGFN3jYwQ7u9WlhWEvSoFFrBGsErG_66nBplfVCMSLnWqIPHQjNrILok9H0UnHZaGtEUqbJsvuInT5Bnj96FnmITf4puQ6V8Rv-2tMzwxari6ZHcz-ibzXs50EjEY7R8EQ1FDYu2RmsZxBthI8r3htr4MtGfsMUlB-B9EaxYu0lvNzo2JUXS0nc7_st7LMdIJQRmx-p3gbKGERBnVGBSe0IKQ1rLKI6c4C6lp1GXI_TAZVREaOO1TTq2fYjjZXnOcwktwDjn7zvnxQ9Ii6dsZNmLQPYyKwJL9nofFRFv8Vmn3e2EORBtMzXDUcy1685lYsIBJeSiR_mXg30vYpD907UE.buTkb-S1rrTh_wU3WWmDdA; studio_session=eyJ1c2VySWQiOiJjbXFqOWI0cnQwMDAwbGIwNG90c2l1MzJlIiwibm9uY2UiOiI1MGRhYzc3MGUyOTNiNWY3In0.b7306449df55a57947c3726a6fe0facdc9c904fdc9990d595809309c6724c0b5

23 GET_ERROR apiRequestContext.get: Timeout 180000ms exceeded.
Call log:
  - → GET https://studio.homecheff.eu/api/instant-premium/projects/cmt5hnj1s0003jh09hns3vu4v/status
    - user-agent: Mozilla/5.0 (Macintosh; Intel Mac OS X 10_15_7) AppleWebKit/537.36 (KHTML, like Gecko) HeadlessChrome/151.0.0.0 Safari/537.36
    - accept: */*
    - accept-encoding: gzip,deflate,br
    - cookie: next-auth.session-token=eyJhbGciOiJkaXIiLCJlbmMiOiJBMjU2R0NNIn0.._kKnyoDQZRK8etZx.rM3HusPYp4gXQjieasvKqWyx6j3HU-Tlg2qwCwiQm6fXWzmaGqgGd1nG-fN8qbxyxHjZ71r9cWEfpW4h0GqVlQGzz6UxjN9POBaDwE2Pv42Q7p2Fs-koKO4n6R0qFAIUdnz3clsk5oHcEutzGAl9RPtjchXTL7ZKGFN3jYwQ7u9WlhWEvSoFFrBGsErG_66nBplfVCMSLnWqIPHQjNrILok9H0UnHZaGtEUqbJsvuInT5Bnj96FnmITf4puQ6V8Rv-2tMzwxari6ZHcz-ibzXs50EjEY7R8EQ1FDYu2RmsZxBthI8r3htr4MtGfsMUlB-B9EaxYu0lvNzo2JUXS0nc7_st7LMdIJQRmx-p3gbKGERBnVGBSe0IKQ1rLKI6c4C6lp1GXI_TAZVREaOO1TTq2fYjjZXnOcwktwDjn7zvnxQ9Ii6dsZNmLQPYyKwJL9nofFRFv8Vmn3e2EORBtMzXDUcy1685lYsIBJeSiR_mXg30vYpD907UE.buTkb-S1rrTh_wU3WWmDdA; studio_session=eyJ1c2VySWQiOiJjbXFqOWI0cnQwMDAwbGIwNG90c2l1MzJlIiwibm9uY2UiOiI1MGRhYzc3MGUyOTNiNWY3In0.b7306449df55a57947c3726a6fe0facdc9c904fdc9990d595809309c6724c0b5

24 GET_ERROR apiRequestContext.get: Timeout 180000ms exceeded.
Call log:
  - → GET https://studio.homecheff.eu/api/instant-premium/projects/cmt5hnj1s0003jh09hns3vu4v/status
    - user-agent: Mozilla/5.0 (Macintosh; Intel Mac OS X 10_15_7) AppleWebKit/537.36 (KHTML, like Gecko) HeadlessChrome/151.0.0.0 Safari/537.36
    - accept: */*
    - accept-encoding: gzip,deflate,br
    - cookie: next-auth.session-token=eyJhbGciOiJkaXIiLCJlbmMiOiJBMjU2R0NNIn0.._kKnyoDQZRK8etZx.rM3HusPYp4gXQjieasvKqWyx6j3HU-Tlg2qwCwiQm6fXWzmaGqgGd1nG-fN8qbxyxHjZ71r9cWEfpW4h0GqVlQGzz6UxjN9POBaDwE2Pv42Q7p2Fs-koKO4n6R0qFAIUdnz3clsk5oHcEutzGAl9RPtjchXTL7ZKGFN3jYwQ7u9WlhWEvSoFFrBGsErG_66nBplfVCMSLnWqIPHQjNrILok9H0UnHZaGtEUqbJsvuInT5Bnj96FnmITf4puQ6V8Rv-2tMzwxari6ZHcz-ibzXs50EjEY7R8EQ1FDYu2RmsZxBthI8r3htr4MtGfsMUlB-B9EaxYu0lvNzo2JUXS0nc7_st7LMdIJQRmx-p3gbKGERBnVGBSe0IKQ1rLKI6c4C6lp1GXI_TAZVREaOO1TTq2fYjjZXnOcwktwDjn7zvnxQ9Ii6dsZNmLQPYyKwJL9nofFRFv8Vmn3e2EORBtMzXDUcy1685lYsIBJeSiR_mXg30vYpD907UE.buTkb-S1rrTh_wU3WWmDdA; studio_session=eyJ1c2VySWQiOiJjbXFqOWI0cnQwMDAwbGIwNG90c2l1MzJlIiwibm9uY2UiOiI1MGRhYzc3MGUyOTNiNWY3In0.b7306449df55a57947c3726a6fe0facdc9c904fdc9990d595809309c6724c0b5

25 GET_ERROR apiRequestContext.get: Timeout 180000ms exceeded.
Call log:
  - → GET https://studio.homecheff.eu/api/instant-premium/projects/cmt5hnj1s0003jh09hns3vu4v/status
    - user-agent: Mozilla/5.0 (Macintosh; Intel Mac OS X 10_15_7) AppleWebKit/537.36 (KHTML, like Gecko) HeadlessChrome/151.0.0.0 Safari/537.36
    - accept: */*
    - accept-encoding: gzip,deflate,br
    - cookie: next-auth.session-token=eyJhbGciOiJkaXIiLCJlbmMiOiJBMjU2R0NNIn0.._kKnyoDQZRK8etZx.rM3HusPYp4gXQjieasvKqWyx6j3HU-Tlg2qwCwiQm6fXWzmaGqgGd1nG-fN8qbxyxHjZ71r9cWEfpW4h0GqVlQGzz6UxjN9POBaDwE2Pv42Q7p2Fs-koKO4n6R0qFAIUdnz3clsk5oHcEutzGAl9RPtjchXTL7ZKGFN3jYwQ7u9WlhWEvSoFFrBGsErG_66nBplfVCMSLnWqIPHQjNrILok9H0UnHZaGtEUqbJsvuInT5Bnj96FnmITf4puQ6V8Rv-2tMzwxari6ZHcz-ibzXs50EjEY7R8EQ1FDYu2RmsZxBthI8r3htr4MtGfsMUlB-B9EaxYu0lvNzo2JUXS0nc7_st7LMdIJQRmx-p3gbKGERBnVGBSe0IKQ1rLKI6c4C6lp1GXI_TAZVREaOO1TTq2fYjjZXnOcwktwDjn7zvnxQ9Ii6dsZNmLQPYyKwJL9nofFRFv8Vmn3e2EORBtMzXDUcy1685lYsIBJeSiR_mXg30vYpD907UE.buTkb-S1rrTh_wU3WWmDdA; studio_session=eyJ1c2VySWQiOiJjbXFqOWI0cnQwMDAwbGIwNG90c2l1MzJlIiwibm9uY2UiOiI1MGRhYzc3MGUyOTNiNWY3In0.b7306449df55a57947c3726a6fe0facdc9c904fdc9990d595809309c6724c0b5

26 GET_ERROR apiRequestContext.get: Timeout 180000ms exceeded.
Call log:
  - → GET https://studio.homecheff.eu/api/instant-premium/projects/cmt5hnj1s0003jh09hns3vu4v/status
    - user-agent: Mozilla/5.0 (Macintosh; Intel Mac OS X 10_15_7) AppleWebKit/537.36 (KHTML, like Gecko) HeadlessChrome/151.0.0.0 Safari/537.36
    - accept: */*
    - accept-encoding: gzip,deflate,br
    - cookie: next-auth.session-token=eyJhbGciOiJkaXIiLCJlbmMiOiJBMjU2R0NNIn0.._kKnyoDQZRK8etZx.rM3HusPYp4gXQjieasvKqWyx6j3HU-Tlg2qwCwiQm6fXWzmaGqgGd1nG-fN8qbxyxHjZ71r9cWEfpW4h0GqVlQGzz6UxjN9POBaDwE2Pv42Q7p2Fs-koKO4n6R0qFAIUdnz3clsk5oHcEutzGAl9RPtjchXTL7ZKGFN3jYwQ7u9WlhWEvSoFFrBGsErG_66nBplfVCMSLnWqIPHQjNrILok9H0UnHZaGtEUqbJsvuInT5Bnj96FnmITf4puQ6V8Rv-2tMzwxari6ZHcz-ibzXs50EjEY7R8EQ1FDYu2RmsZxBthI8r3htr4MtGfsMUlB-B9EaxYu0lvNzo2JUXS0nc7_st7LMdIJQRmx-p3gbKGERBnVGBSe0IKQ1rLKI6c4C6lp1GXI_TAZVREaOO1TTq2fYjjZXnOcwktwDjn7zvnxQ9Ii6dsZNmLQPYyKwJL9nofFRFv8Vmn3e2EORBtMzXDUcy1685lYsIBJeSiR_mXg30vYpD907UE.buTkb-S1rrTh_wU3WWmDdA; studio_session=eyJ1c2VySWQiOiJjbXFqOWI0cnQwMDAwbGIwNG90c2l1MzJlIiwibm9uY2UiOiI1MGRhYzc3MGUyOTNiNWY3In0.b7306449df55a57947c3726a6fe0facdc9c904fdc9990d595809309c6724c0b5

27 GET_ERROR apiRequestContext.get: Timeout 180000ms exceeded.
Call log:
  - → GET https://studio.homecheff.eu/api/instant-premium/projects/cmt5hnj1s0003jh09hns3vu4v/status
    - user-agent: Mozilla/5.0 (Macintosh; Intel Mac OS X 10_15_7) AppleWebKit/537.36 (KHTML, like Gecko) HeadlessChrome/151.0.0.0 Safari/537.36
    - accept: */*
    - accept-encoding: gzip,deflate,br
    - cookie: next-auth.session-token=eyJhbGciOiJkaXIiLCJlbmMiOiJBMjU2R0NNIn0.._kKnyoDQZRK8etZx.rM3HusPYp4gXQjieasvKqWyx6j3HU-Tlg2qwCwiQm6fXWzmaGqgGd1nG-fN8qbxyxHjZ71r9cWEfpW4h0GqVlQGzz6UxjN9POBaDwE2Pv42Q7p2Fs-koKO4n6R0qFAIUdnz3clsk5oHcEutzGAl9RPtjchXTL7ZKGFN3jYwQ7u9WlhWEvSoFFrBGsErG_66nBplfVCMSLnWqIPHQjNrILok9H0UnHZaGtEUqbJsvuInT5Bnj96FnmITf4puQ6V8Rv-2tMzwxari6ZHcz-ibzXs50EjEY7R8EQ1FDYu2RmsZxBthI8r3htr4MtGfsMUlB-B9EaxYu0lvNzo2JUXS0nc7_st7LMdIJQRmx-p3gbKGERBnVGBSe0IKQ1rLKI6c4C6lp1GXI_TAZVREaOO1TTq2fYjjZXnOcwktwDjn7zvnxQ9Ii6dsZNmLQPYyKwJL9nofFRFv8Vmn3e2EORBtMzXDUcy1685lYsIBJeSiR_mXg30vYpD907UE.buTkb-S1rrTh_wU3WWmDdA; studio_session=eyJ1c2VySWQiOiJjbXFqOWI0cnQwMDAwbGIwNG90c2l1MzJlIiwibm9uY2UiOiI1MGRhYzc3MGUyOTNiNWY3In0.b7306449df55a57947c3726a6fe0facdc9c904fdc9990d595809309c6724c0b5

28 GET_ERROR apiRequestContext.get: Timeout 180000ms exceeded.
Call log:
  - → GET https://studio.homecheff.eu/api/instant-premium/projects/cmt5hnj1s0003jh09hns3vu4v/status
    - user-agent: Mozilla/5.0 (Macintosh; Intel Mac OS X 10_15_7) AppleWebKit/537.36 (KHTML, like Gecko) HeadlessChrome/151.0.0.0 Safari/537.36
    - accept: */*
    - accept-encoding: gzip,deflate,br
    - cookie: next-auth.session-token=eyJhbGciOiJkaXIiLCJlbmMiOiJBMjU2R0NNIn0.._kKnyoDQZRK8etZx.rM3HusPYp4gXQjieasvKqWyx6j3HU-Tlg2qwCwiQm6fXWzmaGqgGd1nG-fN8qbxyxHjZ71r9cWEfpW4h0GqVlQGzz6UxjN9POBaDwE2Pv42Q7p2Fs-koKO4n6R0qFAIUdnz3clsk5oHcEutzGAl9RPtjchXTL7ZKGFN3jYwQ7u9WlhWEvSoFFrBGsErG_66nBplfVCMSLnWqIPHQjNrILok9H0UnHZaGtEUqbJsvuInT5Bnj96FnmITf4puQ6V8Rv-2tMzwxari6ZHcz-ibzXs50EjEY7R8EQ1FDYu2RmsZxBthI8r3htr4MtGfsMUlB-B9EaxYu0lvNzo2JUXS0nc7_st7LMdIJQRmx-p3gbKGERBnVGBSe0IKQ1rLKI6c4C6lp1GXI_TAZVREaOO1TTq2fYjjZXnOcwktwDjn7zvnxQ9Ii6dsZNmLQPYyKwJL9nofFRFv8Vmn3e2EORBtMzXDUcy1685lYsIBJeSiR_mXg30vYpD907UE.buTkb-S1rrTh_wU3WWmDdA; studio_session=eyJ1c2VySWQiOiJjbXFqOWI0cnQwMDAwbGIwNG90c2l1MzJlIiwibm9uY2UiOiI1MGRhYzc3MGUyOTNiNWY3In0.b7306449df55a57947c3726a6fe0facdc9c904fdc9990d595809309c6724c0b5

29 GET_ERROR apiRequestContext.get: Timeout 180000ms exceeded.
Call log:
  - → GET https://studio.homecheff.eu/api/instant-premium/projects/cmt5hnj1s0003jh09hns3vu4v/status
    - user-agent: Mozilla/5.0 (Macintosh; Intel Mac OS X 10_15_7) AppleWebKit/537.36 (KHTML, like Gecko) HeadlessChrome/151.0.0.0 Safari/537.36
    - accept: */*
    - accept-encoding: gzip,deflate,br
    - cookie: next-auth.session-token=eyJhbGciOiJkaXIiLCJlbmMiOiJBMjU2R0NNIn0.._kKnyoDQZRK8etZx.rM3HusPYp4gXQjieasvKqWyx6j3HU-Tlg2qwCwiQm6fXWzmaGqgGd1nG-fN8qbxyxHjZ71r9cWEfpW4h0GqVlQGzz6UxjN9POBaDwE2Pv42Q7p2Fs-koKO4n6R0qFAIUdnz3clsk5oHcEutzGAl9RPtjchXTL7ZKGFN3jYwQ7u9WlhWEvSoFFrBGsErG_66nBplfVCMSLnWqIPHQjNrILok9H0UnHZaGtEUqbJsvuInT5Bnj96FnmITf4puQ6V8Rv-2tMzwxari6ZHcz-ibzXs50EjEY7R8EQ1FDYu2RmsZxBthI8r3htr4MtGfsMUlB-B9EaxYu0lvNzo2JUXS0nc7_st7LMdIJQRmx-p3gbKGERBnVGBSe0IKQ1rLKI6c4C6lp1GXI_TAZVREaOO1TTq2fYjjZXnOcwktwDjn7zvnxQ9Ii6dsZNmLQPYyKwJL9nofFRFv8Vmn3e2EORBtMzXDUcy1685lYsIBJeSiR_mXg30vYpD907UE.buTkb-S1rrTh_wU3WWmDdA; studio_session=eyJ1c2VySWQiOiJjbXFqOWI0cnQwMDAwbGIwNG90c2l1MzJlIiwibm9uY2UiOiI1MGRhYzc3MGUyOTNiNWY3In0.b7306449df55a57947c3726a6fe0facdc9c904fdc9990d595809309c6724c0b5

30 GET_ERROR apiRequestContext.get: Timeout 180000ms exceeded.
Call log:
  - → GET https://studio.homecheff.eu/api/instant-premium/projects/cmt5hnj1s0003jh09hns3vu4v/status
    - user-agent: Mozilla/5.0 (Macintosh; Intel Mac OS X 10_15_7) AppleWebKit/537.36 (KHTML, like Gecko) HeadlessChrome/151.0.0.0 Safari/537.36
    - accept: */*
    - accept-encoding: gzip,deflate,br
    - cookie: next-auth.session-token=eyJhbGciOiJkaXIiLCJlbmMiOiJBMjU2R0NNIn0.._kKnyoDQZRK8etZx.rM3HusPYp4gXQjieasvKqWyx6j3HU-Tlg2qwCwiQm6fXWzmaGqgGd1nG-fN8qbxyxHjZ71r9cWEfpW4h0GqVlQGzz6UxjN9POBaDwE2Pv42Q7p2Fs-koKO4n6R0qFAIUdnz3clsk5oHcEutzGAl9RPtjchXTL7ZKGFN3jYwQ7u9WlhWEvSoFFrBGsErG_66nBplfVCMSLnWqIPHQjNrILok9H0UnHZaGtEUqbJsvuInT5Bnj96FnmITf4puQ6V8Rv-2tMzwxari6ZHcz-ibzXs50EjEY7R8EQ1FDYu2RmsZxBthI8r3htr4MtGfsMUlB-B9EaxYu0lvNzo2JUXS0nc7_st7LMdIJQRmx-p3gbKGERBnVGBSe0IKQ1rLKI6c4C6lp1GXI_TAZVREaOO1TTq2fYjjZXnOcwktwDjn7zvnxQ9Ii6dsZNmLQPYyKwJL9nofFRFv8Vmn3e2EORBtMzXDUcy1685lYsIBJeSiR_mXg30vYpD907UE.buTkb-S1rrTh_wU3WWmDdA; studio_session=eyJ1c2VySWQiOiJjbXFqOWI0cnQwMDAwbGIwNG90c2l1MzJlIiwibm9uY2UiOiI1MGRhYzc3MGUyOTNiNWY3In0.b7306449df55a57947c3726a6fe0facdc9c904fdc9990d595809309c6724c0b5

31 GET_ERROR apiRequestContext.get: Timeout 180000ms exceeded.
Call log:
  - → GET https://studio.homecheff.eu/api/instant-premium/projects/cmt5hnj1s0003jh09hns3vu4v/status
    - user-agent: Mozilla/5.0 (Macintosh; Intel Mac OS X 10_15_7) AppleWebKit/537.36 (KHTML, like Gecko) HeadlessChrome/151.0.0.0 Safari/537.36
    - accept: */*
    - accept-encoding: gzip,deflate,br
    - cookie: next-auth.session-token=eyJhbGciOiJkaXIiLCJlbmMiOiJBMjU2R0NNIn0.._kKnyoDQZRK8etZx.rM3HusPYp4gXQjieasvKqWyx6j3HU-Tlg2qwCwiQm6fXWzmaGqgGd1nG-fN8qbxyxHjZ71r9cWEfpW4h0GqVlQGzz6UxjN9POBaDwE2Pv42Q7p2Fs-koKO4n6R0qFAIUdnz3clsk5oHcEutzGAl9RPtjchXTL7ZKGFN3jYwQ7u9WlhWEvSoFFrBGsErG_66nBplfVCMSLnWqIPHQjNrILok9H0UnHZaGtEUqbJsvuInT5Bnj96FnmITf4puQ6V8Rv-2tMzwxari6ZHcz-ibzXs50EjEY7R8EQ1FDYu2RmsZxBthI8r3htr4MtGfsMUlB-B9EaxYu0lvNzo2JUXS0nc7_st7LMdIJQRmx-p3gbKGERBnVGBSe0IKQ1rLKI6c4C6lp1GXI_TAZVREaOO1TTq2fYjjZXnOcwktwDjn7zvnxQ9Ii6dsZNmLQPYyKwJL9nofFRFv8Vmn3e2EORBtMzXDUcy1685lYsIBJeSiR_mXg30vYpD907UE.buTkb-S1rrTh_wU3WWmDdA; studio_session=eyJ1c2VySWQiOiJjbXFqOWI0cnQwMDAwbGIwNG90c2l1MzJlIiwibm9uY2UiOiI1MGRhYzc3MGUyOTNiNWY3In0.b7306449df55a57947c3726a6fe0facdc9c904fdc9990d595809309c6724c0b5

32 GET_ERROR apiRequestContext.get: Timeout 180000ms exceeded.
Call log:
  - → GET https://studio.homecheff.eu/api/instant-premium/projects/cmt5hnj1s0003jh09hns3vu4v/status
    - user-agent: Mozilla/5.0 (Macintosh; Intel Mac OS X 10_15_7) AppleWebKit/537.36 (KHTML, like Gecko) HeadlessChrome/151.0.0.0 Safari/537.36
    - accept: */*
    - accept-encoding: gzip,deflate,br
    - cookie: next-auth.session-token=eyJhbGciOiJkaXIiLCJlbmMiOiJBMjU2R0NNIn0.._kKnyoDQZRK8etZx.rM3HusPYp4gXQjieasvKqWyx6j3HU-Tlg2qwCwiQm6fXWzmaGqgGd1nG-fN8qbxyxHjZ71r9cWEfpW4h0GqVlQGzz6UxjN9POBaDwE2Pv42Q7p2Fs-koKO4n6R0qFAIUdnz3clsk5oHcEutzGAl9RPtjchXTL7ZKGFN3jYwQ7u9WlhWEvSoFFrBGsErG_66nBplfVCMSLnWqIPHQjNrILok9H0UnHZaGtEUqbJsvuInT5Bnj96FnmITf4puQ6V8Rv-2tMzwxari6ZHcz-ibzXs50EjEY7R8EQ1FDYu2RmsZxBthI8r3htr4MtGfsMUlB-B9EaxYu0lvNzo2JUXS0nc7_st7LMdIJQRmx-p3gbKGERBnVGBSe0IKQ1rLKI6c4C6lp1GXI_TAZVREaOO1TTq2fYjjZXnOcwktwDjn7zvnxQ9Ii6dsZNmLQPYyKwJL9nofFRFv8Vmn3e2EORBtMzXDUcy1685lYsIBJeSiR_mXg30vYpD907UE.buTkb-S1rrTh_wU3WWmDdA; studio_session=eyJ1c2VySWQiOiJjbXFqOWI0cnQwMDAwbGIwNG90c2l1MzJlIiwibm9uY2UiOiI1MGRhYzc3MGUyOTNiNWY3In0.b7306449df55a57947c3726a6fe0facdc9c904fdc9990d595809309c6724c0b5

33 GET_ERROR apiRequestContext.get: Timeout 180000ms exceeded.
Call log:
  - → GET https://studio.homecheff.eu/api/instant-premium/projects/cmt5hnj1s0003jh09hns3vu4v/status
    - user-agent: Mozilla/5.0 (Macintosh; Intel Mac OS X 10_15_7) AppleWebKit/537.36 (KHTML, like Gecko) HeadlessChrome/151.0.0.0 Safari/537.36
    - accept: */*
    - accept-encoding: gzip,deflate,br
    - cookie: next-auth.session-token=eyJhbGciOiJkaXIiLCJlbmMiOiJBMjU2R0NNIn0.._kKnyoDQZRK8etZx.rM3HusPYp4gXQjieasvKqWyx6j3HU-Tlg2qwCwiQm6fXWzmaGqgGd1nG-fN8qbxyxHjZ71r9cWEfpW4h0GqVlQGzz6UxjN9POBaDwE2Pv42Q7p2Fs-koKO4n6R0qFAIUdnz3clsk5oHcEutzGAl9RPtjchXTL7ZKGFN3jYwQ7u9WlhWEvSoFFrBGsErG_66nBplfVCMSLnWqIPHQjNrILok9H0UnHZaGtEUqbJsvuInT5Bnj96FnmITf4puQ6V8Rv-2tMzwxari6ZHcz-ibzXs50EjEY7R8EQ1FDYu2RmsZxBthI8r3htr4MtGfsMUlB-B9EaxYu0lvNzo2JUXS0nc7_st7LMdIJQRmx-p3gbKGERBnVGBSe0IKQ1rLKI6c4C6lp1GXI_TAZVREaOO1TTq2fYjjZXnOcwktwDjn7zvnxQ9Ii6dsZNmLQPYyKwJL9nofFRFv8Vmn3e2EORBtMzXDUcy1685lYsIBJeSiR_mXg30vYpD907UE.buTkb-S1rrTh_wU3WWmDdA; studio_session=eyJ1c2VySWQiOiJjbXFqOWI0cnQwMDAwbGIwNG90c2l1MzJlIiwibm9uY2UiOiI1MGRhYzc3MGUyOTNiNWY3In0.b7306449df55a57947c3726a6fe0facdc9c904fdc9990d595809309c6724c0b5

34 GET_ERROR apiRequestContext.get: Timeout 180000ms exceeded.
Call log:
  - → GET https://studio.homecheff.eu/api/instant-premium/projects/cmt5hnj1s0003jh09hns3vu4v/status
    - user-agent: Mozilla/5.0 (Macintosh; Intel Mac OS X 10_15_7) AppleWebKit/537.36 (KHTML, like Gecko) HeadlessChrome/151.0.0.0 Safari/537.36
    - accept: */*
    - accept-encoding: gzip,deflate,br
    - cookie: next-auth.session-token=eyJhbGciOiJkaXIiLCJlbmMiOiJBMjU2R0NNIn0.._kKnyoDQZRK8etZx.rM3HusPYp4gXQjieasvKqWyx6j3HU-Tlg2qwCwiQm6fXWzmaGqgGd1nG-fN8qbxyxHjZ71r9cWEfpW4h0GqVlQGzz6UxjN9POBaDwE2Pv42Q7p2Fs-koKO4n6R0qFAIUdnz3clsk5oHcEutzGAl9RPtjchXTL7ZKGFN3jYwQ7u9WlhWEvSoFFrBGsErG_66nBplfVCMSLnWqIPHQjNrILok9H0UnHZaGtEUqbJsvuInT5Bnj96FnmITf4puQ6V8Rv-2tMzwxari6ZHcz-ibzXs50EjEY7R8EQ1FDYu2RmsZxBthI8r3htr4MtGfsMUlB-B9EaxYu0lvNzo2JUXS0nc7_st7LMdIJQRmx-p3gbKGERBnVGBSe0IKQ1rLKI6c4C6lp1GXI_TAZVREaOO1TTq2fYjjZXnOcwktwDjn7zvnxQ9Ii6dsZNmLQPYyKwJL9nofFRFv8Vmn3e2EORBtMzXDUcy1685lYsIBJeSiR_mXg30vYpD907UE.buTkb-S1rrTh_wU3WWmDdA; studio_session=eyJ1c2VySWQiOiJjbXFqOWI0cnQwMDAwbGIwNG90c2l1MzJlIiwibm9uY2UiOiI1MGRhYzc3MGUyOTNiNWY3In0.b7306449df55a57947c3726a6fe0facdc9c904fdc9990d595809309c6724c0b5

35 GET_ERROR apiRequestContext.get: Timeout 180000ms exceeded.
Call log:
  - → GET https://studio.homecheff.eu/api/instant-premium/projects/cmt5hnj1s0003jh09hns3vu4v/status
    - user-agent: Mozilla/5.0 (Macintosh; Intel Mac OS X 10_15_7) AppleWebKit/537.36 (KHTML, like Gecko) HeadlessChrome/151.0.0.0 Safari/537.36
    - accept: */*
    - accept-encoding: gzip,deflate,br
    - cookie: next-auth.session-token=eyJhbGciOiJkaXIiLCJlbmMiOiJBMjU2R0NNIn0.._kKnyoDQZRK8etZx.rM3HusPYp4gXQjieasvKqWyx6j3HU-Tlg2qwCwiQm6fXWzmaGqgGd1nG-fN8qbxyxHjZ71r9cWEfpW4h0GqVlQGzz6UxjN9POBaDwE2Pv42Q7p2Fs-koKO4n6R0qFAIUdnz3clsk5oHcEutzGAl9RPtjchXTL7ZKGFN3jYwQ7u9WlhWEvSoFFrBGsErG_66nBplfVCMSLnWqIPHQjNrILok9H0UnHZaGtEUqbJsvuInT5Bnj96FnmITf4puQ6V8Rv-2tMzwxari6ZHcz-ibzXs50EjEY7R8EQ1FDYu2RmsZxBthI8r3htr4MtGfsMUlB-B9EaxYu0lvNzo2JUXS0nc7_st7LMdIJQRmx-p3gbKGERBnVGBSe0IKQ1rLKI6c4C6lp1GXI_TAZVREaOO1TTq2fYjjZXnOcwktwDjn7zvnxQ9Ii6dsZNmLQPYyKwJL9nofFRFv8Vmn3e2EORBtMzXDUcy1685lYsIBJeSiR_mXg30vYpD907UE.buTkb-S1rrTh_wU3WWmDdA; studio_session=eyJ1c2VySWQiOiJjbXFqOWI0cnQwMDAwbGIwNG90c2l1MzJlIiwibm9uY2UiOiI1MGRhYzc3MGUyOTNiNWY3In0.b7306449df55a57947c3726a6fe0facdc9c904fdc9990d595809309c6724c0b5

36 GET_ERROR apiRequestContext.get: Timeout 180000ms exceeded.
Call log:
  - → GET https://studio.homecheff.eu/api/instant-premium/projects/cmt5hnj1s0003jh09hns3vu4v/status
    - user-agent: Mozilla/5.0 (Macintosh; Intel Mac OS X 10_15_7) AppleWebKit/537.36 (KHTML, like Gecko) HeadlessChrome/151.0.0.0 Safari/537.36
    - accept: */*
    - accept-encoding: gzip,deflate,br
    - cookie: next-auth.session-token=eyJhbGciOiJkaXIiLCJlbmMiOiJBMjU2R0NNIn0.._kKnyoDQZRK8etZx.rM3HusPYp4gXQjieasvKqWyx6j3HU-Tlg2qwCwiQm6fXWzmaGqgGd1nG-fN8qbxyxHjZ71r9cWEfpW4h0GqVlQGzz6UxjN9POBaDwE2Pv42Q7p2Fs-koKO4n6R0qFAIUdnz3clsk5oHcEutzGAl9RPtjchXTL7ZKGFN3jYwQ7u9WlhWEvSoFFrBGsErG_66nBplfVCMSLnWqIPHQjNrILok9H0UnHZaGtEUqbJsvuInT5Bnj96FnmITf4puQ6V8Rv-2tMzwxari6ZHcz-ibzXs50EjEY7R8EQ1FDYu2RmsZxBthI8r3htr4MtGfsMUlB-B9EaxYu0lvNzo2JUXS0nc7_st7LMdIJQRmx-p3gbKGERBnVGBSe0IKQ1rLKI6c4C6lp1GXI_TAZVREaOO1TTq2fYjjZXnOcwktwDjn7zvnxQ9Ii6dsZNmLQPYyKwJL9nofFRFv8Vmn3e2EORBtMzXDUcy1685lYsIBJeSiR_mXg30vYpD907UE.buTkb-S1rrTh_wU3WWmDdA; studio_session=eyJ1c2VySWQiOiJjbXFqOWI0cnQwMDAwbGIwNG90c2l1MzJlIiwibm9uY2UiOiI1MGRhYzc3MGUyOTNiNWY3In0.b7306449df55a57947c3726a6fe0facdc9c904fdc9990d595809309c6724c0b5

37 GET_ERROR apiRequestContext.get: Timeout 180000ms exceeded.
Call log:
  - → GET https://studio.homecheff.eu/api/instant-premium/projects/cmt5hnj1s0003jh09hns3vu4v/status
    - user-agent: Mozilla/5.0 (Macintosh; Intel Mac OS X 10_15_7) AppleWebKit/537.36 (KHTML, like Gecko) HeadlessChrome/151.0.0.0 Safari/537.36
    - accept: */*
    - accept-encoding: gzip,deflate,br
    - cookie: next-auth.session-token=eyJhbGciOiJkaXIiLCJlbmMiOiJBMjU2R0NNIn0.._kKnyoDQZRK8etZx.rM3HusPYp4gXQjieasvKqWyx6j3HU-Tlg2qwCwiQm6fXWzmaGqgGd1nG-fN8qbxyxHjZ71r9cWEfpW4h0GqVlQGzz6UxjN9POBaDwE2Pv42Q7p2Fs-koKO4n6R0qFAIUdnz3clsk5oHcEutzGAl9RPtjchXTL7ZKGFN3jYwQ7u9WlhWEvSoFFrBGsErG_66nBplfVCMSLnWqIPHQjNrILok9H0UnHZaGtEUqbJsvuInT5Bnj96FnmITf4puQ6V8Rv-2tMzwxari6ZHcz-ibzXs50EjEY7R8EQ1FDYu2RmsZxBthI8r3htr4MtGfsMUlB-B9EaxYu0lvNzo2JUXS0nc7_st7LMdIJQRmx-p3gbKGERBnVGBSe0IKQ1rLKI6c4C6lp1GXI_TAZVREaOO1TTq2fYjjZXnOcwktwDjn7zvnxQ9Ii6dsZNmLQPYyKwJL9nofFRFv8Vmn3e2EORBtMzXDUcy1685lYsIBJeSiR_mXg30vYpD907UE.buTkb-S1rrTh_wU3WWmDdA; studio_session=eyJ1c2VySWQiOiJjbXFqOWI0cnQwMDAwbGIwNG90c2l1MzJlIiwibm9uY2UiOiI1MGRhYzc3MGUyOTNiNWY3In0.b7306449df55a57947c3726a6fe0facdc9c904fdc9990d595809309c6724c0b5

38 GET_ERROR apiRequestContext.get: Timeout 180000ms exceeded.
Call log:
  - → GET https://studio.homecheff.eu/api/instant-premium/projects/cmt5hnj1s0003jh09hns3vu4v/status
    - user-agent: Mozilla/5.0 (Macintosh; Intel Mac OS X 10_15_7) AppleWebKit/537.36 (KHTML, like Gecko) HeadlessChrome/151.0.0.0 Safari/537.36
    - accept: */*
    - accept-encoding: gzip,deflate,br
    - cookie: next-auth.session-token=eyJhbGciOiJkaXIiLCJlbmMiOiJBMjU2R0NNIn0.._kKnyoDQZRK8etZx.rM3HusPYp4gXQjieasvKqWyx6j3HU-Tlg2qwCwiQm6fXWzmaGqgGd1nG-fN8qbxyxHjZ71r9cWEfpW4h0GqVlQGzz6UxjN9POBaDwE2Pv42Q7p2Fs-koKO4n6R0qFAIUdnz3clsk5oHcEutzGAl9RPtjchXTL7ZKGFN3jYwQ7u9WlhWEvSoFFrBGsErG_66nBplfVCMSLnWqIPHQjNrILok9H0UnHZaGtEUqbJsvuInT5Bnj96FnmITf4puQ6V8Rv-2tMzwxari6ZHcz-ibzXs50EjEY7R8EQ1FDYu2RmsZxBthI8r3htr4MtGfsMUlB-B9EaxYu0lvNzo2JUXS0nc7_st7LMdIJQRmx-p3gbKGERBnVGBSe0IKQ1rLKI6c4C6lp1GXI_TAZVREaOO1TTq2fYjjZXnOcwktwDjn7zvnxQ9Ii6dsZNmLQPYyKwJL9nofFRFv8Vmn3e2EORBtMzXDUcy1685lYsIBJeSiR_mXg30vYpD907UE.buTkb-S1rrTh_wU3WWmDdA; studio_session=eyJ1c2VySWQiOiJjbXFqOWI0cnQwMDAwbGIwNG90c2l1MzJlIiwibm9uY2UiOiI1MGRhYzc3MGUyOTNiNWY3In0.b7306449df55a57947c3726a6fe0facdc9c904fdc9990d595809309c6724c0b5

39 GET_ERROR apiRequestContext.get: Timeout 180000ms exceeded.
Call log:
  - → GET https://studio.homecheff.eu/api/instant-premium/projects/cmt5hnj1s0003jh09hns3vu4v/status
    - user-agent: Mozilla/5.0 (Macintosh; Intel Mac OS X 10_15_7) AppleWebKit/537.36 (KHTML, like Gecko) HeadlessChrome/151.0.0.0 Safari/537.36
    - accept: */*
    - accept-encoding: gzip,deflate,br
    - cookie: next-auth.session-token=eyJhbGciOiJkaXIiLCJlbmMiOiJBMjU2R0NNIn0.._kKnyoDQZRK8etZx.rM3HusPYp4gXQjieasvKqWyx6j3HU-Tlg2qwCwiQm6fXWzmaGqgGd1nG-fN8qbxyxHjZ71r9cWEfpW4h0GqVlQGzz6UxjN9POBaDwE2Pv42Q7p2Fs-koKO4n6R0qFAIUdnz3clsk5oHcEutzGAl9RPtjchXTL7ZKGFN3jYwQ7u9WlhWEvSoFFrBGsErG_66nBplfVCMSLnWqIPHQjNrILok9H0UnHZaGtEUqbJsvuInT5Bnj96FnmITf4puQ6V8Rv-2tMzwxari6ZHcz-ibzXs50EjEY7R8EQ1FDYu2RmsZxBthI8r3htr4MtGfsMUlB-B9EaxYu0lvNzo2JUXS0nc7_st7LMdIJQRmx-p3gbKGERBnVGBSe0IKQ1rLKI6c4C6lp1GXI_TAZVREaOO1TTq2fYjjZXnOcwktwDjn7zvnxQ9Ii6dsZNmLQPYyKwJL9nofFRFv8Vmn3e2EORBtMzXDUcy1685lYsIBJeSiR_mXg30vYpD907UE.buTkb-S1rrTh_wU3WWmDdA; studio_session=eyJ1c2VySWQiOiJjbXFqOWI0cnQwMDAwbGIwNG90c2l1MzJlIiwibm9uY2UiOiI1MGRhYzc3MGUyOTNiNWY3In0.b7306449df55a57947c3726a6fe0facdc9c904fdc9990d595809309c6724c0b5

40 GET_ERROR apiRequestContext.get: Timeout 180000ms exceeded.
Call log:
  - → GET https://studio.homecheff.eu/api/instant-premium/projects/cmt5hnj1s0003jh09hns3vu4v/status
    - user-agent: Mozilla/5.0 (Macintosh; Intel Mac OS X 10_15_7) AppleWebKit/537.36 (KHTML, like Gecko) HeadlessChrome/151.0.0.0 Safari/537.36
    - accept: */*
    - accept-encoding: gzip,deflate,br
    - cookie: next-auth.session-token=eyJhbGciOiJkaXIiLCJlbmMiOiJBMjU2R0NNIn0.._kKnyoDQZRK8etZx.rM3HusPYp4gXQjieasvKqWyx6j3HU-Tlg2qwCwiQm6fXWzmaGqgGd1nG-fN8qbxyxHjZ71r9cWEfpW4h0GqVlQGzz6UxjN9POBaDwE2Pv42Q7p2Fs-koKO4n6R0qFAIUdnz3clsk5oHcEutzGAl9RPtjchXTL7ZKGFN3jYwQ7u9WlhWEvSoFFrBGsErG_66nBplfVCMSLnWqIPHQjNrILok9H0UnHZaGtEUqbJsvuInT5Bnj96FnmITf4puQ6V8Rv-2tMzwxari6ZHcz-ibzXs50EjEY7R8EQ1FDYu2RmsZxBthI8r3htr4MtGfsMUlB-B9EaxYu0lvNzo2JUXS0nc7_st7LMdIJQRmx-p3gbKGERBnVGBSe0IKQ1rLKI6c4C6lp1GXI_TAZVREaOO1TTq2fYjjZXnOcwktwDjn7zvnxQ9Ii6dsZNmLQPYyKwJL9nofFRFv8Vmn3e2EORBtMzXDUcy1685lYsIBJeSiR_mXg30vYpD907UE.buTkb-S1rrTh_wU3WWmDdA; studio_session=eyJ1c2VySWQiOiJjbXFqOWI0cnQwMDAwbGIwNG90c2l1MzJlIiwibm9uY2UiOiI1MGRhYzc3MGUyOTNiNWY3In0.b7306449df55a57947c3726a6fe0facdc9c904fdc9990d595809309c6724c0b5

41 GET_ERROR apiRequestContext.get: Timeout 180000ms exceeded.
Call log:
  - → GET https://studio.homecheff.eu/api/instant-premium/projects/cmt5hnj1s0003jh09hns3vu4v/status
    - user-agent: Mozilla/5.0 (Macintosh; Intel Mac OS X 10_15_7) AppleWebKit/537.36 (KHTML, like Gecko) HeadlessChrome/151.0.0.0 Safari/537.36
    - accept: */*
    - accept-encoding: gzip,deflate,br
    - cookie: next-auth.session-token=eyJhbGciOiJkaXIiLCJlbmMiOiJBMjU2R0NNIn0.._kKnyoDQZRK8etZx.rM3HusPYp4gXQjieasvKqWyx6j3HU-Tlg2qwCwiQm6fXWzmaGqgGd1nG-fN8qbxyxHjZ71r9cWEfpW4h0GqVlQGzz6UxjN9POBaDwE2Pv42Q7p2Fs-koKO4n6R0qFAIUdnz3clsk5oHcEutzGAl9RPtjchXTL7ZKGFN3jYwQ7u9WlhWEvSoFFrBGsErG_66nBplfVCMSLnWqIPHQjNrILok9H0UnHZaGtEUqbJsvuInT5Bnj96FnmITf4puQ6V8Rv-2tMzwxari6ZHcz-ibzXs50EjEY7R8EQ1FDYu2RmsZxBthI8r3htr4MtGfsMUlB-B9EaxYu0lvNzo2JUXS0nc7_st7LMdIJQRmx-p3gbKGERBnVGBSe0IKQ1rLKI6c4C6lp1GXI_TAZVREaOO1TTq2fYjjZXnOcwktwDjn7zvnxQ9Ii6dsZNmLQPYyKwJL9nofFRFv8Vmn3e2EORBtMzXDUcy1685lYsIBJeSiR_mXg30vYpD907UE.buTkb-S1rrTh_wU3WWmDdA; studio_session=eyJ1c2VySWQiOiJjbXFqOWI0cnQwMDAwbGIwNG90c2l1MzJlIiwibm9uY2UiOiI1MGRhYzc3MGUyOTNiNWY3In0.b7306449df55a57947c3726a6fe0facdc9c904fdc9990d595809309c6724c0b5

42 GET_ERROR apiRequestContext.get: Timeout 180000ms exceeded.
Call log:
  - → GET https://studio.homecheff.eu/api/instant-premium/projects/cmt5hnj1s0003jh09hns3vu4v/status
    - user-agent: Mozilla/5.0 (Macintosh; Intel Mac OS X 10_15_7) AppleWebKit/537.36 (KHTML, like Gecko) HeadlessChrome/151.0.0.0 Safari/537.36
    - accept: */*
    - accept-encoding: gzip,deflate,br
    - cookie: next-auth.session-token=eyJhbGciOiJkaXIiLCJlbmMiOiJBMjU2R0NNIn0.._kKnyoDQZRK8etZx.rM3HusPYp4gXQjieasvKqWyx6j3HU-Tlg2qwCwiQm6fXWzmaGqgGd1nG-fN8qbxyxHjZ71r9cWEfpW4h0GqVlQGzz6UxjN9POBaDwE2Pv42Q7p2Fs-koKO4n6R0qFAIUdnz3clsk5oHcEutzGAl9RPtjchXTL7ZKGFN3jYwQ7u9WlhWEvSoFFrBGsErG_66nBplfVCMSLnWqIPHQjNrILok9H0UnHZaGtEUqbJsvuInT5Bnj96FnmITf4puQ6V8Rv-2tMzwxari6ZHcz-ibzXs50EjEY7R8EQ1FDYu2RmsZxBthI8r3htr4MtGfsMUlB-B9EaxYu0lvNzo2JUXS0nc7_st7LMdIJQRmx-p3gbKGERBnVGBSe0IKQ1rLKI6c4C6lp1GXI_TAZVREaOO1TTq2fYjjZXnOcwktwDjn7zvnxQ9Ii6dsZNmLQPYyKwJL9nofFRFv8Vmn3e2EORBtMzXDUcy1685lYsIBJeSiR_mXg30vYpD907UE.buTkb-S1rrTh_wU3WWmDdA; studio_session=eyJ1c2VySWQiOiJjbXFqOWI0cnQwMDAwbGIwNG90c2l1MzJlIiwibm9uY2UiOiI1MGRhYzc3MGUyOTNiNWY3In0.b7306449df55a57947c3726a6fe0facdc9c904fdc9990d595809309c6724c0b5

43 GET_ERROR apiRequestContext.get: Timeout 180000ms exceeded.
Call log:
  - → GET https://studio.homecheff.eu/api/instant-premium/projects/cmt5hnj1s0003jh09hns3vu4v/status
    - user-agent: Mozilla/5.0 (Macintosh; Intel Mac OS X 10_15_7) AppleWebKit/537.36 (KHTML, like Gecko) HeadlessChrome/151.0.0.0 Safari/537.36
    - accept: */*
    - accept-encoding: gzip,deflate,br
    - cookie: next-auth.session-token=eyJhbGciOiJkaXIiLCJlbmMiOiJBMjU2R0NNIn0.._kKnyoDQZRK8etZx.rM3HusPYp4gXQjieasvKqWyx6j3HU-Tlg2qwCwiQm6fXWzmaGqgGd1nG-fN8qbxyxHjZ71r9cWEfpW4h0GqVlQGzz6UxjN9POBaDwE2Pv42Q7p2Fs-koKO4n6R0qFAIUdnz3clsk5oHcEutzGAl9RPtjchXTL7ZKGFN3jYwQ7u9WlhWEvSoFFrBGsErG_66nBplfVCMSLnWqIPHQjNrILok9H0UnHZaGtEUqbJsvuInT5Bnj96FnmITf4puQ6V8Rv-2tMzwxari6ZHcz-ibzXs50EjEY7R8EQ1FDYu2RmsZxBthI8r3htr4MtGfsMUlB-B9EaxYu0lvNzo2JUXS0nc7_st7LMdIJQRmx-p3gbKGERBnVGBSe0IKQ1rLKI6c4C6lp1GXI_TAZVREaOO1TTq2fYjjZXnOcwktwDjn7zvnxQ9Ii6dsZNmLQPYyKwJL9nofFRFv8Vmn3e2EORBtMzXDUcy1685lYsIBJeSiR_mXg30vYpD907UE.buTkb-S1rrTh_wU3WWmDdA; studio_session=eyJ1c2VySWQiOiJjbXFqOWI0cnQwMDAwbGIwNG90c2l1MzJlIiwibm9uY2UiOiI1MGRhYzc3MGUyOTNiNWY3In0.b7306449df55a57947c3726a6fe0facdc9c904fdc9990d595809309c6724c0b5

44 GET_ERROR apiRequestContext.get: Timeout 180000ms exceeded.
Call log:
  - → GET https://studio.homecheff.eu/api/instant-premium/projects/cmt5hnj1s0003jh09hns3vu4v/status
    - user-agent: Mozilla/5.0 (Macintosh; Intel Mac OS X 10_15_7) AppleWebKit/537.36 (KHTML, like Gecko) HeadlessChrome/151.0.0.0 Safari/537.36
    - accept: */*
    - accept-encoding: gzip,deflate,br
    - cookie: next-auth.session-token=eyJhbGciOiJkaXIiLCJlbmMiOiJBMjU2R0NNIn0.._kKnyoDQZRK8etZx.rM3HusPYp4gXQjieasvKqWyx6j3HU-Tlg2qwCwiQm6fXWzmaGqgGd1nG-fN8qbxyxHjZ71r9cWEfpW4h0GqVlQGzz6UxjN9POBaDwE2Pv42Q7p2Fs-koKO4n6R0qFAIUdnz3clsk5oHcEutzGAl9RPtjchXTL7ZKGFN3jYwQ7u9WlhWEvSoFFrBGsErG_66nBplfVCMSLnWqIPHQjNrILok9H0UnHZaGtEUqbJsvuInT5Bnj96FnmITf4puQ6V8Rv-2tMzwxari6ZHcz-ibzXs50EjEY7R8EQ1FDYu2RmsZxBthI8r3htr4MtGfsMUlB-B9EaxYu0lvNzo2JUXS0nc7_st7LMdIJQRmx-p3gbKGERBnVGBSe0IKQ1rLKI6c4C6lp1GXI_TAZVREaOO1TTq2fYjjZXnOcwktwDjn7zvnxQ9Ii6dsZNmLQPYyKwJL9nofFRFv8Vmn3e2EORBtMzXDUcy1685lYsIBJeSiR_mXg30vYpD907UE.buTkb-S1rrTh_wU3WWmDdA; studio_session=eyJ1c2VySWQiOiJjbXFqOWI0cnQwMDAwbGIwNG90c2l1MzJlIiwibm9uY2UiOiI1MGRhYzc3MGUyOTNiNWY3In0.b7306449df55a57947c3726a6fe0facdc9c904fdc9990d595809309c6724c0b5

45 GET_ERROR apiRequestContext.get: Timeout 180000ms exceeded.
Call log:
  - → GET https://studio.homecheff.eu/api/instant-premium/projects/cmt5hnj1s0003jh09hns3vu4v/status
    - user-agent: Mozilla/5.0 (Macintosh; Intel Mac OS X 10_15_7) AppleWebKit/537.36 (KHTML, like Gecko) HeadlessChrome/151.0.0.0 Safari/537.36
    - accept: */*
    - accept-encoding: gzip,deflate,br
    - cookie: next-auth.session-token=eyJhbGciOiJkaXIiLCJlbmMiOiJBMjU2R0NNIn0.._kKnyoDQZRK8etZx.rM3HusPYp4gXQjieasvKqWyx6j3HU-Tlg2qwCwiQm6fXWzmaGqgGd1nG-fN8qbxyxHjZ71r9cWEfpW4h0GqVlQGzz6UxjN9POBaDwE2Pv42Q7p2Fs-koKO4n6R0qFAIUdnz3clsk5oHcEutzGAl9RPtjchXTL7ZKGFN3jYwQ7u9WlhWEvSoFFrBGsErG_66nBplfVCMSLnWqIPHQjNrILok9H0UnHZaGtEUqbJsvuInT5Bnj96FnmITf4puQ6V8Rv-2tMzwxari6ZHcz-ibzXs50EjEY7R8EQ1FDYu2RmsZxBthI8r3htr4MtGfsMUlB-B9EaxYu0lvNzo2JUXS0nc7_st7LMdIJQRmx-p3gbKGERBnVGBSe0IKQ1rLKI6c4C6lp1GXI_TAZVREaOO1TTq2fYjjZXnOcwktwDjn7zvnxQ9Ii6dsZNmLQPYyKwJL9nofFRFv8Vmn3e2EORBtMzXDUcy1685lYsIBJeSiR_mXg30vYpD907UE.buTkb-S1rrTh_wU3WWmDdA; studio_session=eyJ1c2VySWQiOiJjbXFqOWI0cnQwMDAwbGIwNG90c2l1MzJlIiwibm9uY2UiOiI1MGRhYzc3MGUyOTNiNWY3In0.b7306449df55a57947c3726a6fe0facdc9c904fdc9990d595809309c6724c0b5

46 GET_ERROR apiRequestContext.get: Timeout 180000ms exceeded.
Call log:
  - → GET https://studio.homecheff.eu/api/instant-premium/projects/cmt5hnj1s0003jh09hns3vu4v/status
    - user-agent: Mozilla/5.0 (Macintosh; Intel Mac OS X 10_15_7) AppleWebKit/537.36 (KHTML, like Gecko) HeadlessChrome/151.0.0.0 Safari/537.36
    - accept: */*
    - accept-encoding: gzip,deflate,br
    - cookie: next-auth.session-token=eyJhbGciOiJkaXIiLCJlbmMiOiJBMjU2R0NNIn0.._kKnyoDQZRK8etZx.rM3HusPYp4gXQjieasvKqWyx6j3HU-Tlg2qwCwiQm6fXWzmaGqgGd1nG-fN8qbxyxHjZ71r9cWEfpW4h0GqVlQGzz6UxjN9POBaDwE2Pv42Q7p2Fs-koKO4n6R0qFAIUdnz3clsk5oHcEutzGAl9RPtjchXTL7ZKGFN3jYwQ7u9WlhWEvSoFFrBGsErG_66nBplfVCMSLnWqIPHQjNrILok9H0UnHZaGtEUqbJsvuInT5Bnj96FnmITf4puQ6V8Rv-2tMzwxari6ZHcz-ibzXs50EjEY7R8EQ1FDYu2RmsZxBthI8r3htr4MtGfsMUlB-B9EaxYu0lvNzo2JUXS0nc7_st7LMdIJQRmx-p3gbKGERBnVGBSe0IKQ1rLKI6c4C6lp1GXI_TAZVREaOO1TTq2fYjjZXnOcwktwDjn7zvnxQ9Ii6dsZNmLQPYyKwJL9nofFRFv8Vmn3e2EORBtMzXDUcy1685lYsIBJeSiR_mXg30vYpD907UE.buTkb-S1rrTh_wU3WWmDdA; studio_session=eyJ1c2VySWQiOiJjbXFqOWI0cnQwMDAwbGIwNG90c2l1MzJlIiwibm9uY2UiOiI1MGRhYzc3MGUyOTNiNWY3In0.b7306449df55a57947c3726a6fe0facdc9c904fdc9990d595809309c6724c0b5

47 GET_ERROR apiRequestContext.get: Timeout 180000ms exceeded.
Call log:
  - → GET https://studio.homecheff.eu/api/instant-premium/projects/cmt5hnj1s0003jh09hns3vu4v/status
    - user-agent: Mozilla/5.0 (Macintosh; Intel Mac OS X 10_15_7) AppleWebKit/537.36 (KHTML, like Gecko) HeadlessChrome/151.0.0.0 Safari/537.36
    - accept: */*
    - accept-encoding: gzip,deflate,br
    - cookie: next-auth.session-token=eyJhbGciOiJkaXIiLCJlbmMiOiJBMjU2R0NNIn0.._kKnyoDQZRK8etZx.rM3HusPYp4gXQjieasvKqWyx6j3HU-Tlg2qwCwiQm6fXWzmaGqgGd1nG-fN8qbxyxHjZ71r9cWEfpW4h0GqVlQGzz6UxjN9POBaDwE2Pv42Q7p2Fs-koKO4n6R0qFAIUdnz3clsk5oHcEutzGAl9RPtjchXTL7ZKGFN3jYwQ7u9WlhWEvSoFFrBGsErG_66nBplfVCMSLnWqIPHQjNrILok9H0UnHZaGtEUqbJsvuInT5Bnj96FnmITf4puQ6V8Rv-2tMzwxari6ZHcz-ibzXs50EjEY7R8EQ1FDYu2RmsZxBthI8r3htr4MtGfsMUlB-B9EaxYu0lvNzo2JUXS0nc7_st7LMdIJQRmx-p3gbKGERBnVGBSe0IKQ1rLKI6c4C6lp1GXI_TAZVREaOO1TTq2fYjjZXnOcwktwDjn7zvnxQ9Ii6dsZNmLQPYyKwJL9nofFRFv8Vmn3e2EORBtMzXDUcy1685lYsIBJeSiR_mXg30vYpD907UE.buTkb-S1rrTh_wU3WWmDdA; studio_session=eyJ1c2VySWQiOiJjbXFqOWI0cnQwMDAwbGIwNG90c2l1MzJlIiwibm9uY2UiOiI1MGRhYzc3MGUyOTNiNWY3In0.b7306449df55a57947c3726a6fe0facdc9c904fdc9990d595809309c6724c0b5

48 GET_ERROR apiRequestContext.get: Timeout 180000ms exceeded.
Call log:
  - → GET https://studio.homecheff.eu/api/instant-premium/projects/cmt5hnj1s0003jh09hns3vu4v/status
    - user-agent: Mozilla/5.0 (Macintosh; Intel Mac OS X 10_15_7) AppleWebKit/537.36 (KHTML, like Gecko) HeadlessChrome/151.0.0.0 Safari/537.36
    - accept: */*
    - accept-encoding: gzip,deflate,br
    - cookie: next-auth.session-token=eyJhbGciOiJkaXIiLCJlbmMiOiJBMjU2R0NNIn0.._kKnyoDQZRK8etZx.rM3HusPYp4gXQjieasvKqWyx6j3HU-Tlg2qwCwiQm6fXWzmaGqgGd1nG-fN8qbxyxHjZ71r9cWEfpW4h0GqVlQGzz6UxjN9POBaDwE2Pv42Q7p2Fs-koKO4n6R0qFAIUdnz3clsk5oHcEutzGAl9RPtjchXTL7ZKGFN3jYwQ7u9WlhWEvSoFFrBGsErG_66nBplfVCMSLnWqIPHQjNrILok9H0UnHZaGtEUqbJsvuInT5Bnj96FnmITf4puQ6V8Rv-2tMzwxari6ZHcz-ibzXs50EjEY7R8EQ1FDYu2RmsZxBthI8r3htr4MtGfsMUlB-B9EaxYu0lvNzo2JUXS0nc7_st7LMdIJQRmx-p3gbKGERBnVGBSe0IKQ1rLKI6c4C6lp1GXI_TAZVREaOO1TTq2fYjjZXnOcwktwDjn7zvnxQ9Ii6dsZNmLQPYyKwJL9nofFRFv8Vmn3e2EORBtMzXDUcy1685lYsIBJeSiR_mXg30vYpD907UE.buTkb-S1rrTh_wU3WWmDdA; studio_session=eyJ1c2VySWQiOiJjbXFqOWI0cnQwMDAwbGIwNG90c2l1MzJlIiwibm9uY2UiOiI1MGRhYzc3MGUyOTNiNWY3In0.b7306449df55a57947c3726a6fe0facdc9c904fdc9990d595809309c6724c0b5

49 GET_ERROR apiRequestContext.get: Timeout 180000ms exceeded.
Call log:
  - → GET https://studio.homecheff.eu/api/instant-premium/projects/cmt5hnj1s0003jh09hns3vu4v/status
    - user-agent: Mozilla/5.0 (Macintosh; Intel Mac OS X 10_15_7) AppleWebKit/537.36 (KHTML, like Gecko) HeadlessChrome/151.0.0.0 Safari/537.36
    - accept: */*
    - accept-encoding: gzip,deflate,br
    - cookie: next-auth.session-token=eyJhbGciOiJkaXIiLCJlbmMiOiJBMjU2R0NNIn0.._kKnyoDQZRK8etZx.rM3HusPYp4gXQjieasvKqWyx6j3HU-Tlg2qwCwiQm6fXWzmaGqgGd1nG-fN8qbxyxHjZ71r9cWEfpW4h0GqVlQGzz6UxjN9POBaDwE2Pv42Q7p2Fs-koKO4n6R0qFAIUdnz3clsk5oHcEutzGAl9RPtjchXTL7ZKGFN3jYwQ7u9WlhWEvSoFFrBGsErG_66nBplfVCMSLnWqIPHQjNrILok9H0UnHZaGtEUqbJsvuInT5Bnj96FnmITf4puQ6V8Rv-2tMzwxari6ZHcz-ibzXs50EjEY7R8EQ1FDYu2RmsZxBthI8r3htr4MtGfsMUlB-B9EaxYu0lvNzo2JUXS0nc7_st7LMdIJQRmx-p3gbKGERBnVGBSe0IKQ1rLKI6c4C6lp1GXI_TAZVREaOO1TTq2fYjjZXnOcwktwDjn7zvnxQ9Ii6dsZNmLQPYyKwJL9nofFRFv8Vmn3e2EORBtMzXDUcy1685lYsIBJeSiR_mXg30vYpD907UE.buTkb-S1rrTh_wU3WWmDdA; studio_session=eyJ1c2VySWQiOiJjbXFqOWI0cnQwMDAwbGIwNG90c2l1MzJlIiwibm9uY2UiOiI1MGRhYzc3MGUyOTNiNWY3In0.b7306449df55a57947c3726a6fe0facdc9c904fdc9990d595809309c6724c0b5

50 GET_ERROR apiRequestContext.get: Timeout 180000ms exceeded.
Call log:
  - → GET https://studio.homecheff.eu/api/instant-premium/projects/cmt5hnj1s0003jh09hns3vu4v/status
    - user-agent: Mozilla/5.0 (Macintosh; Intel Mac OS X 10_15_7) AppleWebKit/537.36 (KHTML, like Gecko) HeadlessChrome/151.0.0.0 Safari/537.36
    - accept: */*
    - accept-encoding: gzip,deflate,br
    - cookie: next-auth.session-token=eyJhbGciOiJkaXIiLCJlbmMiOiJBMjU2R0NNIn0.._kKnyoDQZRK8etZx.rM3HusPYp4gXQjieasvKqWyx6j3HU-Tlg2qwCwiQm6fXWzmaGqgGd1nG-fN8qbxyxHjZ71r9cWEfpW4h0GqVlQGzz6UxjN9POBaDwE2Pv42Q7p2Fs-koKO4n6R0qFAIUdnz3clsk5oHcEutzGAl9RPtjchXTL7ZKGFN3jYwQ7u9WlhWEvSoFFrBGsErG_66nBplfVCMSLnWqIPHQjNrILok9H0UnHZaGtEUqbJsvuInT5Bnj96FnmITf4puQ6V8Rv-2tMzwxari6ZHcz-ibzXs50EjEY7R8EQ1FDYu2RmsZxBthI8r3htr4MtGfsMUlB-B9EaxYu0lvNzo2JUXS0nc7_st7LMdIJQRmx-p3gbKGERBnVGBSe0IKQ1rLKI6c4C6lp1GXI_TAZVREaOO1TTq2fYjjZXnOcwktwDjn7zvnxQ9Ii6dsZNmLQPYyKwJL9nofFRFv8Vmn3e2EORBtMzXDUcy1685lYsIBJeSiR_mXg30vYpD907UE.buTkb-S1rrTh_wU3WWmDdA; studio_session=eyJ1c2VySWQiOiJjbXFqOWI0cnQwMDAwbGIwNG90c2l1MzJlIiwibm9uY2UiOiI1MGRhYzc3MGUyOTNiNWY3In0.b7306449df55a57947c3726a6fe0facdc9c904fdc9990d595809309c6724c0b5

51 GET_ERROR apiRequestContext.get: Timeout 180000ms exceeded.
Call log:
  - → GET https://studio.homecheff.eu/api/instant-premium/projects/cmt5hnj1s0003jh09hns3vu4v/status
    - user-agent: Mozilla/5.0 (Macintosh; Intel Mac OS X 10_15_7) AppleWebKit/537.36 (KHTML, like Gecko) HeadlessChrome/151.0.0.0 Safari/537.36
    - accept: */*
    - accept-encoding: gzip,deflate,br
    - cookie: next-auth.session-token=eyJhbGciOiJkaXIiLCJlbmMiOiJBMjU2R0NNIn0.._kKnyoDQZRK8etZx.rM3HusPYp4gXQjieasvKqWyx6j3HU-Tlg2qwCwiQm6fXWzmaGqgGd1nG-fN8qbxyxHjZ71r9cWEfpW4h0GqVlQGzz6UxjN9POBaDwE2Pv42Q7p2Fs-koKO4n6R0qFAIUdnz3clsk5oHcEutzGAl9RPtjchXTL7ZKGFN3jYwQ7u9WlhWEvSoFFrBGsErG_66nBplfVCMSLnWqIPHQjNrILok9H0UnHZaGtEUqbJsvuInT5Bnj96FnmITf4puQ6V8Rv-2tMzwxari6ZHcz-ibzXs50EjEY7R8EQ1FDYu2RmsZxBthI8r3htr4MtGfsMUlB-B9EaxYu0lvNzo2JUXS0nc7_st7LMdIJQRmx-p3gbKGERBnVGBSe0IKQ1rLKI6c4C6lp1GXI_TAZVREaOO1TTq2fYjjZXnOcwktwDjn7zvnxQ9Ii6dsZNmLQPYyKwJL9nofFRFv8Vmn3e2EORBtMzXDUcy1685lYsIBJeSiR_mXg30vYpD907UE.buTkb-S1rrTh_wU3WWmDdA; studio_session=eyJ1c2VySWQiOiJjbXFqOWI0cnQwMDAwbGIwNG90c2l1MzJlIiwibm9uY2UiOiI1MGRhYzc3MGUyOTNiNWY3In0.b7306449df55a57947c3726a6fe0facdc9c904fdc9990d595809309c6724c0b5

52 GET_ERROR apiRequestContext.get: Timeout 180000ms exceeded.
Call log:
  - → GET https://studio.homecheff.eu/api/instant-premium/projects/cmt5hnj1s0003jh09hns3vu4v/status
    - user-agent: Mozilla/5.0 (Macintosh; Intel Mac OS X 10_15_7) AppleWebKit/537.36 (KHTML, like Gecko) HeadlessChrome/151.0.0.0 Safari/537.36
    - accept: */*
    - accept-encoding: gzip,deflate,br
    - cookie: next-auth.session-token=eyJhbGciOiJkaXIiLCJlbmMiOiJBMjU2R0NNIn0.._kKnyoDQZRK8etZx.rM3HusPYp4gXQjieasvKqWyx6j3HU-Tlg2qwCwiQm6fXWzmaGqgGd1nG-fN8qbxyxHjZ71r9cWEfpW4h0GqVlQGzz6UxjN9POBaDwE2Pv42Q7p2Fs-koKO4n6R0qFAIUdnz3clsk5oHcEutzGAl9RPtjchXTL7ZKGFN3jYwQ7u9WlhWEvSoFFrBGsErG_66nBplfVCMSLnWqIPHQjNrILok9H0UnHZaGtEUqbJsvuInT5Bnj96FnmITf4puQ6V8Rv-2tMzwxari6ZHcz-ibzXs50EjEY7R8EQ1FDYu2RmsZxBthI8r3htr4MtGfsMUlB-B9EaxYu0lvNzo2JUXS0nc7_st7LMdIJQRmx-p3gbKGERBnVGBSe0IKQ1rLKI6c4C6lp1GXI_TAZVREaOO1TTq2fYjjZXnOcwktwDjn7zvnxQ9Ii6dsZNmLQPYyKwJL9nofFRFv8Vmn3e2EORBtMzXDUcy1685lYsIBJeSiR_mXg30vYpD907UE.buTkb-S1rrTh_wU3WWmDdA; studio_session=eyJ1c2VySWQiOiJjbXFqOWI0cnQwMDAwbGIwNG90c2l1MzJlIiwibm9uY2UiOiI1MGRhYzc3MGUyOTNiNWY3In0.b7306449df55a57947c3726a6fe0facdc9c904fdc9990d595809309c6724c0b5

53 GET_ERROR apiRequestContext.get: Timeout 180000ms exceeded.
Call log:
  - → GET https://studio.homecheff.eu/api/instant-premium/projects/cmt5hnj1s0003jh09hns3vu4v/status
    - user-agent: Mozilla/5.0 (Macintosh; Intel Mac OS X 10_15_7) AppleWebKit/537.36 (KHTML, like Gecko) HeadlessChrome/151.0.0.0 Safari/537.36
    - accept: */*
    - accept-encoding: gzip,deflate,br
    - cookie: next-auth.session-token=eyJhbGciOiJkaXIiLCJlbmMiOiJBMjU2R0NNIn0.._kKnyoDQZRK8etZx.rM3HusPYp4gXQjieasvKqWyx6j3HU-Tlg2qwCwiQm6fXWzmaGqgGd1nG-fN8qbxyxHjZ71r9cWEfpW4h0GqVlQGzz6UxjN9POBaDwE2Pv42Q7p2Fs-koKO4n6R0qFAIUdnz3clsk5oHcEutzGAl9RPtjchXTL7ZKGFN3jYwQ7u9WlhWEvSoFFrBGsErG_66nBplfVCMSLnWqIPHQjNrILok9H0UnHZaGtEUqbJsvuInT5Bnj96FnmITf4puQ6V8Rv-2tMzwxari6ZHcz-ibzXs50EjEY7R8EQ1FDYu2RmsZxBthI8r3htr4MtGfsMUlB-B9EaxYu0lvNzo2JUXS0nc7_st7LMdIJQRmx-p3gbKGERBnVGBSe0IKQ1rLKI6c4C6lp1GXI_TAZVREaOO1TTq2fYjjZXnOcwktwDjn7zvnxQ9Ii6dsZNmLQPYyKwJL9nofFRFv8Vmn3e2EORBtMzXDUcy1685lYsIBJeSiR_mXg30vYpD907UE.buTkb-S1rrTh_wU3WWmDdA; studio_session=eyJ1c2VySWQiOiJjbXFqOWI0cnQwMDAwbGIwNG90c2l1MzJlIiwibm9uY2UiOiI1MGRhYzc3MGUyOTNiNWY3In0.b7306449df55a57947c3726a6fe0facdc9c904fdc9990d595809309c6724c0b5

54 GET_ERROR apiRequestContext.get: Timeout 180000ms exceeded.
Call log:
  - → GET https://studio.homecheff.eu/api/instant-premium/projects/cmt5hnj1s0003jh09hns3vu4v/status
    - user-agent: Mozilla/5.0 (Macintosh; Intel Mac OS X 10_15_7) AppleWebKit/537.36 (KHTML, like Gecko) HeadlessChrome/151.0.0.0 Safari/537.36
    - accept: */*
    - accept-encoding: gzip,deflate,br
    - cookie: next-auth.session-token=eyJhbGciOiJkaXIiLCJlbmMiOiJBMjU2R0NNIn0.._kKnyoDQZRK8etZx.rM3HusPYp4gXQjieasvKqWyx6j3HU-Tlg2qwCwiQm6fXWzmaGqgGd1nG-fN8qbxyxHjZ71r9cWEfpW4h0GqVlQGzz6UxjN9POBaDwE2Pv42Q7p2Fs-koKO4n6R0qFAIUdnz3clsk5oHcEutzGAl9RPtjchXTL7ZKGFN3jYwQ7u9WlhWEvSoFFrBGsErG_66nBplfVCMSLnWqIPHQjNrILok9H0UnHZaGtEUqbJsvuInT5Bnj96FnmITf4puQ6V8Rv-2tMzwxari6ZHcz-ibzXs50EjEY7R8EQ1FDYu2RmsZxBthI8r3htr4MtGfsMUlB-B9EaxYu0lvNzo2JUXS0nc7_st7LMdIJQRmx-p3gbKGERBnVGBSe0IKQ1rLKI6c4C6lp1GXI_TAZVREaOO1TTq2fYjjZXnOcwktwDjn7zvnxQ9Ii6dsZNmLQPYyKwJL9nofFRFv8Vmn3e2EORBtMzXDUcy1685lYsIBJeSiR_mXg30vYpD907UE.buTkb-S1rrTh_wU3WWmDdA; studio_session=eyJ1c2VySWQiOiJjbXFqOWI0cnQwMDAwbGIwNG90c2l1MzJlIiwibm9uY2UiOiI1MGRhYzc3MGUyOTNiNWY3In0.b7306449df55a57947c3726a6fe0facdc9c904fdc9990d595809309c6724c0b5

55 GET_ERROR apiRequestContext.get: Timeout 180000ms exceeded.
Call log:
  - → GET https://studio.homecheff.eu/api/instant-premium/projects/cmt5hnj1s0003jh09hns3vu4v/status
    - user-agent: Mozilla/5.0 (Macintosh; Intel Mac OS X 10_15_7) AppleWebKit/537.36 (KHTML, like Gecko) HeadlessChrome/151.0.0.0 Safari/537.36
    - accept: */*
    - accept-encoding: gzip,deflate,br
    - cookie: next-auth.session-token=eyJhbGciOiJkaXIiLCJlbmMiOiJBMjU2R0NNIn0.._kKnyoDQZRK8etZx.rM3HusPYp4gXQjieasvKqWyx6j3HU-Tlg2qwCwiQm6fXWzmaGqgGd1nG-fN8qbxyxHjZ71r9cWEfpW4h0GqVlQGzz6UxjN9POBaDwE2Pv42Q7p2Fs-koKO4n6R0qFAIUdnz3clsk5oHcEutzGAl9RPtjchXTL7ZKGFN3jYwQ7u9WlhWEvSoFFrBGsErG_66nBplfVCMSLnWqIPHQjNrILok9H0UnHZaGtEUqbJsvuInT5Bnj96FnmITf4puQ6V8Rv-2tMzwxari6ZHcz-ibzXs50EjEY7R8EQ1FDYu2RmsZxBthI8r3htr4MtGfsMUlB-B9EaxYu0lvNzo2JUXS0nc7_st7LMdIJQRmx-p3gbKGERBnVGBSe0IKQ1rLKI6c4C6lp1GXI_TAZVREaOO1TTq2fYjjZXnOcwktwDjn7zvnxQ9Ii6dsZNmLQPYyKwJL9nofFRFv8Vmn3e2EORBtMzXDUcy1685lYsIBJeSiR_mXg30vYpD907UE.buTkb-S1rrTh_wU3WWmDdA; studio_session=eyJ1c2VySWQiOiJjbXFqOWI0cnQwMDAwbGIwNG90c2l1MzJlIiwibm9uY2UiOiI1MGRhYzc3MGUyOTNiNWY3In0.b7306449df55a57947c3726a6fe0facdc9c904fdc9990d595809309c6724c0b5

56 GET_ERROR apiRequestContext.get: Timeout 180000ms exceeded.
Call log:
  - → GET https://studio.homecheff.eu/api/instant-premium/projects/cmt5hnj1s0003jh09hns3vu4v/status
    - user-agent: Mozilla/5.0 (Macintosh; Intel Mac OS X 10_15_7) AppleWebKit/537.36 (KHTML, like Gecko) HeadlessChrome/151.0.0.0 Safari/537.36
    - accept: */*
    - accept-encoding: gzip,deflate,br
    - cookie: next-auth.session-token=eyJhbGciOiJkaXIiLCJlbmMiOiJBMjU2R0NNIn0.._kKnyoDQZRK8etZx.rM3HusPYp4gXQjieasvKqWyx6j3HU-Tlg2qwCwiQm6fXWzmaGqgGd1nG-fN8qbxyxHjZ71r9cWEfpW4h0GqVlQGzz6UxjN9POBaDwE2Pv42Q7p2Fs-koKO4n6R0qFAIUdnz3clsk5oHcEutzGAl9RPtjchXTL7ZKGFN3jYwQ7u9WlhWEvSoFFrBGsErG_66nBplfVCMSLnWqIPHQjNrILok9H0UnHZaGtEUqbJsvuInT5Bnj96FnmITf4puQ6V8Rv-2tMzwxari6ZHcz-ibzXs50EjEY7R8EQ1FDYu2RmsZxBthI8r3htr4MtGfsMUlB-B9EaxYu0lvNzo2JUXS0nc7_st7LMdIJQRmx-p3gbKGERBnVGBSe0IKQ1rLKI6c4C6lp1GXI_TAZVREaOO1TTq2fYjjZXnOcwktwDjn7zvnxQ9Ii6dsZNmLQPYyKwJL9nofFRFv8Vmn3e2EORBtMzXDUcy1685lYsIBJeSiR_mXg30vYpD907UE.buTkb-S1rrTh_wU3WWmDdA; studio_session=eyJ1c2VySWQiOiJjbXFqOWI0cnQwMDAwbGIwNG90c2l1MzJlIiwibm9uY2UiOiI1MGRhYzc3MGUyOTNiNWY3In0.b7306449df55a57947c3726a6fe0facdc9c904fdc9990d595809309c6724c0b5

57 GET_ERROR apiRequestContext.get: Timeout 180000ms exceeded.
Call log:
  - → GET https://studio.homecheff.eu/api/instant-premium/projects/cmt5hnj1s0003jh09hns3vu4v/status
    - user-agent: Mozilla/5.0 (Macintosh; Intel Mac OS X 10_15_7) AppleWebKit/537.36 (KHTML, like Gecko) HeadlessChrome/151.0.0.0 Safari/537.36
    - accept: */*
    - accept-encoding: gzip,deflate,br
    - cookie: next-auth.session-token=eyJhbGciOiJkaXIiLCJlbmMiOiJBMjU2R0NNIn0.._kKnyoDQZRK8etZx.rM3HusPYp4gXQjieasvKqWyx6j3HU-Tlg2qwCwiQm6fXWzmaGqgGd1nG-fN8qbxyxHjZ71r9cWEfpW4h0GqVlQGzz6UxjN9POBaDwE2Pv42Q7p2Fs-koKO4n6R0qFAIUdnz3clsk5oHcEutzGAl9RPtjchXTL7ZKGFN3jYwQ7u9WlhWEvSoFFrBGsErG_66nBplfVCMSLnWqIPHQjNrILok9H0UnHZaGtEUqbJsvuInT5Bnj96FnmITf4puQ6V8Rv-2tMzwxari6ZHcz-ibzXs50EjEY7R8EQ1FDYu2RmsZxBthI8r3htr4MtGfsMUlB-B9EaxYu0lvNzo2JUXS0nc7_st7LMdIJQRmx-p3gbKGERBnVGBSe0IKQ1rLKI6c4C6lp1GXI_TAZVREaOO1TTq2fYjjZXnOcwktwDjn7zvnxQ9Ii6dsZNmLQPYyKwJL9nofFRFv8Vmn3e2EORBtMzXDUcy1685lYsIBJeSiR_mXg30vYpD907UE.buTkb-S1rrTh_wU3WWmDdA; studio_session=eyJ1c2VySWQiOiJjbXFqOWI0cnQwMDAwbGIwNG90c2l1MzJlIiwibm9uY2UiOiI1MGRhYzc3MGUyOTNiNWY3In0.b7306449df55a57947c3726a6fe0facdc9c904fdc9990d595809309c6724c0b5

58 GET_ERROR apiRequestContext.get: Timeout 180000ms exceeded.
Call log:
  - → GET https://studio.homecheff.eu/api/instant-premium/projects/cmt5hnj1s0003jh09hns3vu4v/status
    - user-agent: Mozilla/5.0 (Macintosh; Intel Mac OS X 10_15_7) AppleWebKit/537.36 (KHTML, like Gecko) HeadlessChrome/151.0.0.0 Safari/537.36
    - accept: */*
    - accept-encoding: gzip,deflate,br
    - cookie: next-auth.session-token=eyJhbGciOiJkaXIiLCJlbmMiOiJBMjU2R0NNIn0.._kKnyoDQZRK8etZx.rM3HusPYp4gXQjieasvKqWyx6j3HU-Tlg2qwCwiQm6fXWzmaGqgGd1nG-fN8qbxyxHjZ71r9cWEfpW4h0GqVlQGzz6UxjN9POBaDwE2Pv42Q7p2Fs-koKO4n6R0qFAIUdnz3clsk5oHcEutzGAl9RPtjchXTL7ZKGFN3jYwQ7u9WlhWEvSoFFrBGsErG_66nBplfVCMSLnWqIPHQjNrILok9H0UnHZaGtEUqbJsvuInT5Bnj96FnmITf4puQ6V8Rv-2tMzwxari6ZHcz-ibzXs50EjEY7R8EQ1FDYu2RmsZxBthI8r3htr4MtGfsMUlB-B9EaxYu0lvNzo2JUXS0nc7_st7LMdIJQRmx-p3gbKGERBnVGBSe0IKQ1rLKI6c4C6lp1GXI_TAZVREaOO1TTq2fYjjZXnOcwktwDjn7zvnxQ9Ii6dsZNmLQPYyKwJL9nofFRFv8Vmn3e2EORBtMzXDUcy1685lYsIBJeSiR_mXg30vYpD907UE.buTkb-S1rrTh_wU3WWmDdA; studio_session=eyJ1c2VySWQiOiJjbXFqOWI0cnQwMDAwbGIwNG90c2l1MzJlIiwibm9uY2UiOiI1MGRhYzc3MGUyOTNiNWY3In0.b7306449df55a57947c3726a6fe0facdc9c904fdc9990d595809309c6724c0b5

59 GET_ERROR apiRequestContext.get: Timeout 180000ms exceeded.
Call log:
  - → GET https://studio.homecheff.eu/api/instant-premium/projects/cmt5hnj1s0003jh09hns3vu4v/status
    - user-agent: Mozilla/5.0 (Macintosh; Intel Mac OS X 10_15_7) AppleWebKit/537.36 (KHTML, like Gecko) HeadlessChrome/151.0.0.0 Safari/537.36
    - accept: */*
    - accept-encoding: gzip,deflate,br
    - cookie: next-auth.session-token=eyJhbGciOiJkaXIiLCJlbmMiOiJBMjU2R0NNIn0.._kKnyoDQZRK8etZx.rM3HusPYp4gXQjieasvKqWyx6j3HU-Tlg2qwCwiQm6fXWzmaGqgGd1nG-fN8qbxyxHjZ71r9cWEfpW4h0GqVlQGzz6UxjN9POBaDwE2Pv42Q7p2Fs-koKO4n6R0qFAIUdnz3clsk5oHcEutzGAl9RPtjchXTL7ZKGFN3jYwQ7u9WlhWEvSoFFrBGsErG_66nBplfVCMSLnWqIPHQjNrILok9H0UnHZaGtEUqbJsvuInT5Bnj96FnmITf4puQ6V8Rv-2tMzwxari6ZHcz-ibzXs50EjEY7R8EQ1FDYu2RmsZxBthI8r3htr4MtGfsMUlB-B9EaxYu0lvNzo2JUXS0nc7_st7LMdIJQRmx-p3gbKGERBnVGBSe0IKQ1rLKI6c4C6lp1GXI_TAZVREaOO1TTq2fYjjZXnOcwktwDjn7zvnxQ9Ii6dsZNmLQPYyKwJL9nofFRFv8Vmn3e2EORBtMzXDUcy1685lYsIBJeSiR_mXg30vYpD907UE.buTkb-S1rrTh_wU3WWmDdA; studio_session=eyJ1c2VySWQiOiJjbXFqOWI0cnQwMDAwbGIwNG90c2l1MzJlIiwibm9uY2UiOiI1MGRhYzc3MGUyOTNiNWY3In0.b7306449df55a57947c3726a6fe0facdc9c904fdc9990d595809309c6724c0b5

60 GET_ERROR apiRequestContext.get: Timeout 180000ms exceeded.
Call log:
  - → GET https://studio.homecheff.eu/api/instant-premium/projects/cmt5hnj1s0003jh09hns3vu4v/status
    - user-agent: Mozilla/5.0 (Macintosh; Intel Mac OS X 10_15_7) AppleWebKit/537.36 (KHTML, like Gecko) HeadlessChrome/151.0.0.0 Safari/537.36
    - accept: */*
    - accept-encoding: gzip,deflate,br
    - cookie: next-auth.session-token=eyJhbGciOiJkaXIiLCJlbmMiOiJBMjU2R0NNIn0.._kKnyoDQZRK8etZx.rM3HusPYp4gXQjieasvKqWyx6j3HU-Tlg2qwCwiQm6fXWzmaGqgGd1nG-fN8qbxyxHjZ71r9cWEfpW4h0GqVlQGzz6UxjN9POBaDwE2Pv42Q7p2Fs-koKO4n6R0qFAIUdnz3clsk5oHcEutzGAl9RPtjchXTL7ZKGFN3jYwQ7u9WlhWEvSoFFrBGsErG_66nBplfVCMSLnWqIPHQjNrILok9H0UnHZaGtEUqbJsvuInT5Bnj96FnmITf4puQ6V8Rv-2tMzwxari6ZHcz-ibzXs50EjEY7R8EQ1FDYu2RmsZxBthI8r3htr4MtGfsMUlB-B9EaxYu0lvNzo2JUXS0nc7_st7LMdIJQRmx-p3gbKGERBnVGBSe0IKQ1rLKI6c4C6lp1GXI_TAZVREaOO1TTq2fYjjZXnOcwktwDjn7zvnxQ9Ii6dsZNmLQPYyKwJL9nofFRFv8Vmn3e2EORBtMzXDUcy1685lYsIBJeSiR_mXg30vYpD907UE.buTkb-S1rrTh_wU3WWmDdA; studio_session=eyJ1c2VySWQiOiJjbXFqOWI0cnQwMDAwbGIwNG90c2l1MzJlIiwibm9uY2UiOiI1MGRhYzc3MGUyOTNiNWY3In0.b7306449df55a57947c3726a6fe0facdc9c904fdc9990d595809309c6724c0b5

61 GET_ERROR apiRequestContext.get: Timeout 180000ms exceeded.
Call log:
  - → GET https://studio.homecheff.eu/api/instant-premium/projects/cmt5hnj1s0003jh09hns3vu4v/status
    - user-agent: Mozilla/5.0 (Macintosh; Intel Mac OS X 10_15_7) AppleWebKit/537.36 (KHTML, like Gecko) HeadlessChrome/151.0.0.0 Safari/537.36
    - accept: */*
    - accept-encoding: gzip,deflate,br
    - cookie: next-auth.session-token=eyJhbGciOiJkaXIiLCJlbmMiOiJBMjU2R0NNIn0.._kKnyoDQZRK8etZx.rM3HusPYp4gXQjieasvKqWyx6j3HU-Tlg2qwCwiQm6fXWzmaGqgGd1nG-fN8qbxyxHjZ71r9cWEfpW4h0GqVlQGzz6UxjN9POBaDwE2Pv42Q7p2Fs-koKO4n6R0qFAIUdnz3clsk5oHcEutzGAl9RPtjchXTL7ZKGFN3jYwQ7u9WlhWEvSoFFrBGsErG_66nBplfVCMSLnWqIPHQjNrILok9H0UnHZaGtEUqbJsvuInT5Bnj96FnmITf4puQ6V8Rv-2tMzwxari6ZHcz-ibzXs50EjEY7R8EQ1FDYu2RmsZxBthI8r3htr4MtGfsMUlB-B9EaxYu0lvNzo2JUXS0nc7_st7LMdIJQRmx-p3gbKGERBnVGBSe0IKQ1rLKI6c4C6lp1GXI_TAZVREaOO1TTq2fYjjZXnOcwktwDjn7zvnxQ9Ii6dsZNmLQPYyKwJL9nofFRFv8Vmn3e2EORBtMzXDUcy1685lYsIBJeSiR_mXg30vYpD907UE.buTkb-S1rrTh_wU3WWmDdA; studio_session=eyJ1c2VySWQiOiJjbXFqOWI0cnQwMDAwbGIwNG90c2l1MzJlIiwibm9uY2UiOiI1MGRhYzc3MGUyOTNiNWY3In0.b7306449df55a57947c3726a6fe0facdc9c904fdc9990d595809309c6724c0b5

62 GET_ERROR apiRequestContext.get: Timeout 180000ms exceeded.
Call log:
  - → GET https://studio.homecheff.eu/api/instant-premium/projects/cmt5hnj1s0003jh09hns3vu4v/status
    - user-agent: Mozilla/5.0 (Macintosh; Intel Mac OS X 10_15_7) AppleWebKit/537.36 (KHTML, like Gecko) HeadlessChrome/151.0.0.0 Safari/537.36
    - accept: */*
    - accept-encoding: gzip,deflate,br
    - cookie: next-auth.session-token=eyJhbGciOiJkaXIiLCJlbmMiOiJBMjU2R0NNIn0.._kKnyoDQZRK8etZx.rM3HusPYp4gXQjieasvKqWyx6j3HU-Tlg2qwCwiQm6fXWzmaGqgGd1nG-fN8qbxyxHjZ71r9cWEfpW4h0GqVlQGzz6UxjN9POBaDwE2Pv42Q7p2Fs-koKO4n6R0qFAIUdnz3clsk5oHcEutzGAl9RPtjchXTL7ZKGFN3jYwQ7u9WlhWEvSoFFrBGsErG_66nBplfVCMSLnWqIPHQjNrILok9H0UnHZaGtEUqbJsvuInT5Bnj96FnmITf4puQ6V8Rv-2tMzwxari6ZHcz-ibzXs50EjEY7R8EQ1FDYu2RmsZxBthI8r3htr4MtGfsMUlB-B9EaxYu0lvNzo2JUXS0nc7_st7LMdIJQRmx-p3gbKGERBnVGBSe0IKQ1rLKI6c4C6lp1GXI_TAZVREaOO1TTq2fYjjZXnOcwktwDjn7zvnxQ9Ii6dsZNmLQPYyKwJL9nofFRFv8Vmn3e2EORBtMzXDUcy1685lYsIBJeSiR_mXg30vYpD907UE.buTkb-S1rrTh_wU3WWmDdA; studio_session=eyJ1c2VySWQiOiJjbXFqOWI0cnQwMDAwbGIwNG90c2l1MzJlIiwibm9uY2UiOiI1MGRhYzc3MGUyOTNiNWY3In0.b7306449df55a57947c3726a6fe0facdc9c904fdc9990d595809309c6724c0b5

63 GET_ERROR apiRequestContext.get: Timeout 180000ms exceeded.
Call log:
  - → GET https://studio.homecheff.eu/api/instant-premium/projects/cmt5hnj1s0003jh09hns3vu4v/status
    - user-agent: Mozilla/5.0 (Macintosh; Intel Mac OS X 10_15_7) AppleWebKit/537.36 (KHTML, like Gecko) HeadlessChrome/151.0.0.0 Safari/537.36
    - accept: */*
    - accept-encoding: gzip,deflate,br
    - cookie: next-auth.session-token=eyJhbGciOiJkaXIiLCJlbmMiOiJBMjU2R0NNIn0.._kKnyoDQZRK8etZx.rM3HusPYp4gXQjieasvKqWyx6j3HU-Tlg2qwCwiQm6fXWzmaGqgGd1nG-fN8qbxyxHjZ71r9cWEfpW4h0GqVlQGzz6UxjN9POBaDwE2Pv42Q7p2Fs-koKO4n6R0qFAIUdnz3clsk5oHcEutzGAl9RPtjchXTL7ZKGFN3jYwQ7u9WlhWEvSoFFrBGsErG_66nBplfVCMSLnWqIPHQjNrILok9H0UnHZaGtEUqbJsvuInT5Bnj96FnmITf4puQ6V8Rv-2tMzwxari6ZHcz-ibzXs50EjEY7R8EQ1FDYu2RmsZxBthI8r3htr4MtGfsMUlB-B9EaxYu0lvNzo2JUXS0nc7_st7LMdIJQRmx-p3gbKGERBnVGBSe0IKQ1rLKI6c4C6lp1GXI_TAZVREaOO1TTq2fYjjZXnOcwktwDjn7zvnxQ9Ii6dsZNmLQPYyKwJL9nofFRFv8Vmn3e2EORBtMzXDUcy1685lYsIBJeSiR_mXg30vYpD907UE.buTkb-S1rrTh_wU3WWmDdA; studio_session=eyJ1c2VySWQiOiJjbXFqOWI0cnQwMDAwbGIwNG90c2l1MzJlIiwibm9uY2UiOiI1MGRhYzc3MGUyOTNiNWY3In0.b7306449df55a57947c3726a6fe0facdc9c904fdc9990d595809309c6724c0b5

64 GET_ERROR apiRequestContext.get: Timeout 180000ms exceeded.
Call log:
  - → GET https://studio.homecheff.eu/api/instant-premium/projects/cmt5hnj1s0003jh09hns3vu4v/status
    - user-agent: Mozilla/5.0 (Macintosh; Intel Mac OS X 10_15_7) AppleWebKit/537.36 (KHTML, like Gecko) HeadlessChrome/151.0.0.0 Safari/537.36
    - accept: */*
    - accept-encoding: gzip,deflate,br
    - cookie: next-auth.session-token=eyJhbGciOiJkaXIiLCJlbmMiOiJBMjU2R0NNIn0.._kKnyoDQZRK8etZx.rM3HusPYp4gXQjieasvKqWyx6j3HU-Tlg2qwCwiQm6fXWzmaGqgGd1nG-fN8qbxyxHjZ71r9cWEfpW4h0GqVlQGzz6UxjN9POBaDwE2Pv42Q7p2Fs-koKO4n6R0qFAIUdnz3clsk5oHcEutzGAl9RPtjchXTL7ZKGFN3jYwQ7u9WlhWEvSoFFrBGsErG_66nBplfVCMSLnWqIPHQjNrILok9H0UnHZaGtEUqbJsvuInT5Bnj96FnmITf4puQ6V8Rv-2tMzwxari6ZHcz-ibzXs50EjEY7R8EQ1FDYu2RmsZxBthI8r3htr4MtGfsMUlB-B9EaxYu0lvNzo2JUXS0nc7_st7LMdIJQRmx-p3gbKGERBnVGBSe0IKQ1rLKI6c4C6lp1GXI_TAZVREaOO1TTq2fYjjZXnOcwktwDjn7zvnxQ9Ii6dsZNmLQPYyKwJL9nofFRFv8Vmn3e2EORBtMzXDUcy1685lYsIBJeSiR_mXg30vYpD907UE.buTkb-S1rrTh_wU3WWmDdA; studio_session=eyJ1c2VySWQiOiJjbXFqOWI0cnQwMDAwbGIwNG90c2l1MzJlIiwibm9uY2UiOiI1MGRhYzc3MGUyOTNiNWY3In0.b7306449df55a57947c3726a6fe0facdc9c904fdc9990d595809309c6724c0b5

65 GET_ERROR apiRequestContext.get: Timeout 180000ms exceeded.
Call log:
  - → GET https://studio.homecheff.eu/api/instant-premium/projects/cmt5hnj1s0003jh09hns3vu4v/status
    - user-agent: Mozilla/5.0 (Macintosh; Intel Mac OS X 10_15_7) AppleWebKit/537.36 (KHTML, like Gecko) HeadlessChrome/151.0.0.0 Safari/537.36
    - accept: */*
    - accept-encoding: gzip,deflate,br
    - cookie: next-auth.session-token=eyJhbGciOiJkaXIiLCJlbmMiOiJBMjU2R0NNIn0.._kKnyoDQZRK8etZx.rM3HusPYp4gXQjieasvKqWyx6j3HU-Tlg2qwCwiQm6fXWzmaGqgGd1nG-fN8qbxyxHjZ71r9cWEfpW4h0GqVlQGzz6UxjN9POBaDwE2Pv42Q7p2Fs-koKO4n6R0qFAIUdnz3clsk5oHcEutzGAl9RPtjchXTL7ZKGFN3jYwQ7u9WlhWEvSoFFrBGsErG_66nBplfVCMSLnWqIPHQjNrILok9H0UnHZaGtEUqbJsvuInT5Bnj96FnmITf4puQ6V8Rv-2tMzwxari6ZHcz-ibzXs50EjEY7R8EQ1FDYu2RmsZxBthI8r3htr4MtGfsMUlB-B9EaxYu0lvNzo2JUXS0nc7_st7LMdIJQRmx-p3gbKGERBnVGBSe0IKQ1rLKI6c4C6lp1GXI_TAZVREaOO1TTq2fYjjZXnOcwktwDjn7zvnxQ9Ii6dsZNmLQPYyKwJL9nofFRFv8Vmn3e2EORBtMzXDUcy1685lYsIBJeSiR_mXg30vYpD907UE.buTkb-S1rrTh_wU3WWmDdA; studio_session=eyJ1c2VySWQiOiJjbXFqOWI0cnQwMDAwbGIwNG90c2l1MzJlIiwibm9uY2UiOiI1MGRhYzc3MGUyOTNiNWY3In0.b7306449df55a57947c3726a6fe0facdc9c904fdc9990d595809309c6724c0b5

66 GET_ERROR apiRequestContext.get: Timeout 180000ms exceeded.
Call log:
  - → GET https://studio.homecheff.eu/api/instant-premium/projects/cmt5hnj1s0003jh09hns3vu4v/status
    - user-agent: Mozilla/5.0 (Macintosh; Intel Mac OS X 10_15_7) AppleWebKit/537.36 (KHTML, like Gecko) HeadlessChrome/151.0.0.0 Safari/537.36
    - accept: */*
    - accept-encoding: gzip,deflate,br
    - cookie: next-auth.session-token=eyJhbGciOiJkaXIiLCJlbmMiOiJBMjU2R0NNIn0.._kKnyoDQZRK8etZx.rM3HusPYp4gXQjieasvKqWyx6j3HU-Tlg2qwCwiQm6fXWzmaGqgGd1nG-fN8qbxyxHjZ71r9cWEfpW4h0GqVlQGzz6UxjN9POBaDwE2Pv42Q7p2Fs-koKO4n6R0qFAIUdnz3clsk5oHcEutzGAl9RPtjchXTL7ZKGFN3jYwQ7u9WlhWEvSoFFrBGsErG_66nBplfVCMSLnWqIPHQjNrILok9H0UnHZaGtEUqbJsvuInT5Bnj96FnmITf4puQ6V8Rv-2tMzwxari6ZHcz-ibzXs50EjEY7R8EQ1FDYu2RmsZxBthI8r3htr4MtGfsMUlB-B9EaxYu0lvNzo2JUXS0nc7_st7LMdIJQRmx-p3gbKGERBnVGBSe0IKQ1rLKI6c4C6lp1GXI_TAZVREaOO1TTq2fYjjZXnOcwktwDjn7zvnxQ9Ii6dsZNmLQPYyKwJL9nofFRFv8Vmn3e2EORBtMzXDUcy1685lYsIBJeSiR_mXg30vYpD907UE.buTkb-S1rrTh_wU3WWmDdA; studio_session=eyJ1c2VySWQiOiJjbXFqOWI0cnQwMDAwbGIwNG90c2l1MzJlIiwibm9uY2UiOiI1MGRhYzc3MGUyOTNiNWY3In0.b7306449df55a57947c3726a6fe0facdc9c904fdc9990d595809309c6724c0b5

67 GET_ERROR apiRequestContext.get: Timeout 180000ms exceeded.
Call log:
  - → GET https://studio.homecheff.eu/api/instant-premium/projects/cmt5hnj1s0003jh09hns3vu4v/status
    - user-agent: Mozilla/5.0 (Macintosh; Intel Mac OS X 10_15_7) AppleWebKit/537.36 (KHTML, like Gecko) HeadlessChrome/151.0.0.0 Safari/537.36
    - accept: */*
    - accept-encoding: gzip,deflate,br
    - cookie: next-auth.session-token=eyJhbGciOiJkaXIiLCJlbmMiOiJBMjU2R0NNIn0.._kKnyoDQZRK8etZx.rM3HusPYp4gXQjieasvKqWyx6j3HU-Tlg2qwCwiQm6fXWzmaGqgGd1nG-fN8qbxyxHjZ71r9cWEfpW4h0GqVlQGzz6UxjN9POBaDwE2Pv42Q7p2Fs-koKO4n6R0qFAIUdnz3clsk5oHcEutzGAl9RPtjchXTL7ZKGFN3jYwQ7u9WlhWEvSoFFrBGsErG_66nBplfVCMSLnWqIPHQjNrILok9H0UnHZaGtEUqbJsvuInT5Bnj96FnmITf4puQ6V8Rv-2tMzwxari6ZHcz-ibzXs50EjEY7R8EQ1FDYu2RmsZxBthI8r3htr4MtGfsMUlB-B9EaxYu0lvNzo2JUXS0nc7_st7LMdIJQRmx-p3gbKGERBnVGBSe0IKQ1rLKI6c4C6lp1GXI_TAZVREaOO1TTq2fYjjZXnOcwktwDjn7zvnxQ9Ii6dsZNmLQPYyKwJL9nofFRFv8Vmn3e2EORBtMzXDUcy1685lYsIBJeSiR_mXg30vYpD907UE.buTkb-S1rrTh_wU3WWmDdA; studio_session=eyJ1c2VySWQiOiJjbXFqOWI0cnQwMDAwbGIwNG90c2l1MzJlIiwibm9uY2UiOiI1MGRhYzc3MGUyOTNiNWY3In0.b7306449df55a57947c3726a6fe0facdc9c904fdc9990d595809309c6724c0b5

68 GET_ERROR apiRequestContext.get: Timeout 180000ms exceeded.
Call log:
  - → GET https://studio.homecheff.eu/api/instant-premium/projects/cmt5hnj1s0003jh09hns3vu4v/status
    - user-agent: Mozilla/5.0 (Macintosh; Intel Mac OS X 10_15_7) AppleWebKit/537.36 (KHTML, like Gecko) HeadlessChrome/151.0.0.0 Safari/537.36
    - accept: */*
    - accept-encoding: gzip,deflate,br
    - cookie: next-auth.session-token=eyJhbGciOiJkaXIiLCJlbmMiOiJBMjU2R0NNIn0.._kKnyoDQZRK8etZx.rM3HusPYp4gXQjieasvKqWyx6j3HU-Tlg2qwCwiQm6fXWzmaGqgGd1nG-fN8qbxyxHjZ71r9cWEfpW4h0GqVlQGzz6UxjN9POBaDwE2Pv42Q7p2Fs-koKO4n6R0qFAIUdnz3clsk5oHcEutzGAl9RPtjchXTL7ZKGFN3jYwQ7u9WlhWEvSoFFrBGsErG_66nBplfVCMSLnWqIPHQjNrILok9H0UnHZaGtEUqbJsvuInT5Bnj96FnmITf4puQ6V8Rv-2tMzwxari6ZHcz-ibzXs50EjEY7R8EQ1FDYu2RmsZxBthI8r3htr4MtGfsMUlB-B9EaxYu0lvNzo2JUXS0nc7_st7LMdIJQRmx-p3gbKGERBnVGBSe0IKQ1rLKI6c4C6lp1GXI_TAZVREaOO1TTq2fYjjZXnOcwktwDjn7zvnxQ9Ii6dsZNmLQPYyKwJL9nofFRFv8Vmn3e2EORBtMzXDUcy1685lYsIBJeSiR_mXg30vYpD907UE.buTkb-S1rrTh_wU3WWmDdA; studio_session=eyJ1c2VySWQiOiJjbXFqOWI0cnQwMDAwbGIwNG90c2l1MzJlIiwibm9uY2UiOiI1MGRhYzc3MGUyOTNiNWY3In0.b7306449df55a57947c3726a6fe0facdc9c904fdc9990d595809309c6724c0b5

69 GET_ERROR apiRequestContext.get: Timeout 180000ms exceeded.
Call log:
  - → GET https://studio.homecheff.eu/api/instant-premium/projects/cmt5hnj1s0003jh09hns3vu4v/status
    - user-agent: Mozilla/5.0 (Macintosh; Intel Mac OS X 10_15_7) AppleWebKit/537.36 (KHTML, like Gecko) HeadlessChrome/151.0.0.0 Safari/537.36
    - accept: */*
    - accept-encoding: gzip,deflate,br
    - cookie: next-auth.session-token=eyJhbGciOiJkaXIiLCJlbmMiOiJBMjU2R0NNIn0.._kKnyoDQZRK8etZx.rM3HusPYp4gXQjieasvKqWyx6j3HU-Tlg2qwCwiQm6fXWzmaGqgGd1nG-fN8qbxyxHjZ71r9cWEfpW4h0GqVlQGzz6UxjN9POBaDwE2Pv42Q7p2Fs-koKO4n6R0qFAIUdnz3clsk5oHcEutzGAl9RPtjchXTL7ZKGFN3jYwQ7u9WlhWEvSoFFrBGsErG_66nBplfVCMSLnWqIPHQjNrILok9H0UnHZaGtEUqbJsvuInT5Bnj96FnmITf4puQ6V8Rv-2tMzwxari6ZHcz-ibzXs50EjEY7R8EQ1FDYu2RmsZxBthI8r3htr4MtGfsMUlB-B9EaxYu0lvNzo2JUXS0nc7_st7LMdIJQRmx-p3gbKGERBnVGBSe0IKQ1rLKI6c4C6lp1GXI_TAZVREaOO1TTq2fYjjZXnOcwktwDjn7zvnxQ9Ii6dsZNmLQPYyKwJL9nofFRFv8Vmn3e2EORBtMzXDUcy1685lYsIBJeSiR_mXg30vYpD907UE.buTkb-S1rrTh_wU3WWmDdA; studio_session=eyJ1c2VySWQiOiJjbXFqOWI0cnQwMDAwbGIwNG90c2l1MzJlIiwibm9uY2UiOiI1MGRhYzc3MGUyOTNiNWY3In0.b7306449df55a57947c3726a6fe0facdc9c904fdc9990d595809309c6724c0b5

70 GET_ERROR apiRequestContext.get: Timeout 180000ms exceeded.
Call log:
  - → GET https://studio.homecheff.eu/api/instant-premium/projects/cmt5hnj1s0003jh09hns3vu4v/status
    - user-agent: Mozilla/5.0 (Macintosh; Intel Mac OS X 10_15_7) AppleWebKit/537.36 (KHTML, like Gecko) HeadlessChrome/151.0.0.0 Safari/537.36
    - accept: */*
    - accept-encoding: gzip,deflate,br
    - cookie: next-auth.session-token=eyJhbGciOiJkaXIiLCJlbmMiOiJBMjU2R0NNIn0.._kKnyoDQZRK8etZx.rM3HusPYp4gXQjieasvKqWyx6j3HU-Tlg2qwCwiQm6fXWzmaGqgGd1nG-fN8qbxyxHjZ71r9cWEfpW4h0GqVlQGzz6UxjN9POBaDwE2Pv42Q7p2Fs-koKO4n6R0qFAIUdnz3clsk5oHcEutzGAl9RPtjchXTL7ZKGFN3jYwQ7u9WlhWEvSoFFrBGsErG_66nBplfVCMSLnWqIPHQjNrILok9H0UnHZaGtEUqbJsvuInT5Bnj96FnmITf4puQ6V8Rv-2tMzwxari6ZHcz-ibzXs50EjEY7R8EQ1FDYu2RmsZxBthI8r3htr4MtGfsMUlB-B9EaxYu0lvNzo2JUXS0nc7_st7LMdIJQRmx-p3gbKGERBnVGBSe0IKQ1rLKI6c4C6lp1GXI_TAZVREaOO1TTq2fYjjZXnOcwktwDjn7zvnxQ9Ii6dsZNmLQPYyKwJL9nofFRFv8Vmn3e2EORBtMzXDUcy1685lYsIBJeSiR_mXg30vYpD907UE.buTkb-S1rrTh_wU3WWmDdA; studio_session=eyJ1c2VySWQiOiJjbXFqOWI0cnQwMDAwbGIwNG90c2l1MzJlIiwibm9uY2UiOiI1MGRhYzc3MGUyOTNiNWY3In0.b7306449df55a57947c3726a6fe0facdc9c904fdc9990d595809309c6724c0b5

71 GET_ERROR apiRequestContext.get: Timeout 180000ms exceeded.
Call log:
  - → GET https://studio.homecheff.eu/api/instant-premium/projects/cmt5hnj1s0003jh09hns3vu4v/status
    - user-agent: Mozilla/5.0 (Macintosh; Intel Mac OS X 10_15_7) AppleWebKit/537.36 (KHTML, like Gecko) HeadlessChrome/151.0.0.0 Safari/537.36
    - accept: */*
    - accept-encoding: gzip,deflate,br
    - cookie: next-auth.session-token=eyJhbGciOiJkaXIiLCJlbmMiOiJBMjU2R0NNIn0.._kKnyoDQZRK8etZx.rM3HusPYp4gXQjieasvKqWyx6j3HU-Tlg2qwCwiQm6fXWzmaGqgGd1nG-fN8qbxyxHjZ71r9cWEfpW4h0GqVlQGzz6UxjN9POBaDwE2Pv42Q7p2Fs-koKO4n6R0qFAIUdnz3clsk5oHcEutzGAl9RPtjchXTL7ZKGFN3jYwQ7u9WlhWEvSoFFrBGsErG_66nBplfVCMSLnWqIPHQjNrILok9H0UnHZaGtEUqbJsvuInT5Bnj96FnmITf4puQ6V8Rv-2tMzwxari6ZHcz-ibzXs50EjEY7R8EQ1FDYu2RmsZxBthI8r3htr4MtGfsMUlB-B9EaxYu0lvNzo2JUXS0nc7_st7LMdIJQRmx-p3gbKGERBnVGBSe0IKQ1rLKI6c4C6lp1GXI_TAZVREaOO1TTq2fYjjZXnOcwktwDjn7zvnxQ9Ii6dsZNmLQPYyKwJL9nofFRFv8Vmn3e2EORBtMzXDUcy1685lYsIBJeSiR_mXg30vYpD907UE.buTkb-S1rrTh_wU3WWmDdA; studio_session=eyJ1c2VySWQiOiJjbXFqOWI0cnQwMDAwbGIwNG90c2l1MzJlIiwibm9uY2UiOiI1MGRhYzc3MGUyOTNiNWY3In0.b7306449df55a57947c3726a6fe0facdc9c904fdc9990d595809309c6724c0b5

{
  "classification": "FAILED",
  "elapsedMs": 12649141,
  "forbiddenHits": []
}
 10_15_7) AppleWebKit/537.36 (KHTML, like Gecko) HeadlessChrome/151.0.0.0 Safari/537.36
    - accept: */*
    - accept-encoding: gzip,deflate,br
    - cookie: next-auth.session-token=eyJhbGciOiJkaXIiLCJlbmMiOiJBMjU2R0NNIn0.._kKnyoDQZRK8etZx.rM3HusPYp4gXQjieasvKqWyx6j3HU-Tlg2qwCwiQm6fXWzmaGqgGd1nG-fN8qbxyxHjZ71r9cWEfpW4h0GqVlQGzz6UxjN9POBaDwE2Pv42Q7p2Fs-koKO4n6R0qFAIUdnz3clsk5oHcEutzGAl9RPtjchXTL7ZKGFN3jYwQ7u9WlhWEvSoFFrBGsErG_66nBplfVCMSLnWqIPHQjNrILok9H0UnHZaGtEUqbJsvuInT5Bnj96FnmITf4puQ6V8Rv-2tMzwxari6ZHcz-ibzXs50EjEY7R8EQ1FDYu2RmsZxBthI8r3htr4MtGfsMUlB-B9EaxYu0lvNzo2JUXS0nc7_st7LMdIJQRmx-p3gbKGERBnVGBSe0IKQ1rLKI6c4C6lp1GXI_TAZVREaOO1TTq2fYjjZXnOcwktwDjn7zvnxQ9Ii6dsZNmLQPYyKwJL9nofFRFv8Vmn3e2EORBtMzXDUcy1685lYsIBJeSiR_mXg30vYpD907UE.buTkb-S1rrTh_wU3WWmDdA; studio_session=eyJ1c2VySWQiOiJjbXFqOWI0cnQwMDAwbGIwNG90c2l1MzJlIiwibm9uY2UiOiI1MGRhYzc3MGUyOTNiNWY3In0.b7306449df55a57947c3726a6fe0facdc9c904fdc9990d595809309c6724c0b5

70 GET_ERROR apiRequestContext.get: Timeout 180000ms exceeded.
Call log:
  - → GET https://studio.homecheff.eu/api/instant-premium/projects/cmt5hnj1s0003jh09hns3vu4v/status
    - user-agent: Mozilla/5.0 (Macintosh; Intel Mac OS X 10_15_7) AppleWebKit/537.36 (KHTML, like Gecko) HeadlessChrome/151.0.0.0 Safari/537.36
    - accept: */*
    - accept-encoding: gzip,deflate,br
    - cookie: next-auth.session-token=eyJhbGciOiJkaXIiLCJlbmMiOiJBMjU2R0NNIn0.._kKnyoDQZRK8etZx.rM3HusPYp4gXQjieasvKqWyx6j3HU-Tlg2qwCwiQm6fXWzmaGqgGd1nG-fN8qbxyxHjZ71r9cWEfpW4h0GqVlQGzz6UxjN9POBaDwE2Pv42Q7p2Fs-koKO4n6R0qFAIUdnz3clsk5oHcEutzGAl9RPtjchXTL7ZKGFN3jYwQ7u9WlhWEvSoFFrBGsErG_66nBplfVCMSLnWqIPHQjNrILok9H0UnHZaGtEUqbJsvuInT5Bnj96FnmITf4puQ6V8Rv-2tMzwxari6ZHcz-ibzXs50EjEY7R8EQ1FDYu2RmsZxBthI8r3htr4MtGfsMUlB-B9EaxYu0lvNzo2JUXS0nc7_st7LMdIJQRmx-p3gbKGERBnVGBSe0IKQ1rLKI6c4C6lp1GXI_TAZVREaOO1TTq2fYjjZXnOcwktwDjn7zvnxQ9Ii6dsZNmLQPYyKwJL9nofFRFv8Vmn3e2EORBtMzXDUcy1685lYsIBJeSiR_mXg30vYpD907UE.buTkb-S1rrTh_wU3WWmDdA; studio_session=eyJ1c2VySWQiOiJjbXFqOWI0cnQwMDAwbGIwNG90c2l1MzJlIiwibm9uY2UiOiI1MGRhYzc3MGUyOTNiNWY3In0.b7306449df55a57947c3726a6fe0facdc9c904fdc9990d595809309c6724c0b5

71 GET_ERROR apiRequestContext.get: Timeout 180000ms exceeded.
Call log:
  - → GET https://studio.homecheff.eu/api/instant-premium/projects/cmt5hnj1s0003jh09hns3vu4v/status
    - user-agent: Mozilla/5.0 (Macintosh; Intel Mac OS X 10_15_7) AppleWebKit/537.36 (KHTML, like Gecko) HeadlessChrome/151.0.0.0 Safari/537.36
    - accept: */*
    - accept-encoding: gzip,deflate,br
    - cookie: next-auth.session-token=eyJhbGciOiJkaXIiLCJlbmMiOiJBMjU2R0NNIn0.._kKnyoDQZRK8etZx.rM3HusPYp4gXQjieasvKqWyx6j3HU-Tlg2qwCwiQm6fXWzmaGqgGd1nG-fN8qbxyxHjZ71r9cWEfpW4h0GqVlQGzz6UxjN9POBaDwE2Pv42Q7p2Fs-koKO4n6R0qFAIUdnz3clsk5oHcEutzGAl9RPtjchXTL7ZKGFN3jYwQ7u9WlhWEvSoFFrBGsErG_66nBplfVCMSLnWqIPHQjNrILok9H0UnHZaGtEUqbJsvuInT5Bnj96FnmITf4puQ6V8Rv-2tMzwxari6ZHcz-ibzXs50EjEY7R8EQ1FDYu2RmsZxBthI8r3htr4MtGfsMUlB-B9EaxYu0lvNzo2JUXS0nc7_st7LMdIJQRmx-p3gbKGERBnVGBSe0IKQ1rLKI6c4C6lp1GXI_TAZVREaOO1TTq2fYjjZXnOcwktwDjn7zvnxQ9Ii6dsZNmLQPYyKwJL9nofFRFv8Vmn3e2EORBtMzXDUcy1685lYsIBJeSiR_mXg30vYpD907UE.buTkb-S1rrTh_wU3WWmDdA; studio_session=eyJ1c2VySWQiOiJjbXFqOWI0cnQwMDAwbGIwNG90c2l1MzJlIiwibm9uY2UiOiI1MGRhYzc3MGUyOTNiNWY3In0.b7306449df55a57947c3726a6fe0facdc9c904fdc9990d595809309c6724c0b5

{
  "classification": "FAILED",
  "elapsedMs": 13321042,
  "forbiddenHits": []
}
