0 finalizing merging_clips 70 noVideo running repair
1 finalizing merging_clips 70 noVideo running repair
2 finalizing merging_clips 70 noVideo running repair
3 finalizing merging_clips 70 noVideo running repair
4 finalizing merging_clips 70 noVideo running repair
5 finalizing merging_clips 70 noVideo running repair
6 finalizing merging_clips 70 noVideo running repair
7 finalizing merging_clips 70 noVideo running repair
8 finalizing merging_clips 70 noVideo running repair
9 finalizing merging_clips 70 noVideo running repair
prisma:error Error in PostgreSQL connection: Error { kind: Closed, cause: None }
10 finalizing merging_clips 70 noVideo running repair
11 finalizing merging_clips 70 noVideo running repair
12 finalizing merging_clips 70 noVideo running repair
13 finalizing merging_clips 70 noVideo running repair
14 finalizing merging_clips 70 noVideo running repair
15 finalizing merging_clips 70 noVideo running repair
16 finalizing merging_clips 70 noVideo running repair
17 finalizing merging_clips 70 noVideo running repair
18 finalizing merging_clips 70 noVideo running repair
19 finalizing merging_clips 70 noVideo running repair
20 finalizing merging_clips 70 noVideo running repair
21 finalizing merging_clips 70 noVideo running repair
22 finalizing merging_clips 70 noVideo running repair
23 finalizing merging_clips 70 noVideo running repair
24 finalizing merging_clips 70 noVideo running repair
25 finalizing merging_clips 70 noVideo running repair
26 finalizing merging_clips 70 noVideo running repair
27 finalizing merging_clips 70 noVideo running repair
28 finalizing merging_clips 70 noVideo running repair
29 finalizing merging_clips 70 noVideo running repair
30 finalizing merging_clips 70 noVideo running repair
31 finalizing merging_clips 70 noVideo running repair
32 finalizing merging_clips 70 noVideo running repair
33 finalizing merging_clips 70 noVideo running repair
34 finalizing merging_clips 70 noVideo running repair
35 finalizing merging_clips 70 noVideo running repair
36 finalizing merging_clips 70 noVideo running repair
37 finalizing merging_clips 70 noVideo running repair
38 finalizing merging_clips 70 noVideo running repair
39 finalizing merging_clips 70 noVideo running repair
40 finalizing merging_clips 70 noVideo running repair
41 finalizing merging_clips 70 noVideo running repair
42 finalizing merging_clips 70 noVideo running repair
43 finalizing merging_clips 70 noVideo running repair
44 finalizing merging_clips 70 noVideo running repair
45 finalizing merging_clips 70 noVideo running repair
46 finalizing merging_clips 70 noVideo running repair
47 finalizing merging_clips 70 noVideo running repair
48 finalizing merging_clips 70 noVideo running repair
49 finalizing merging_clips 70 noVideo running repair
50 finalizing merging_clips 70 noVideo running repair
51 finalizing merging_clips 70 noVideo running repair
52 finalizing merging_clips 70 noVideo running repair
53 finalizing merging_clips 70 noVideo running repair
54 finalizing merging_clips 70 noVideo running repair
55 finalizing merging_clips 70 noVideo running repair
56 finalizing merging_clips 70 noVideo running repair
57 finalizing merging_clips 70 noVideo running repair
58 finalizing merging_clips 70 noVideo running repair
59 finalizing merging_clips 70 noVideo running repair
60 finalizing merging_clips 70 noVideo running repair
61 finalizing merging_clips 70 noVideo running repair
62 finalizing merging_clips 70 noVideo running rebuild
63 completed completed 100 hasVideo completed idle
{
  "classification": "CERTIFIED",
  "elapsedMs": 446434,
  "forbiddenHits": []
}
