=== Scenario C poll/resume === cmt5izwgu0001gq0444v3ipil
scenes 8 with images [ 0, 1, 2 ]
trigger generate for missing [ 4, 6 ]
  have images for orders [ 0, 2 ]
  have images for orders [ 0, 2 ]
  have images for orders [ 0, 2, 4 ]
  have images for orders [ 0, 2, 4 ]
  have images for orders [ 0, 2, 4 ]
  have images for orders [ 0, 2, 4 ]
  have images for orders [ 0, 2, 4 ]
  have images for orders [ 0, 2, 4, 6 ]
gen client {
  status: 0,
  body: {
    error: 'Error: apiRequestContext.post: read ETIMEDOUT\n' +
      'Call log:\n' +
      '  - → POST https://studio.homecheff.eu/api/studio/storyboards/cmt5izwgu0001gq0444v3ipil/generate-scene-images\n' +
      '    - user-agent: Mozilla/5.0 (Mac'
  }
}
Scene 5 rerender from cmt5j2u1p001tii046l2cojml
C status completed

=== Scenario D ===
[ffmpeg-binaries] {
  ffmpegPath: '/opt/homebrew/opt/ffmpeg-full/bin/ffmpeg',
  ffprobePath: '/opt/homebrew/bin/ffprobe',
  ffmpegExists: true,
  ffprobeExists: true,
  runtime: 'node'
}
D status completed duck { before: null, during: null, afterLvl: null }

DONE {
  "A": "completed",
  "C": "completed",
  "D": "completed",
  "wallet": {
    "available": 485,
    "promotional": 545,
    "reserved": 60,
    "lifetimeSpent": 960
  }
}
