Polling project cmt5hnj1s0003jh09hns3vu4v
  completed completed 100 hasVideo
materialize 200 cmt5iy6tq0001l7048cl7cnvv reused2 true
A completed

=== Scenario C ===
sb 201 {"storyboard":{"id":"cmt5izwgu0001gq0444v3ipil","ownerId":"cmqj9b4rt0000lb04otsiu32e","title":"Pixar cert closeout final","description":"Bounded 8-scene consistency cert","promptStyleProfile":"cinematic","directorProfile":"cinematic","aiDir
apiRequestContext.post: read ETIMEDOUT
Call log:
  - → POST https://studio.homecheff.eu/api/studio/storyboards/cmt5izwgu0001gq0444v3ipil/generate-scene-images
    - user-agent: Mozilla/5.0 (Macintosh; Intel Mac OS X 10_15_7) AppleWebKit/537.36 (KHTML, like Gecko) HeadlessChrome/151.0.0.0 Safari/537.36
    - accept: */*
    - accept-encoding: gzip,deflate,br
    - content-type: application/json
    - content-length: 42
    - cookie: next-auth.session-token=eyJhbGciOiJkaXIiLCJlbmMiOiJBMjU2R0NNIn0.._kKnyoDQZRK8etZx.rM3HusPYp4gXQjieasvKqWyx6j3HU-Tlg2qwCwiQm6fXWzmaGqgGd1nG-fN8qbxyxHjZ71r9cWEfpW4h0GqVlQGzz6UxjN9POBaDwE2Pv42Q7p2Fs-koKO4n6R0qFAIUdnz3clsk5oHcEutzGAl9RPtjchXTL7ZKGFN3jYwQ7u9WlhWEvSoFFrBGsErG_66nBplfVCMSLnWqIPHQjNrILok9H0UnHZaGtEUqbJsvuInT5Bnj96FnmITf4puQ6V8Rv-2tMzwxari6ZHcz-ibzXs50EjEY7R8EQ1FDYu2RmsZxBthI8r3htr4MtGfsMUlB-B9EaxYu0lvNzo2JUXS0nc7_st7LMdIJQRmx-p3gbKGERBnVGBSe0IKQ1rLKI6c4C6lp1GXI_TAZVREaOO1TTq2fYjjZXnOcwktwDjn7zvnxQ9Ii6dsZNmLQPYyKwJL9nofFRFv8Vmn3e2EORBtMzXDUcy1685lYsIBJeSiR_mXg30vYpD907UE.buTkb-S1rrTh_wU3WWmDdA; studio_session=eyJ1c2VySWQiOiJjbXFqOWI0cnQwMDAwbGIwNG90c2l1MzJlIiwibm9uY2UiOiI1MGRhYzc3MGUyOTNiNWY3In0.b7306449df55a57947c3726a6fe0facdc9c904fdc9990d595809309c6724c0b5

    at main (/Users/sergioarrias/HomeCheffProjects/homecheff video ai/scripts/_full-studio-cert-provider-resume.ts:283:37) {
  log: [
    '  - → POST https://studio.homecheff.eu/api/studio/storyboards/cmt5izwgu0001gq0444v3ipil/generate-scene-images',
    '    - user-agent: Mozilla/5.0 (Macintosh; Intel Mac OS X 10_15_7) AppleWebKit/537.36 (KHTML, like Gecko) HeadlessChrome/151.0.0.0 Safari/537.36',
    '    - accept: */*',
    '    - accept-encoding: gzip,deflate,br',
    '    - content-type: application/json',
    '    - content-length: 42',
    '    - cookie: next-auth.session-token=eyJhbGciOiJkaXIiLCJlbmMiOiJBMjU2R0NNIn0.._kKnyoDQZRK8etZx.rM3HusPYp4gXQjieasvKqWyx6j3HU-Tlg2qwCwiQm6fXWzmaGqgGd1nG-fN8qbxyxHjZ71r9cWEfpW4h0GqVlQGzz6UxjN9POBaDwE2Pv42Q7p2Fs-koKO4n6R0qFAIUdnz3clsk5oHcEutzGAl9RPtjchXTL7ZKGFN3jYwQ7u9WlhWEvSoFFrBGsErG_66nBplfVCMSLnWqIPHQjNrILok9H0UnHZaGtEUqbJsvuInT5Bnj96FnmITf4puQ6V8Rv-2tMzwxari6ZHcz-ibzXs50EjEY7R8EQ1FDYu2RmsZxBthI8r3htr4MtGfsMUlB-B9EaxYu0lvNzo2JUXS0nc7_st7LMdIJQRmx-p3gbKGERBnVGBSe0IKQ1rLKI6c4C6lp1GXI_TAZVREaOO1TTq2fYjjZXnOcwktwDjn7zvnxQ9Ii6dsZNmLQPYyKwJL9nofFRFv8Vmn3e2EORBtMzXDUcy1685lYsIBJeSiR_mXg30vYpD907UE.buTkb-S1rrTh_wU3WWmDdA; studio_session=eyJ1c2VySWQiOiJjbXFqOWI0cnQwMDAwbGIwNG90c2l1MzJlIiwibm9uY2UiOiI1MGRhYzc3MGUyOTNiNWY3In0.b7306449df55a57947c3726a6fe0facdc9c904fdc9990d595809309c6724c0b5'
  ],
  name: 'Error'
}
